Archive member included to satisfy reference by file (symbol)

c:/program files (x86)/atmel/studio/7.0/toolchain/avr8/avr8-gnu-toolchain/bin/../lib/gcc/avr/5.4.0/avr5\libgcc.a(_exit.o)
                              C:/Program Files (x86)/Atmel/Studio/7.0/Packs/atmel/ATmega_DFP/1.6.364/gcc/dev/atmega32/avr5/crtatmega32.o (exit)
c:/program files (x86)/atmel/studio/7.0/toolchain/avr8/avr8-gnu-toolchain/bin/../lib/gcc/avr/5.4.0/avr5\libgcc.a(_copy_data.o)
                              App Layer/App.o (__do_copy_data)
c:/program files (x86)/atmel/studio/7.0/toolchain/avr8/avr8-gnu-toolchain/bin/../lib/gcc/avr/5.4.0/avr5\libgcc.a(_clear_bss.o)
                              ECUAL/Terminal Module/Terminal.o (__do_clear_bss)

Discarded input sections

 .data          0x00000000        0x0 C:/Program Files (x86)/Atmel/Studio/7.0/Packs/atmel/ATmega_DFP/1.6.364/gcc/dev/atmega32/avr5/crtatmega32.o
 .bss           0x00000000        0x0 C:/Program Files (x86)/Atmel/Studio/7.0/Packs/atmel/ATmega_DFP/1.6.364/gcc/dev/atmega32/avr5/crtatmega32.o
 .text          0x00000000        0x0 App Layer/App.o
 .data          0x00000000        0x0 App Layer/App.o
 .bss           0x00000000        0x0 App Layer/App.o
 .text          0x00000000        0x0 ECUAL/Terminal Module/StringManipulation.o
 .data          0x00000000        0x0 ECUAL/Terminal Module/StringManipulation.o
 .bss           0x00000000        0x0 ECUAL/Terminal Module/StringManipulation.o
 .text.stringCompare
                0x00000000       0x5e ECUAL/Terminal Module/StringManipulation.o
 .text.Max_String_Num
                0x00000000       0x62 ECUAL/Terminal Module/StringManipulation.o
 .text          0x00000000        0x0 ECUAL/Terminal Module/Terminal.o
 .data          0x00000000        0x0 ECUAL/Terminal Module/Terminal.o
 .bss           0x00000000        0x0 ECUAL/Terminal Module/Terminal.o
 .text.Terminal_Out
                0x00000000       0x36 ECUAL/Terminal Module/Terminal.o
 .text          0x00000000        0x0 main.o
 .data          0x00000000        0x0 main.o
 .bss           0x00000000        0x0 main.o
 .text          0x00000000        0x0 MCAL/Spi Module/Spi.o
 .data          0x00000000        0x0 MCAL/Spi Module/Spi.o
 .bss           0x00000000        0x0 MCAL/Spi Module/Spi.o
 .text.Spi_MasterReceiveByte
                0x00000000       0x24 MCAL/Spi Module/Spi.o
 .text.Spi_EnableNotification
                0x00000000       0x2a MCAL/Spi Module/Spi.o
 .text.Spi_DisableNotification
                0x00000000       0x16 MCAL/Spi Module/Spi.o
 .text.Spi_DataRegister
                0x00000000        0x4 MCAL/Spi Module/Spi.o
 .text          0x00000000        0x0 MCAL/Uart Module/Uart.o
 .data          0x00000000        0x0 MCAL/Uart Module/Uart.o
 .bss           0x00000000        0x0 MCAL/Uart Module/Uart.o
 .text.Uart_sendPacket
                0x00000000       0x4e MCAL/Uart Module/Uart.o
 .text.Uart_receiveByte
                0x00000000       0x1a MCAL/Uart Module/Uart.o
 .text.Uart_receivePacket
                0x00000000       0x4c MCAL/Uart Module/Uart.o
 .text.Uart_EnableNotification_TXC
                0x00000000       0x2a MCAL/Uart Module/Uart.o
 .text.Uart_EnableNotification_UDRE
                0x00000000       0x2a MCAL/Uart Module/Uart.o
 .text.Uart_DisableNotification
                0x00000000       0x18 MCAL/Uart Module/Uart.o
 .text          0x00000000        0x0 c:/program files (x86)/atmel/studio/7.0/toolchain/avr8/avr8-gnu-toolchain/bin/../lib/gcc/avr/5.4.0/avr5\libgcc.a(_exit.o)
 .data          0x00000000        0x0 c:/program files (x86)/atmel/studio/7.0/toolchain/avr8/avr8-gnu-toolchain/bin/../lib/gcc/avr/5.4.0/avr5\libgcc.a(_exit.o)
 .bss           0x00000000        0x0 c:/program files (x86)/atmel/studio/7.0/toolchain/avr8/avr8-gnu-toolchain/bin/../lib/gcc/avr/5.4.0/avr5\libgcc.a(_exit.o)
 .text.libgcc.mul
                0x00000000        0x0 c:/program files (x86)/atmel/studio/7.0/toolchain/avr8/avr8-gnu-toolchain/bin/../lib/gcc/avr/5.4.0/avr5\libgcc.a(_exit.o)
 .text.libgcc.div
                0x00000000        0x0 c:/program files (x86)/atmel/studio/7.0/toolchain/avr8/avr8-gnu-toolchain/bin/../lib/gcc/avr/5.4.0/avr5\libgcc.a(_exit.o)
 .text.libgcc   0x00000000        0x0 c:/program files (x86)/atmel/studio/7.0/toolchain/avr8/avr8-gnu-toolchain/bin/../lib/gcc/avr/5.4.0/avr5\libgcc.a(_exit.o)
 .text.libgcc.prologue
                0x00000000        0x0 c:/program files (x86)/atmel/studio/7.0/toolchain/avr8/avr8-gnu-toolchain/bin/../lib/gcc/avr/5.4.0/avr5\libgcc.a(_exit.o)
 .text.libgcc.builtins
                0x00000000        0x0 c:/program files (x86)/atmel/studio/7.0/toolchain/avr8/avr8-gnu-toolchain/bin/../lib/gcc/avr/5.4.0/avr5\libgcc.a(_exit.o)
 .text.libgcc.fmul
                0x00000000        0x0 c:/program files (x86)/atmel/studio/7.0/toolchain/avr8/avr8-gnu-toolchain/bin/../lib/gcc/avr/5.4.0/avr5\libgcc.a(_exit.o)
 .text.libgcc.fixed
                0x00000000        0x0 c:/program files (x86)/atmel/studio/7.0/toolchain/avr8/avr8-gnu-toolchain/bin/../lib/gcc/avr/5.4.0/avr5\libgcc.a(_exit.o)
 .text          0x00000000        0x0 c:/program files (x86)/atmel/studio/7.0/toolchain/avr8/avr8-gnu-toolchain/bin/../lib/gcc/avr/5.4.0/avr5\libgcc.a(_copy_data.o)
 .data          0x00000000        0x0 c:/program files (x86)/atmel/studio/7.0/toolchain/avr8/avr8-gnu-toolchain/bin/../lib/gcc/avr/5.4.0/avr5\libgcc.a(_copy_data.o)
 .bss           0x00000000        0x0 c:/program files (x86)/atmel/studio/7.0/toolchain/avr8/avr8-gnu-toolchain/bin/../lib/gcc/avr/5.4.0/avr5\libgcc.a(_copy_data.o)
 .text.libgcc.mul
                0x00000000        0x0 c:/program files (x86)/atmel/studio/7.0/toolchain/avr8/avr8-gnu-toolchain/bin/../lib/gcc/avr/5.4.0/avr5\libgcc.a(_copy_data.o)
 .text.libgcc.div
                0x00000000        0x0 c:/program files (x86)/atmel/studio/7.0/toolchain/avr8/avr8-gnu-toolchain/bin/../lib/gcc/avr/5.4.0/avr5\libgcc.a(_copy_data.o)
 .text.libgcc   0x00000000        0x0 c:/program files (x86)/atmel/studio/7.0/toolchain/avr8/avr8-gnu-toolchain/bin/../lib/gcc/avr/5.4.0/avr5\libgcc.a(_copy_data.o)
 .text.libgcc.prologue
                0x00000000        0x0 c:/program files (x86)/atmel/studio/7.0/toolchain/avr8/avr8-gnu-toolchain/bin/../lib/gcc/avr/5.4.0/avr5\libgcc.a(_copy_data.o)
 .text.libgcc.builtins
                0x00000000        0x0 c:/program files (x86)/atmel/studio/7.0/toolchain/avr8/avr8-gnu-toolchain/bin/../lib/gcc/avr/5.4.0/avr5\libgcc.a(_copy_data.o)
 .text.libgcc.fmul
                0x00000000        0x0 c:/program files (x86)/atmel/studio/7.0/toolchain/avr8/avr8-gnu-toolchain/bin/../lib/gcc/avr/5.4.0/avr5\libgcc.a(_copy_data.o)
 .text.libgcc.fixed
                0x00000000        0x0 c:/program files (x86)/atmel/studio/7.0/toolchain/avr8/avr8-gnu-toolchain/bin/../lib/gcc/avr/5.4.0/avr5\libgcc.a(_copy_data.o)
 .text          0x00000000        0x0 c:/program files (x86)/atmel/studio/7.0/toolchain/avr8/avr8-gnu-toolchain/bin/../lib/gcc/avr/5.4.0/avr5\libgcc.a(_clear_bss.o)
 .data          0x00000000        0x0 c:/program files (x86)/atmel/studio/7.0/toolchain/avr8/avr8-gnu-toolchain/bin/../lib/gcc/avr/5.4.0/avr5\libgcc.a(_clear_bss.o)
 .bss           0x00000000        0x0 c:/program files (x86)/atmel/studio/7.0/toolchain/avr8/avr8-gnu-toolchain/bin/../lib/gcc/avr/5.4.0/avr5\libgcc.a(_clear_bss.o)
 .text.libgcc.mul
                0x00000000        0x0 c:/program files (x86)/atmel/studio/7.0/toolchain/avr8/avr8-gnu-toolchain/bin/../lib/gcc/avr/5.4.0/avr5\libgcc.a(_clear_bss.o)
 .text.libgcc.div
                0x00000000        0x0 c:/program files (x86)/atmel/studio/7.0/toolchain/avr8/avr8-gnu-toolchain/bin/../lib/gcc/avr/5.4.0/avr5\libgcc.a(_clear_bss.o)
 .text.libgcc   0x00000000        0x0 c:/program files (x86)/atmel/studio/7.0/toolchain/avr8/avr8-gnu-toolchain/bin/../lib/gcc/avr/5.4.0/avr5\libgcc.a(_clear_bss.o)
 .text.libgcc.prologue
                0x00000000        0x0 c:/program files (x86)/atmel/studio/7.0/toolchain/avr8/avr8-gnu-toolchain/bin/../lib/gcc/avr/5.4.0/avr5\libgcc.a(_clear_bss.o)
 .text.libgcc.builtins
                0x00000000        0x0 c:/program files (x86)/atmel/studio/7.0/toolchain/avr8/avr8-gnu-toolchain/bin/../lib/gcc/avr/5.4.0/avr5\libgcc.a(_clear_bss.o)
 .text.libgcc.fmul
                0x00000000        0x0 c:/program files (x86)/atmel/studio/7.0/toolchain/avr8/avr8-gnu-toolchain/bin/../lib/gcc/avr/5.4.0/avr5\libgcc.a(_clear_bss.o)
 .text.libgcc.fixed
                0x00000000        0x0 c:/program files (x86)/atmel/studio/7.0/toolchain/avr8/avr8-gnu-toolchain/bin/../lib/gcc/avr/5.4.0/avr5\libgcc.a(_clear_bss.o)

Memory Configuration

Name             Origin             Length             Attributes
text             0x00000000         0x00008000         xr
data             0x00800060         0x00000800         rw !x
eeprom           0x00810000         0x00000400         rw !x
fuse             0x00820000         0x00000002         rw !x
lock             0x00830000         0x00000400         rw !x
signature        0x00840000         0x00000400         rw !x
user_signatures  0x00850000         0x00000400         rw !x
*default*        0x00000000         0xffffffff

Linker script and memory map

LOAD C:/Program Files (x86)/Atmel/Studio/7.0/Packs/atmel/ATmega_DFP/1.6.364/gcc/dev/atmega32/avr5/crtatmega32.o
LOAD App Layer/App.o
LOAD ECUAL/Terminal Module/StringManipulation.o
LOAD ECUAL/Terminal Module/Terminal.o
LOAD main.o
LOAD MCAL/Spi Module/Spi.o
LOAD MCAL/Uart Module/Uart.o
START GROUP
LOAD c:/program files (x86)/atmel/studio/7.0/toolchain/avr8/avr8-gnu-toolchain/bin/../lib/gcc/avr/5.4.0/../../../../avr/lib/avr5\libm.a
END GROUP
START GROUP
LOAD c:/program files (x86)/atmel/studio/7.0/toolchain/avr8/avr8-gnu-toolchain/bin/../lib/gcc/avr/5.4.0/avr5\libgcc.a
LOAD c:/program files (x86)/atmel/studio/7.0/toolchain/avr8/avr8-gnu-toolchain/bin/../lib/gcc/avr/5.4.0/../../../../avr/lib/avr5\libm.a
LOAD c:/program files (x86)/atmel/studio/7.0/toolchain/avr8/avr8-gnu-toolchain/bin/../lib/gcc/avr/5.4.0/../../../../avr/lib/avr5\libc.a
LOAD C:/Program Files (x86)/Atmel/Studio/7.0/Packs/atmel/ATmega_DFP/1.6.364/gcc/dev/atmega32/avr5\libatmega32.a
END GROUP
                0x00000000                __TEXT_REGION_ORIGIN__ = DEFINED (__TEXT_REGION_ORIGIN__)?__TEXT_REGION_ORIGIN__:0x0
                [0x00800060]                __DATA_REGION_ORIGIN__ = DEFINED (__DATA_REGION_ORIGIN__)?__DATA_REGION_ORIGIN__:0x800060
                [0x00008000]                __TEXT_REGION_LENGTH__ = DEFINED (__TEXT_REGION_LENGTH__)?__TEXT_REGION_LENGTH__:0x20000
                [0x00000800]                __DATA_REGION_LENGTH__ = DEFINED (__DATA_REGION_LENGTH__)?__DATA_REGION_LENGTH__:0xffa0
                [0x00000400]                __EEPROM_REGION_LENGTH__ = DEFINED (__EEPROM_REGION_LENGTH__)?__EEPROM_REGION_LENGTH__:0x10000
                [0x00000002]                __FUSE_REGION_LENGTH__ = DEFINED (__FUSE_REGION_LENGTH__)?__FUSE_REGION_LENGTH__:0x400
                0x00000400                __LOCK_REGION_LENGTH__ = DEFINED (__LOCK_REGION_LENGTH__)?__LOCK_REGION_LENGTH__:0x400
                0x00000400                __SIGNATURE_REGION_LENGTH__ = DEFINED (__SIGNATURE_REGION_LENGTH__)?__SIGNATURE_REGION_LENGTH__:0x400
                0x00000400                __USER_SIGNATURE_REGION_LENGTH__ = DEFINED (__USER_SIGNATURE_REGION_LENGTH__)?__USER_SIGNATURE_REGION_LENGTH__:0x400

.hash
 *(.hash)

.dynsym
 *(.dynsym)

.dynstr
 *(.dynstr)

.gnu.version
 *(.gnu.version)

.gnu.version_d
 *(.gnu.version_d)

.gnu.version_r
 *(.gnu.version_r)

.rel.init
 *(.rel.init)

.rela.init
 *(.rela.init)

.rel.text
 *(.rel.text)
 *(.rel.text.*)
 *(.rel.gnu.linkonce.t*)

.rela.text
 *(.rela.text)
 *(.rela.text.*)
 *(.rela.gnu.linkonce.t*)

.rel.fini
 *(.rel.fini)

.rela.fini
 *(.rela.fini)

.rel.rodata
 *(.rel.rodata)
 *(.rel.rodata.*)
 *(.rel.gnu.linkonce.r*)

.rela.rodata
 *(.rela.rodata)
 *(.rela.rodata.*)
 *(.rela.gnu.linkonce.r*)

.rel.data
 *(.rel.data)
 *(.rel.data.*)
 *(.rel.gnu.linkonce.d*)

.rela.data
 *(.rela.data)
 *(.rela.data.*)
 *(.rela.gnu.linkonce.d*)

.rel.ctors
 *(.rel.ctors)

.rela.ctors
 *(.rela.ctors)

.rel.dtors
 *(.rel.dtors)

.rela.dtors
 *(.rela.dtors)

.rel.got
 *(.rel.got)

.rela.got
 *(.rela.got)

.rel.bss
 *(.rel.bss)

.rela.bss
 *(.rela.bss)

.rel.plt
 *(.rel.plt)

.rela.plt
 *(.rela.plt)

.text           0x00000000      0x4f2
 *(.vectors)
 .vectors       0x00000000       0x54 C:/Program Files (x86)/Atmel/Studio/7.0/Packs/atmel/ATmega_DFP/1.6.364/gcc/dev/atmega32/avr5/crtatmega32.o
                0x00000000                __vector_default
                0x00000000                __vectors
 *(.vectors)
 *(.progmem.gcc*)
                0x00000054                . = ALIGN (0x2)
                0x00000054                __trampolines_start = .
 *(.trampolines)
 .trampolines   0x00000054        0x0 linker stubs
 *(.trampolines*)
                0x00000054                __trampolines_end = .
 *libprintf_flt.a:*(.progmem.data)
 *libc.a:*(.progmem.data)
 *(.progmem*)
                0x00000054                . = ALIGN (0x2)
 *(.jumptables)
 *(.jumptables*)
 *(.lowtext)
 *(.lowtext*)
                0x00000054                __ctors_start = .
 *(.ctors)
                0x00000054                __ctors_end = .
                0x00000054                __dtors_start = .
 *(.dtors)
                0x00000054                __dtors_end = .
 SORT(*)(.ctors)
 SORT(*)(.dtors)
 *(.init0)
 .init0         0x00000054        0x0 C:/Program Files (x86)/Atmel/Studio/7.0/Packs/atmel/ATmega_DFP/1.6.364/gcc/dev/atmega32/avr5/crtatmega32.o
                0x00000054                __init
 *(.init0)
 *(.init1)
 *(.init1)
 *(.init2)
 .init2         0x00000054        0xc C:/Program Files (x86)/Atmel/Studio/7.0/Packs/atmel/ATmega_DFP/1.6.364/gcc/dev/atmega32/avr5/crtatmega32.o
 *(.init2)
 *(.init3)
 *(.init3)
 *(.init4)
 .init4         0x00000060       0x16 c:/program files (x86)/atmel/studio/7.0/toolchain/avr8/avr8-gnu-toolchain/bin/../lib/gcc/avr/5.4.0/avr5\libgcc.a(_copy_data.o)
                0x00000060                __do_copy_data
 .init4         0x00000076       0x10 c:/program files (x86)/atmel/studio/7.0/toolchain/avr8/avr8-gnu-toolchain/bin/../lib/gcc/avr/5.4.0/avr5\libgcc.a(_clear_bss.o)
                0x00000076                __do_clear_bss
 *(.init4)
 *(.init5)
 *(.init5)
 *(.init6)
 *(.init6)
 *(.init7)
 *(.init7)
 *(.init8)
 *(.init8)
 *(.init9)
 .init9         0x00000086        0x8 C:/Program Files (x86)/Atmel/Studio/7.0/Packs/atmel/ATmega_DFP/1.6.364/gcc/dev/atmega32/avr5/crtatmega32.o
 *(.init9)
 *(.text)
 .text          0x0000008e        0x4 C:/Program Files (x86)/Atmel/Studio/7.0/Packs/atmel/ATmega_DFP/1.6.364/gcc/dev/atmega32/avr5/crtatmega32.o
                0x0000008e                __vector_1
                0x0000008e                __bad_interrupt
                0x0000008e                __vector_6
                0x0000008e                __vector_3
                0x0000008e                __vector_11
                0x0000008e                __vector_17
                0x0000008e                __vector_19
                0x0000008e                __vector_7
                0x0000008e                __vector_5
                0x0000008e                __vector_4
                0x0000008e                __vector_9
                0x0000008e                __vector_2
                0x0000008e                __vector_8
                0x0000008e                __vector_10
                0x0000008e                __vector_16
                0x0000008e                __vector_18
                0x0000008e                __vector_20
                0x00000092                . = ALIGN (0x2)
 *(.text.*)
 .text.App_init
                0x00000092       0x2a App Layer/App.o
                0x00000092                App_init
 .text.App_update
                0x000000bc       0x82 App Layer/App.o
                0x000000bc                App_update
 .text.App_start
                0x0000013e       0x1a App Layer/App.o
                0x0000013e                App_start
 .text.stringLength
                0x00000158       0x18 ECUAL/Terminal Module/StringManipulation.o
                0x00000158                stringLength
 .text.EmptyString
                0x00000170       0x18 ECUAL/Terminal Module/StringManipulation.o
                0x00000170                EmptyString
 .text.stringCopy
                0x00000188       0x22 ECUAL/Terminal Module/StringManipulation.o
                0x00000188                stringCopy
 .text.Uart_RXC_ISR
                0x000001aa       0x64 ECUAL/Terminal Module/Terminal.o
                0x000001aa                Uart_RXC_ISR
 .text.Terminal_init
                0x0000020e       0x2a ECUAL/Terminal Module/Terminal.o
                0x0000020e                Terminal_init
 .text.Terminal_In
                0x00000238       0x36 ECUAL/Terminal Module/Terminal.o
                0x00000238                Terminal_In
 .text.main     0x0000026e        0x6 main.o
                0x0000026e                main
 .text.Spi_init
                0x00000274       0x5c MCAL/Spi Module/Spi.o
                0x00000274                Spi_init
 .text.Spi_MasterSendByte
                0x000002d0       0x2a MCAL/Spi Module/Spi.o
                0x000002d0                Spi_MasterSendByte
 .text.Spi_MasterSendPacket
                0x000002fa       0x4c MCAL/Spi Module/Spi.o
                0x000002fa                Spi_MasterSendPacket
 .text.__vector_12
                0x00000346       0x4e MCAL/Spi Module/Spi.o
                0x00000346                __vector_12
 .text.Uart_init
                0x00000394       0x2c MCAL/Uart Module/Uart.o
                0x00000394                Uart_init
 .text.Uart_sendByte
                0x000003c0       0x16 MCAL/Uart Module/Uart.o
                0x000003c0                Uart_sendByte
 .text.Uart_EnableNotification_RXC
                0x000003d6       0x2a MCAL/Uart Module/Uart.o
                0x000003d6                Uart_EnableNotification_RXC
 .text.Uart_DataRegister
                0x00000400        0x4 MCAL/Uart Module/Uart.o
                0x00000400                Uart_DataRegister
 .text.__vector_15
                0x00000404       0x4e MCAL/Uart Module/Uart.o
                0x00000404                __vector_15
 .text.__vector_13
                0x00000452       0x4e MCAL/Uart Module/Uart.o
                0x00000452                __vector_13
 .text.__vector_14
                0x000004a0       0x4e MCAL/Uart Module/Uart.o
                0x000004a0                __vector_14
                0x000004ee                . = ALIGN (0x2)
 *(.fini9)
 .fini9         0x000004ee        0x0 c:/program files (x86)/atmel/studio/7.0/toolchain/avr8/avr8-gnu-toolchain/bin/../lib/gcc/avr/5.4.0/avr5\libgcc.a(_exit.o)
                0x000004ee                _exit
                0x000004ee                exit
 *(.fini9)
 *(.fini8)
 *(.fini8)
 *(.fini7)
 *(.fini7)
 *(.fini6)
 *(.fini6)
 *(.fini5)
 *(.fini5)
 *(.fini4)
 *(.fini4)
 *(.fini3)
 *(.fini3)
 *(.fini2)
 *(.fini2)
 *(.fini1)
 *(.fini1)
 *(.fini0)
 .fini0         0x000004ee        0x4 c:/program files (x86)/atmel/studio/7.0/toolchain/avr8/avr8-gnu-toolchain/bin/../lib/gcc/avr/5.4.0/avr5\libgcc.a(_exit.o)
 *(.fini0)
                0x000004f2                _etext = .

.data           0x00800060        0x4 load address 0x000004f2
                0x00800060                PROVIDE (__data_start, .)
 *(.data)
 *(.data*)
 .data.enuCurrentAppStatus
                0x00800060        0x1 App Layer/App.o
 .data.genu_TerminalModuleState
                0x00800061        0x1 ECUAL/Terminal Module/Terminal.o
 .data.genuSpi_Status
                0x00800062        0x1 MCAL/Spi Module/Spi.o
 *(.gnu.linkonce.d*)
 *(.rodata)
 *(.rodata*)
 *(.gnu.linkonce.r*)
                0x00800064                . = ALIGN (0x2)
 *fill*         0x00800063        0x1 
                0x00800064                _edata = .
                0x00800064                PROVIDE (__data_end, .)

.bss            0x00800064      0x10a
                0x00800064                PROVIDE (__bss_start, .)
 *(.bss)
 *(.bss*)
 .bss.gu8_flag  0x00800064        0x1 ECUAL/Terminal Module/Terminal.o
                0x00800064                gu8_flag
 .bss.gu8_counter
                0x00800065        0x1 ECUAL/Terminal Module/Terminal.o
                0x00800065                gu8_counter
 .bss.gau8_data
                0x00800066       0xff ECUAL/Terminal Module/Terminal.o
                0x00800066                gau8_data
 .bss.SPI_STC_CallBackPtr
                0x00800165        0x2 MCAL/Spi Module/Spi.o
 .bss.u8_Uart_Status
                0x00800167        0x1 MCAL/Uart Module/Uart.o
 .bss.Uart_UDRE_CallBackPtr
                0x00800168        0x2 MCAL/Uart Module/Uart.o
 .bss.Uart_RXC_CallBackPtr
                0x0080016a        0x2 MCAL/Uart Module/Uart.o
 .bss.Uart_TXC_CallBackPtr
                0x0080016c        0x2 MCAL/Uart Module/Uart.o
 *(COMMON)
                0x0080016e                PROVIDE (__bss_end, .)
                0x000004f2                __data_load_start = LOADADDR (.data)
                0x000004f6                __data_load_end = (__data_load_start + SIZEOF (.data))

.noinit         0x0080016e        0x0
                [!provide]                PROVIDE (__noinit_start, .)
 *(.noinit*)
                [!provide]                PROVIDE (__noinit_end, .)
                0x0080016e                _end = .
                [!provide]                PROVIDE (__heap_start, .)

.eeprom         0x00810000        0x0
 *(.eeprom*)
                0x00810000                __eeprom_end = .

.fuse
 *(.fuse)
 *(.lfuse)
 *(.hfuse)
 *(.efuse)

.lock
 *(.lock*)

.signature
 *(.signature*)

.user_signatures
 *(.user_signatures*)

.stab
 *(.stab)

.stabstr
 *(.stabstr)

.stab.excl
 *(.stab.excl)

.stab.exclstr
 *(.stab.exclstr)

.stab.index
 *(.stab.index)

.stab.indexstr
 *(.stab.indexstr)

.comment        0x00000000       0x30
 *(.comment)
 .comment       0x00000000       0x30 App Layer/App.o
                                 0x31 (size before relaxing)
 .comment       0x00000030       0x31 ECUAL/Terminal Module/StringManipulation.o
 .comment       0x00000030       0x31 ECUAL/Terminal Module/Terminal.o
 .comment       0x00000030       0x31 main.o
 .comment       0x00000030       0x31 MCAL/Spi Module/Spi.o
 .comment       0x00000030       0x31 MCAL/Uart Module/Uart.o

.note.gnu.avr.deviceinfo
                0x00000000       0x3c
 .note.gnu.avr.deviceinfo
                0x00000000       0x3c C:/Program Files (x86)/Atmel/Studio/7.0/Packs/atmel/ATmega_DFP/1.6.364/gcc/dev/atmega32/avr5/crtatmega32.o

.note.gnu.build-id
 *(.note.gnu.build-id)

.debug
 *(.debug)

.line
 *(.line)

.debug_srcinfo
 *(.debug_srcinfo)

.debug_sfnames
 *(.debug_sfnames)

.debug_aranges  0x00000000      0x1a0
 *(.debug_aranges)
 .debug_aranges
                0x00000000       0x30 App Layer/App.o
 .debug_aranges
                0x00000030       0x40 ECUAL/Terminal Module/StringManipulation.o
 .debug_aranges
                0x00000070       0x38 ECUAL/Terminal Module/Terminal.o
 .debug_aranges
                0x000000a8       0x20 main.o
 .debug_aranges
                0x000000c8       0x58 MCAL/Spi Module/Spi.o
 .debug_aranges
                0x00000120       0x80 MCAL/Uart Module/Uart.o

.debug_pubnames
 *(.debug_pubnames)

.debug_info     0x00000000     0x13f5
 *(.debug_info .gnu.linkonce.wi.*)
 .debug_info    0x00000000      0x4e6 C:/Program Files (x86)/Atmel/Studio/7.0/Packs/atmel/ATmega_DFP/1.6.364/gcc/dev/atmega32/avr5/crtatmega32.o
 .debug_info    0x000004e6      0x295 App Layer/App.o
 .debug_info    0x0000077b      0x244 ECUAL/Terminal Module/StringManipulation.o
 .debug_info    0x000009bf      0x32e ECUAL/Terminal Module/Terminal.o
 .debug_info    0x00000ced       0xb4 main.o
 .debug_info    0x00000da1      0x26a MCAL/Spi Module/Spi.o
 .debug_info    0x0000100b      0x3ea MCAL/Uart Module/Uart.o

.debug_abbrev   0x00000000      0xb09
 *(.debug_abbrev)
 .debug_abbrev  0x00000000      0x4a3 C:/Program Files (x86)/Atmel/Studio/7.0/Packs/atmel/ATmega_DFP/1.6.364/gcc/dev/atmega32/avr5/crtatmega32.o
 .debug_abbrev  0x000004a3       0xfa App Layer/App.o
 .debug_abbrev  0x0000059d       0xfd ECUAL/Terminal Module/StringManipulation.o
 .debug_abbrev  0x0000069a      0x13d ECUAL/Terminal Module/Terminal.o
 .debug_abbrev  0x000007d7       0x68 main.o
 .debug_abbrev  0x0000083f      0x144 MCAL/Spi Module/Spi.o
 .debug_abbrev  0x00000983      0x186 MCAL/Uart Module/Uart.o

.debug_line     0x00000000      0xc65
 *(.debug_line .debug_line.* .debug_line_end)
 .debug_line    0x00000000      0x116 C:/Program Files (x86)/Atmel/Studio/7.0/Packs/atmel/ATmega_DFP/1.6.364/gcc/dev/atmega32/avr5/crtatmega32.o
 .debug_line    0x00000116      0x1b2 App Layer/App.o
 .debug_line    0x000002c8      0x1c5 ECUAL/Terminal Module/StringManipulation.o
 .debug_line    0x0000048d      0x20e ECUAL/Terminal Module/Terminal.o
 .debug_line    0x0000069b       0x57 main.o
 .debug_line    0x000006f2      0x258 MCAL/Spi Module/Spi.o
 .debug_line    0x0000094a      0x31b MCAL/Uart Module/Uart.o

.debug_frame    0x00000000      0x480
 *(.debug_frame)
 .debug_frame   0x00000000       0x58 App Layer/App.o
 .debug_frame   0x00000058       0x94 ECUAL/Terminal Module/StringManipulation.o
 .debug_frame   0x000000ec       0x6c ECUAL/Terminal Module/Terminal.o
 .debug_frame   0x00000158       0x24 main.o
 .debug_frame   0x0000017c      0x108 MCAL/Spi Module/Spi.o
 .debug_frame   0x00000284      0x1fc MCAL/Uart Module/Uart.o

.debug_str      0x00000000      0xb07
 *(.debug_str)
 .debug_str     0x00000000      0x196 C:/Program Files (x86)/Atmel/Studio/7.0/Packs/atmel/ATmega_DFP/1.6.364/gcc/dev/atmega32/avr5/crtatmega32.o
 .debug_str     0x00000196      0x42e App Layer/App.o
                                0x462 (size before relaxing)
 .debug_str     0x000005c4       0xa5 ECUAL/Terminal Module/StringManipulation.o
                                0x24a (size before relaxing)
 .debug_str     0x00000669      0x1cc ECUAL/Terminal Module/Terminal.o
                                0x45a (size before relaxing)
 .debug_str     0x00000835       0x11 main.o
                                0x1ab (size before relaxing)
 .debug_str     0x00000846      0x113 MCAL/Spi Module/Spi.o
                                0x3a0 (size before relaxing)
 .debug_str     0x00000959      0x1ae MCAL/Uart Module/Uart.o
                                0x490 (size before relaxing)

.debug_loc      0x00000000      0xdc3
 *(.debug_loc)
 .debug_loc     0x00000000       0x71 App Layer/App.o
 .debug_loc     0x00000071      0x2cf ECUAL/Terminal Module/StringManipulation.o
 .debug_loc     0x00000340      0x136 ECUAL/Terminal Module/Terminal.o
 .debug_loc     0x00000476      0x322 MCAL/Spi Module/Spi.o
 .debug_loc     0x00000798      0x62b MCAL/Uart Module/Uart.o

.debug_macinfo
 *(.debug_macinfo)

.debug_weaknames
 *(.debug_weaknames)

.debug_funcnames
 *(.debug_funcnames)

.debug_typenames
 *(.debug_typenames)

.debug_varnames
 *(.debug_varnames)

.debug_pubtypes
 *(.debug_pubtypes)

.debug_ranges   0x00000000      0x140
 *(.debug_ranges)
 .debug_ranges  0x00000000       0x20 App Layer/App.o
 .debug_ranges  0x00000020       0x30 ECUAL/Terminal Module/StringManipulation.o
 .debug_ranges  0x00000050       0x28 ECUAL/Terminal Module/Terminal.o
 .debug_ranges  0x00000078       0x10 main.o
 .debug_ranges  0x00000088       0x48 MCAL/Spi Module/Spi.o
 .debug_ranges  0x000000d0       0x70 MCAL/Uart Module/Uart.o

.debug_macro
 *(.debug_macro)
OUTPUT(Sender_MCU.elf elf32-avr)
LOAD linker stubs
