Archive member included to satisfy reference by file (symbol)

c:/program files (x86)/atmel/studio/7.0/toolchain/avr8/avr8-gnu-toolchain/bin/../lib/gcc/avr/5.4.0/../../../../avr/lib/avr5\libm.a(addsf3.o)
                              APPL/App.o (__subsf3)
c:/program files (x86)/atmel/studio/7.0/toolchain/avr8/avr8-gnu-toolchain/bin/../lib/gcc/avr/5.4.0/../../../../avr/lib/avr5\libm.a(addsf3x.o)
                              c:/program files (x86)/atmel/studio/7.0/toolchain/avr8/avr8-gnu-toolchain/bin/../lib/gcc/avr/5.4.0/../../../../avr/lib/avr5\libm.a(addsf3.o) (__addsf3x)
c:/program files (x86)/atmel/studio/7.0/toolchain/avr8/avr8-gnu-toolchain/bin/../lib/gcc/avr/5.4.0/../../../../avr/lib/avr5\libm.a(cmpsf2.o)
                              APPL/App.o (__ltsf2)
c:/program files (x86)/atmel/studio/7.0/toolchain/avr8/avr8-gnu-toolchain/bin/../lib/gcc/avr/5.4.0/../../../../avr/lib/avr5\libm.a(divsf3.o)
                              MCAL/StringManipulation.o (__divsf3)
c:/program files (x86)/atmel/studio/7.0/toolchain/avr8/avr8-gnu-toolchain/bin/../lib/gcc/avr/5.4.0/../../../../avr/lib/avr5\libm.a(divsf3x.o)
                              c:/program files (x86)/atmel/studio/7.0/toolchain/avr8/avr8-gnu-toolchain/bin/../lib/gcc/avr/5.4.0/../../../../avr/lib/avr5\libm.a(divsf3.o) (__divsf3x)
c:/program files (x86)/atmel/studio/7.0/toolchain/avr8/avr8-gnu-toolchain/bin/../lib/gcc/avr/5.4.0/../../../../avr/lib/avr5\libm.a(fixunssfsi.o)
                              MCAL/Adc Module/Adc.o (__fixunssfsi)
c:/program files (x86)/atmel/studio/7.0/toolchain/avr8/avr8-gnu-toolchain/bin/../lib/gcc/avr/5.4.0/../../../../avr/lib/avr5\libm.a(floatsisf.o)
                              MCAL/Adc Module/Adc.o (__floatunsisf)
c:/program files (x86)/atmel/studio/7.0/toolchain/avr8/avr8-gnu-toolchain/bin/../lib/gcc/avr/5.4.0/../../../../avr/lib/avr5\libm.a(fp_cmp.o)
                              c:/program files (x86)/atmel/studio/7.0/toolchain/avr8/avr8-gnu-toolchain/bin/../lib/gcc/avr/5.4.0/../../../../avr/lib/avr5\libm.a(cmpsf2.o) (__fp_cmp)
c:/program files (x86)/atmel/studio/7.0/toolchain/avr8/avr8-gnu-toolchain/bin/../lib/gcc/avr/5.4.0/../../../../avr/lib/avr5\libm.a(fp_inf.o)
                              c:/program files (x86)/atmel/studio/7.0/toolchain/avr8/avr8-gnu-toolchain/bin/../lib/gcc/avr/5.4.0/../../../../avr/lib/avr5\libm.a(addsf3x.o) (__fp_inf)
c:/program files (x86)/atmel/studio/7.0/toolchain/avr8/avr8-gnu-toolchain/bin/../lib/gcc/avr/5.4.0/../../../../avr/lib/avr5\libm.a(fp_nan.o)
                              c:/program files (x86)/atmel/studio/7.0/toolchain/avr8/avr8-gnu-toolchain/bin/../lib/gcc/avr/5.4.0/../../../../avr/lib/avr5\libm.a(addsf3x.o) (__fp_nan)
c:/program files (x86)/atmel/studio/7.0/toolchain/avr8/avr8-gnu-toolchain/bin/../lib/gcc/avr/5.4.0/../../../../avr/lib/avr5\libm.a(fp_pscA.o)
                              c:/program files (x86)/atmel/studio/7.0/toolchain/avr8/avr8-gnu-toolchain/bin/../lib/gcc/avr/5.4.0/../../../../avr/lib/avr5\libm.a(addsf3x.o) (__fp_pscA)
c:/program files (x86)/atmel/studio/7.0/toolchain/avr8/avr8-gnu-toolchain/bin/../lib/gcc/avr/5.4.0/../../../../avr/lib/avr5\libm.a(fp_pscB.o)
                              c:/program files (x86)/atmel/studio/7.0/toolchain/avr8/avr8-gnu-toolchain/bin/../lib/gcc/avr/5.4.0/../../../../avr/lib/avr5\libm.a(addsf3x.o) (__fp_pscB)
c:/program files (x86)/atmel/studio/7.0/toolchain/avr8/avr8-gnu-toolchain/bin/../lib/gcc/avr/5.4.0/../../../../avr/lib/avr5\libm.a(fp_round.o)
                              c:/program files (x86)/atmel/studio/7.0/toolchain/avr8/avr8-gnu-toolchain/bin/../lib/gcc/avr/5.4.0/../../../../avr/lib/avr5\libm.a(addsf3.o) (__fp_round)
c:/program files (x86)/atmel/studio/7.0/toolchain/avr8/avr8-gnu-toolchain/bin/../lib/gcc/avr/5.4.0/../../../../avr/lib/avr5\libm.a(fp_split3.o)
                              c:/program files (x86)/atmel/studio/7.0/toolchain/avr8/avr8-gnu-toolchain/bin/../lib/gcc/avr/5.4.0/../../../../avr/lib/avr5\libm.a(addsf3x.o) (__fp_split3)
c:/program files (x86)/atmel/studio/7.0/toolchain/avr8/avr8-gnu-toolchain/bin/../lib/gcc/avr/5.4.0/../../../../avr/lib/avr5\libm.a(fp_zero.o)
                              c:/program files (x86)/atmel/studio/7.0/toolchain/avr8/avr8-gnu-toolchain/bin/../lib/gcc/avr/5.4.0/../../../../avr/lib/avr5\libm.a(addsf3x.o) (__fp_zero)
c:/program files (x86)/atmel/studio/7.0/toolchain/avr8/avr8-gnu-toolchain/bin/../lib/gcc/avr/5.4.0/../../../../avr/lib/avr5\libm.a(mulsf3.o)
                              MCAL/Adc Module/Adc.o (__mulsf3)
c:/program files (x86)/atmel/studio/7.0/toolchain/avr8/avr8-gnu-toolchain/bin/../lib/gcc/avr/5.4.0/../../../../avr/lib/avr5\libm.a(mulsf3x.o)
                              c:/program files (x86)/atmel/studio/7.0/toolchain/avr8/avr8-gnu-toolchain/bin/../lib/gcc/avr/5.4.0/../../../../avr/lib/avr5\libm.a(mulsf3.o) (__mulsf3x)
c:/program files (x86)/atmel/studio/7.0/toolchain/avr8/avr8-gnu-toolchain/bin/../lib/gcc/avr/5.4.0/avr5\libgcc.a(_divmodhi4.o)
[...]
Memory Configuration

Name             Origin             Length             Attributes
text             0x00000000         0x00008000         xr
data             0x00800060         0x00000800         rw !x
eeprom           0x00810000         0x00000400         rw !x
fuse             0x00820000         0x00000002         rw !x
lock             0x00830000         0x00000400         rw !x
signature        0x00840000         0x00000400         rw !x
user_signatures  0x00850000         0x00000400         rw !x
*default*        0x00000000         0xffffffff

Linker script and memory map

LOAD C:/Program Files (x86)/Atmel/Studio/7.0/Packs/atmel/ATmega_DFP/1.6.364/gcc/dev/atmega32/avr5/crtatmega32.o
LOAD APPL/App.o
LOAD ECUAL/Button Module/Button.o
LOAD ECUAL/Button Module/Button_Cfg.o
LOAD ECUAL/Eeprom_I2C Module/Eeprom_24.o
LOAD ECUAL/Keypad Module/Keypad.o
LOAD ECUAL/Keypad Module/Keypad_Cfg.o
LOAD ECUAL/Lcd Module/Lcd.o
LOAD ECUAL/LM35 Module/LM35.o
LOAD ECUAL/Motor Module/Motor.o
LOAD ECUAL/Motor Module/Motor_Cfg.o
LOAD ECUAL/Terminal Module/Terminal.o
LOAD main.o
LOAD MCAL/Adc Module/Adc.o
LOAD MCAL/Adc Module/Adc_Cfg.o
LOAD MCAL/Delay Module/Delay.o
LOAD MCAL/Dio Module/Dio.o
LOAD MCAL/Dio Module/Dio_Cfg.o
LOAD MCAL/Ext Interrupt Module/Ext_INT.o
LOAD MCAL/Gpt Module/Gpt.o
LOAD MCAL/Gpt Module/Gpt_Cfg.o
LOAD MCAL/I2C Module/I2C.o
LOAD MCAL/Spi Module/Spi.o
LOAD MCAL/StringManipulation.o
LOAD MCAL/SWPwm Module/SWPwm.o
LOAD MCAL/SWPwm Module/SWPwm_Cfg.o
LOAD MCAL/Uart Module/Uart.o
START GROUP
LOAD c:/program files (x86)/atmel/studio/7.0/toolchain/avr8/avr8-gnu-toolchain/bin/../lib/gcc/avr/5.4.0/../../../../avr/lib/avr5\libm.a
END GROUP
START GROUP
LOAD c:/program files (x86)/atmel/studio/7.0/toolchain/avr8/avr8-gnu-toolchain/bin/../lib/gcc/avr/5.4.0/avr5\libgcc.a
LOAD c:/program files (x86)/atmel/studio/7.0/toolchain/avr8/avr8-gnu-toolchain/bin/../lib/gcc/avr/5.4.0/../../../../avr/lib/avr5\libm.a
LOAD c:/program files (x86)/atmel/studio/7.0/toolchain/avr8/avr8-gnu-toolchain/bin/../lib/gcc/avr/5.4.0/../../../../avr/lib/avr5\libc.a
LOAD C:/Program Files (x86)/Atmel/Studio/7.0/Packs/atmel/ATmega_DFP/1.6.364/gcc/dev/atmega32/avr5\libatmega32.a
END GROUP
                0x00000000                __TEXT_REGION_ORIGIN__ = DEFINED (__TEXT_REGION_ORIGIN__)?__TEXT_REGION_ORIGIN__:0x0
                [0x00800060]                __DATA_REGION_ORIGIN__ = DEFINED (__DATA_REGION_ORIGIN__)?__DATA_REGION_ORIGIN__:0x800060
                [0x00008000]                __TEXT_REGION_LENGTH__ = DEFINED (__TEXT_REGION_LENGTH__)?__TEXT_REGION_LENGTH__:0x20000
                [0x00000800]                __DATA_REGION_LENGTH__ = DEFINED (__DATA_REGION_LENGTH__)?__DATA_REGION_LENGTH__:0xffa0
                [0x00000400]                __EEPROM_REGION_LENGTH__ = DEFINED (__EEPROM_REGION_LENGTH__)?__EEPROM_REGION_LENGTH__:0x10000
                [0x00000002]                __FUSE_REGION_LENGTH__ = DEFINED (__FUSE_REGION_LENGTH__)?__FUSE_REGION_LENGTH__:0x400
                0x00000400                __LOCK_REGION_LENGTH__ = DEFINED (__LOCK_REGION_LENGTH__)?__LOCK_REGION_LENGTH__:0x400
                0x00000400                __SIGNATURE_REGION_LENGTH__ = DEFINED (__SIGNATURE_REGION_LENGTH__)?__SIGNATURE_REGION_LENGTH__:0x400
                0x00000400                __USER_SIGNATURE_REGION_LENGTH__ = DEFINED (__USER_SIGNATURE_REGION_LENGTH__)?__USER_SIGNATURE_REGION_LENGTH__:0x400

.hash
 *(.hash)

.dynsym
 *(.dynsym)

.dynstr
 *(.dynstr)

.gnu.version
 *(.gnu.version)

.gnu.version_d
 *(.gnu.version_d)

.gnu.version_r
 *(.gnu.version_r)

.rel.init
 *(.rel.init)

.rela.init
 *(.rela.init)

.rel.text
 *(.rel.text)
 *(.rel.text.*)
 *(.rel.gnu.linkonce.t*)

.rela.text
 *(.rela.text)
 *(.rela.text.*)
 *(.rela.gnu.linkonce.t*)

.rel.fini
 *(.rel.fini)

.rela.fini
 *(.rela.fini)

.rel.rodata
 *(.rel.rodata)
 *(.rel.rodata.*)
 *(.rel.gnu.linkonce.r*)

.rela.rodata
 *(.rela.rodata)
 *(.rela.rodata.*)
 *(.rela.gnu.linkonce.r*)

.rel.data
 *(.rel.data)
 *(.rel.data.*)
 *(.rel.gnu.linkonce.d*)

.rela.data
 *(.rela.data)
 *(.rela.data.*)
 *(.rela.gnu.linkonce.d*)

.rel.ctors
 *(.rel.ctors)

.rela.ctors
 *(.rela.ctors)

.rel.dtors
 *(.rel.dtors)

.rela.dtors
 *(.rela.dtors)

.rel.got
 *(.rel.got)

.rela.got
 *(.rela.got)

.rel.bss
 *(.rel.bss)

.rela.bss
 *(.rela.bss)

.rel.plt
 *(.rel.plt)

.rela.plt
 *(.rela.plt)

.text           0x00000000     0x4326
 *(.vectors)
 .vectors       0x00000000       0x54 C:/Program Files (x86)/Atmel/Studio/7.0/Packs/atmel/ATmega_DFP/1.6.364/gcc/dev/atmega32/avr5/crtatmega32.o
                0x00000000                __vector_default
                0x00000000                __vectors
 *(.vectors)
 *(.progmem.gcc*)
 .progmem.gcc_sw_table.SWPwm_Start
                0x00000054        0xe MCAL/SWPwm Module/SWPwm.o
                0x00000062                . = ALIGN (0x2)
                0x00000062                __trampolines_start = .
 *(.trampolines)
 .trampolines   0x00000062        0x0 linker stubs
 *(.trampolines*)
                0x00000062                __trampolines_end = .
 *libprintf_flt.a:*(.progmem.data)
 *libc.a:*(.progmem.data)
 *(.progmem*)
                0x00000062                . = ALIGN (0x2)
 *(.jumptables)
 *(.jumptables*)
 *(.lowtext)
 *(.lowtext*)
                0x00000062                __ctors_start = .
 *(.ctors)
                0x00000062                __ctors_end = .
                0x00000062                __dtors_start = .
 *(.dtors)
                0x00000062                __dtors_end = .
 SORT(*)(.ctors)
 SORT(*)(.dtors)
 *(.init0)
 .init0         0x00000062        0x0 C:/Program Files (x86)/Atmel/Studio/7.0/Packs/atmel/ATmega_DFP/1.6.364/gcc/dev/atmega32/avr5/crtatmega32.o
                0x00000062                __init
 *(.init0)
 *(.init1)
 *(.init1)
 *(.init2)
 .init2         0x00000062        0xc C:/Program Files (x86)/Atmel/Studio/7.0/Packs/atmel/ATmega_DFP/1.6.364/gcc/dev/atmega32/avr5/crtatmega32.o
 *(.init2)
 *(.init3)
 *(.init3)
 *(.init4)
 .init4         0x0000006e       0x16 c:/program files (x86)/atmel/studio/7.0/toolchain/avr8/avr8-gnu-toolchain/bin/../lib/gcc/avr/5.4.0/avr5\libgcc.a(_copy_data.o)
                0x0000006e                __do_copy_data
 .init4         0x00000084       0x10 c:/program files (x86)/atmel/studio/7.0/toolchain/avr8/avr8-gnu-toolchain/bin/../lib/gcc/avr/5.4.0/avr5\libgcc.a(_clear_bss.o)
                0x00000084                __do_clear_bss
 *(.init4)
 *(.init5)
 *(.init5)
 *(.init6)
 *(.init6)
 *(.init7)
 *(.init7)
 *(.init8)
 *(.init8)
 *(.init9)
 .init9         0x00000094        0x8 C:/Program Files (x86)/Atmel/Studio/7.0/Packs/atmel/ATmega_DFP/1.6.364/gcc/dev/atmega32/avr5/crtatmega32.o
 *(.init9)
 *(.text)
 .text          0x0000009c        0x4 C:/Program Files (x86)/Atmel/Studio/7.0/Packs/atmel/ATmega_DFP/1.6.364/gcc/dev/atmega32/avr5/crtatmega32.o
                0x0000009c                __vector_17
                0x0000009c                __vector_19
                0x0000009c                __vector_18
                0x0000009c                __vector_20
                0x0000009c                __bad_interrupt
                0x000000a0                . = ALIGN (0x2)
 *(.text.*)
 .text.AppADMIN_searchPan
                0x000000a0       0x9a APPL/App.o
                0x000000a0                AppADMIN_searchPan
 .text.AppUSER_displayTemp
                0x0000013a       0x7a APPL/App.o
                0x0000013a                AppUSER_displayTemp
 .text.AppUSER_checkPan
                0x000001b4       0xca APPL/App.o
                0x000001b4                AppUSER_checkPan
 .text.AppUSER_ReportKeypad
                0x0000027e      0x12a APPL/App.o
                0x0000027e                AppUSER_ReportKeypad
 .text.AppUSER_startTransaction
                0x000003a8      0x25e APPL/App.o
                0x000003a8                AppUSER_startTransaction
 .text.AppUSER_checkPin
                0x00000606      0x120 APPL/App.o
                0x00000606                AppUSER_checkPin
 .text.AppUSER_startProcess
                0x00000726       0xca APPL/App.o
                0x00000726                AppUSER_startProcess
 .text.AppUSER_getCardData
                0x000007f0       0x78 APPL/App.o
                0x000007f0                AppUSER_getCardData
 .text.AppUSER_insertCard
                0x00000868      0x17c APPL/App.o
                0x00000868                AppUSER_insertCard
 .text.App_init
                0x000009e4      0x186 APPL/App.o
                0x000009e4                App_init
 .text.App_ReportTerminal
                0x00000b6a       0x62 APPL/App.o
                0x00000b6a                App_ReportTerminal
 .text.AppADMIN_getInput
                0x00000bcc       0x52 APPL/App.o
                0x00000bcc                AppADMIN_getInput
 .text.AppADMIN_getnewMaxAmount
                0x00000c1e       0x80 APPL/App.o
                0x00000c1e                AppADMIN_getnewMaxAmount
 .text.AppADMIN_getCustomerPAN
                0x00000c9e       0x90 APPL/App.o
                0x00000c9e                AppADMIN_getCustomerPAN
 .text.AppADMIN_getCustomerBalance
                0x00000d2e       0x80 APPL/App.o
                0x00000d2e                AppADMIN_getCustomerBalance
 .text.AppADMIN_processNewCustomer
                0x00000dae      0x1f6 APPL/App.o
                0x00000dae                AppADMIN_processNewCustomer
 .text.AppADMIN_processExistingCustomer
                0x00000fa4      0x1f6 APPL/App.o
                0x00000fa4                AppADMIN_processExistingCustomer
 .text.AppADMIN_getAtmPIN
                0x0000119a       0x9e APPL/App.o
                0x0000119a                AppADMIN_getAtmPIN
 .text.App_update
                0x00001238      0x262 APPL/App.o
                0x00001238                App_update
 .text.App_start
                0x0000149a       0x1a APPL/App.o
                0x0000149a                App_start
 .text.Button_init
                0x000014b4       0x26 ECUAL/Button Module/Button.o
                0x000014b4                Button_init
 .text.Button_getState
                0x000014da       0x24 ECUAL/Button Module/Button.o
                0x000014da                Button_getState
 .text.Button_updateState
                0x000014fe       0xe6 ECUAL/Button Module/Button.o
                0x000014fe                Button_updateState
 .text.EEPROM_getAddresses
                0x000015e4       0x10 ECUAL/Eeprom_I2C Module/Eeprom_24.o
 .text.Eeprom_24_init
                0x000015f4       0x1e ECUAL/Eeprom_I2C Module/Eeprom_24.o
                0x000015f4                Eeprom_24_init
 .text.Eeprom_24_writeByte
                0x00001612       0x92 ECUAL/Eeprom_I2C Module/Eeprom_24.o
                0x00001612                Eeprom_24_writeByte
 .text.Eeprom_24_readByte
                0x000016a4       0xa2 ECUAL/Eeprom_I2C Module/Eeprom_24.o
                0x000016a4                Eeprom_24_readByte
 .text.Eeprom_24_writePage
                0x00001746       0x92 ECUAL/Eeprom_I2C Module/Eeprom_24.o
                0x00001746                Eeprom_24_writePage
 .text.Eeprom_24_readPage
                0x000017d8       0x92 ECUAL/Eeprom_I2C Module/Eeprom_24.o
                0x000017d8                Eeprom_24_readPage
 .text.Eeprom_24_writePacket
                0x0000186a      0x1f6 ECUAL/Eeprom_I2C Module/Eeprom_24.o
                0x0000186a                Eeprom_24_writePacket
 .text.Eeprom_24_readPacket
                0x00001a60      0x1b8 ECUAL/Eeprom_I2C Module/Eeprom_24.o
                0x00001a60                Eeprom_24_readPacket
 .text.Keypad_init
                0x00001c18       0x26 ECUAL/Keypad Module/Keypad.o
                0x00001c18                Keypad_init
 .text.Keypad_readKey
                0x00001c3e       0xf4 ECUAL/Keypad Module/Keypad.o
                0x00001c3e                Keypad_readKey
 .text.Lcd_WriteData
                0x00001d32       0x60 ECUAL/Lcd Module/Lcd.o
 .text.Lcd_EnableToggle
                0x00001d92       0x26 ECUAL/Lcd Module/Lcd.o
 .text.Lcd_sendCommand
                0x00001db8       0x54 ECUAL/Lcd Module/Lcd.o
                0x00001db8                Lcd_sendCommand
 .text.Lcd_init
                0x00001e0c       0x6e ECUAL/Lcd Module/Lcd.o
                0x00001e0c                Lcd_init
 .text.Lcd_setCursor
                0x00001e7a       0x36 ECUAL/Lcd Module/Lcd.o
                0x00001e7a                Lcd_setCursor
 .text.Lcd_printChar
                0x00001eb0       0x60 ECUAL/Lcd Module/Lcd.o
                0x00001eb0                Lcd_printChar
 .text.Lcd_printString
                0x00001f10       0x28 ECUAL/Lcd Module/Lcd.o
                0x00001f10                Lcd_printString
 .text.Lcd_clear
                0x00001f38        0xa ECUAL/Lcd Module/Lcd.o
                0x00001f38                Lcd_clear
 .text.Lcd_printLCD
                0x00001f42       0x52 ECUAL/Lcd Module/Lcd.o
                0x00001f42                Lcd_printLCD
 .text.Lcd_printDecimal
                0x00001f94       0x3c ECUAL/Lcd Module/Lcd.o
                0x00001f94                Lcd_printDecimal
 .text.LM35_init
                0x00001fd0       0x1e ECUAL/LM35 Module/LM35.o
                0x00001fd0                LM35_init
 .text.LM35_readTemp
                0x00001fee       0x72 ECUAL/LM35 Module/LM35.o
                0x00001fee                LM35_readTemp
 .text.Motor_init
                0x00002060       0x22 ECUAL/Motor Module/Motor.o
                0x00002060                Motor_init
 .text.Motor_stop
                0x00002082       0xde ECUAL/Motor Module/Motor.o
                0x00002082                Motor_stop
 .text.Motor_run
                0x00002160       0xe0 ECUAL/Motor Module/Motor.o
                0x00002160                Motor_run
 .text.Uart_RXC_ISR
                0x00002240       0x82 ECUAL/Terminal Module/Terminal.o
                0x00002240                Uart_RXC_ISR
 .text.Terminal_init
                0x000022c2       0x2a ECUAL/Terminal Module/Terminal.o
                0x000022c2                Terminal_init
 .text.Terminal_Out
                0x000022ec       0x36 ECUAL/Terminal Module/Terminal.o
                0x000022ec                Terminal_Out
 .text.Terminal_In
                0x00002322       0x36 ECUAL/Terminal Module/Terminal.o
                0x00002322                Terminal_In
 .text.Terminal_enablePasswordMode
                0x00002358        0x8 ECUAL/Terminal Module/Terminal.o
                0x00002358                Terminal_enablePasswordMode
 .text.Terminal_disablePasswordMode
                0x00002360        0x8 ECUAL/Terminal Module/Terminal.o
                0x00002360                Terminal_disablePasswordMode
 .text.main     0x00002368        0x6 main.o
                0x00002368                main
 .text.Adc_init
                0x0000236e       0x50 MCAL/Adc Module/Adc.o
                0x0000236e                Adc_init
 .text.Adc_start
                0x000023be       0xec MCAL/Adc Module/Adc.o
                0x000023be                Adc_start
 .text.__vector_16
                0x000024aa       0x4e MCAL/Adc Module/Adc.o
                0x000024aa                __vector_16
 .text.Delay_ms
                0x000024f8      0x132 MCAL/Delay Module/Delay.o
                0x000024f8                Delay_ms
 .text.Dio_init
                0x0000262a      0x1dc MCAL/Dio Module/Dio.o
                0x0000262a                Dio_init
 .text.Dio_writePin
                0x00002806      0x132 MCAL/Dio Module/Dio.o
                0x00002806                Dio_writePin
 .text.Dio_togglePin
                0x00002938       0xb0 MCAL/Dio Module/Dio.o
                0x00002938                Dio_togglePin
 .text.Dio_readPin
                0x000029e8      0x10a MCAL/Dio Module/Dio.o
                0x000029e8                Dio_readPin
 .text.__vector_1
                0x00002af2       0x4e MCAL/Ext Interrupt Module/Ext_INT.o
                0x00002af2                __vector_1
 .text.__vector_2
                0x00002b40       0x4e MCAL/Ext Interrupt Module/Ext_INT.o
                0x00002b40                __vector_2
 .text.__vector_3
                0x00002b8e       0x4e MCAL/Ext Interrupt Module/Ext_INT.o
                0x00002b8e                __vector_3
 .text.Gpt_ISRHandler
                0x00002bdc       0x96 MCAL/Gpt Module/Gpt.o
 .text.GptInit  0x00002c72       0x68 MCAL/Gpt Module/Gpt.o
                0x00002c72                GptInit
 .text.GptStart_aSync
                0x00002cda       0xbe MCAL/Gpt Module/Gpt.o
                0x00002cda                GptStart_aSync
 .text.GptStop  0x00002d98       0x5a MCAL/Gpt Module/Gpt.o
                0x00002d98                GptStop
 .text.__vector_11
                0x00002df2       0x4a MCAL/Gpt Module/Gpt.o
                0x00002df2                __vector_11
 .text.__vector_10
                0x00002e3c       0x4a MCAL/Gpt Module/Gpt.o
                0x00002e3c                __vector_10
 .text.__vector_9
                0x00002e86       0x4a MCAL/Gpt Module/Gpt.o
                0x00002e86                __vector_9
 .text.__vector_6
                0x00002ed0       0x4a MCAL/Gpt Module/Gpt.o
                0x00002ed0                __vector_6
 .text.__vector_7
                0x00002f1a       0x4a MCAL/Gpt Module/Gpt.o
                0x00002f1a                __vector_7
 .text.__vector_8
                0x00002f64       0x4a MCAL/Gpt Module/Gpt.o
                0x00002f64                __vector_8
 .text.__vector_4
                0x00002fae       0x4a MCAL/Gpt Module/Gpt.o
                0x00002fae                __vector_4
 .text.__vector_5
                0x00002ff8       0x4a MCAL/Gpt Module/Gpt.o
                0x00002ff8                __vector_5
 .text.I2C_MasterInit
                0x00003042       0x1e MCAL/I2C Module/I2C.o
                0x00003042                I2C_MasterInit
 .text.I2C_MasterSendSTART
                0x00003060       0x26 MCAL/I2C Module/I2C.o
                0x00003060                I2C_MasterSendSTART
 .text.I2C_MasterSendSlaveAddress
                0x00003086       0x62 MCAL/I2C Module/I2C.o
                0x00003086                I2C_MasterSendSlaveAddress
 .text.I2C_MasterSendRepSTART
                0x000030e8       0x26 MCAL/I2C Module/I2C.o
                0x000030e8                I2C_MasterSendRepSTART
 .text.I2C_MasterSendSTOP
                0x0000310e       0x1a MCAL/I2C Module/I2C.o
                0x0000310e                I2C_MasterSendSTOP
 .text.I2C_MasterSendByte
                0x00003128       0x2e MCAL/I2C Module/I2C.o
                0x00003128                I2C_MasterSendByte
 .text.I2C_MasterReceiveByte_ACK
                0x00003156       0x34 MCAL/I2C Module/I2C.o
                0x00003156                I2C_MasterReceiveByte_ACK
 .text.I2C_MasterReceiveByte_NACK
                0x0000318a       0x34 MCAL/I2C Module/I2C.o
                0x0000318a                I2C_MasterReceiveByte_NACK
 .text.I2C_MasterSendGeneral
                0x000031be       0xc6 MCAL/I2C Module/I2C.o
                0x000031be                I2C_MasterSendGeneral
 .text.I2C_MasterReceiveGeneral
                0x00003284       0xf8 MCAL/I2C Module/I2C.o
                0x00003284                I2C_MasterReceiveGeneral
 .text.Spi_init
                0x0000337c       0x3a MCAL/Spi Module/Spi.o
                0x0000337c                Spi_init
 .text.Spi_SlaveReceiveByte
                0x000033b6       0x22 MCAL/Spi Module/Spi.o
                0x000033b6                Spi_SlaveReceiveByte
 .text.Spi_SlaveReceivePacket
                0x000033d8       0x5a MCAL/Spi Module/Spi.o
                0x000033d8                Spi_SlaveReceivePacket
 .text.__vector_12
                0x00003432       0x4e MCAL/Spi Module/Spi.o
                0x00003432                __vector_12
 .text.stringLength
                0x00003480       0x18 MCAL/StringManipulation.o
                0x00003480                stringLength
 .text.stringCompare
                0x00003498       0x66 MCAL/StringManipulation.o
                0x00003498                stringCompare
 .text.EmptyString
                0x000034fe       0x18 MCAL/StringManipulation.o
                0x000034fe                EmptyString
 .text.stringCopy
                0x00003516       0x22 MCAL/StringManipulation.o
                0x00003516                stringCopy
 .text.integerToString
                0x00003538       0x9c MCAL/StringManipulation.o
                0x00003538                integerToString
 .text.stringToFloat
                0x000035d4       0xfc MCAL/StringManipulation.o
                0x000035d4                stringToFloat
 .text.floatToString
                0x000036d0      0x11e MCAL/StringManipulation.o
                0x000036d0                floatToString
 .text.waveFunction
                0x000037ee      0x110 MCAL/SWPwm Module/SWPwm.o
                0x000037ee                waveFunction
 .text.SWPwm_Init
                0x000038fe       0x38 MCAL/SWPwm Module/SWPwm.o
                0x000038fe                SWPwm_Init
 .text.SWPwm_Start
                0x00003936      0x268 MCAL/SWPwm Module/SWPwm.o
                0x00003936                SWPwm_Start
 .text.SWPwm_Stop
                0x00003b9e       0x90 MCAL/SWPwm Module/SWPwm.o
                0x00003b9e                SWPwm_Stop
 .text.Uart_init
                0x00003c2e       0x2c MCAL/Uart Module/Uart.o
                0x00003c2e                Uart_init
 .text.Uart_sendByte
                0x00003c5a       0x16 MCAL/Uart Module/Uart.o
                0x00003c5a                Uart_sendByte
 .text.Uart_sendPacket
                0x00003c70       0x4e MCAL/Uart Module/Uart.o
                0x00003c70                Uart_sendPacket
 .text.Uart_EnableNotification_RXC
                0x00003cbe       0x2a MCAL/Uart Module/Uart.o
                0x00003cbe                Uart_EnableNotification_RXC
 .text.Uart_DataRegister
                0x00003ce8        0x4 MCAL/Uart Module/Uart.o
                0x00003ce8                Uart_DataRegister
 .text.__vector_15
                0x00003cec       0x4e MCAL/Uart Module/Uart.o
                0x00003cec                __vector_15
 .text.__vector_13
                0x00003d3a       0x4e MCAL/Uart Module/Uart.o
                0x00003d3a                __vector_13
 .text.__vector_14
                0x00003d88       0x4e MCAL/Uart Module/Uart.o
                0x00003d88                __vector_14
 .text.avr-libc.fplib
                0x00003dd6        0xe c:/program files (x86)/atmel/studio/7.0/toolchain/avr8/avr8-gnu-toolchain/bin/../lib/gcc/avr/5.4.0/../../../../avr/lib/avr5\libm.a(addsf3.o)
                0x00003dd6                __subsf3
                0x00003dd8                __addsf3
 .text.avr-libc.fplib
                0x00003de4       0xcc c:/program files (x86)/atmel/studio/7.0/toolchain/avr8/avr8-gnu-toolchain/bin/../lib/gcc/avr/5.4.0/../../../../avr/lib/avr5\libm.a(addsf3x.o)
                0x00003e06                __addsf3x
 .text.avr-libc.fplib
                0x00003eb0        0xa c:/program files (x86)/atmel/studio/7.0/toolchain/avr8/avr8-gnu-toolchain/bin/../lib/gcc/avr/5.4.0/../../../../avr/lib/avr5\libm.a(cmpsf2.o)
                0x00003eb0                __nesf2
                0x00003eb0                __eqsf2
                0x00003eb0                __cmpsf2
                0x00003eb0                __ltsf2
                0x00003eb0                __lesf2
 .text.avr-libc.fplib
                0x00003eba        0x8 c:/program files (x86)/atmel/studio/7.0/toolchain/avr8/avr8-gnu-toolchain/bin/../lib/gcc/avr/5.4.0/../../../../avr/lib/avr5\libm.a(divsf3.o)
                0x00003eba                __divsf3
 .text.avr-libc.fplib
                0x00003ec2       0xdc c:/program files (x86)/atmel/studio/7.0/toolchain/avr8/avr8-gnu-toolchain/bin/../lib/gcc/avr/5.4.0/../../../../avr/lib/avr5\libm.a(divsf3x.o)
                0x00003ee2                __divsf3x
                0x00003ee8                __divsf3_pse
 .text.avr-libc.fplib
                0x00003f9e       0x5e c:/program files (x86)/atmel/studio/7.0/toolchain/avr8/avr8-gnu-toolchain/bin/../lib/gcc/avr/5.4.0/../../../../avr/lib/avr5\libm.a(fixunssfsi.o)
                0x00003f9e                __fixunssfsi
 .text.avr-libc.fplib
                0x00003ffc       0x7a c:/program files (x86)/atmel/studio/7.0/toolchain/avr8/avr8-gnu-toolchain/bin/../lib/gcc/avr/5.4.0/../../../../avr/lib/avr5\libm.a(floatsisf.o)
                0x00003ffc                __floatunsisf
                0x00004000                __floatsisf
 .text.avr-libc.fplib
                0x00004076       0x48 c:/program files (x86)/atmel/studio/7.0/toolchain/avr8/avr8-gnu-toolchain/bin/../lib/gcc/avr/5.4.0/../../../../avr/lib/avr5\libm.a(fp_cmp.o)
                0x00004076                __fp_cmp
 .text.avr-libc.fplib
                0x000040be        0xc c:/program files (x86)/atmel/studio/7.0/toolchain/avr8/avr8-gnu-toolchain/bin/../lib/gcc/avr/5.4.0/../../../../avr/lib/avr5\libm.a(fp_inf.o)
                0x000040be                __fp_inf
 .text.avr-libc.fplib
                0x000040ca        0x6 c:/program files (x86)/atmel/studio/7.0/toolchain/avr8/avr8-gnu-toolchain/bin/../lib/gcc/avr/5.4.0/../../../../avr/lib/avr5\libm.a(fp_nan.o)
                0x000040ca                __fp_nan
 .text.avr-libc.fplib
                0x000040d0        0xe c:/program files (x86)/atmel/studio/7.0/toolchain/avr8/avr8-gnu-toolchain/bin/../lib/gcc/avr/5.4.0/../../../../avr/lib/avr5\libm.a(fp_pscA.o)
                0x000040d0                __fp_pscA
 .text.avr-libc.fplib
                0x000040de        0xe c:/program files (x86)/atmel/studio/7.0/toolchain/avr8/avr8-gnu-toolchain/bin/../lib/gcc/avr/5.4.0/../../../../avr/lib/avr5\libm.a(fp_pscB.o)
                0x000040de                __fp_pscB
 .text.avr-libc.fplib
                0x000040ec       0x22 c:/program files (x86)/atmel/studio/7.0/toolchain/avr8/avr8-gnu-toolchain/bin/../lib/gcc/avr/5.4.0/../../../../avr/lib/avr5\libm.a(fp_round.o)
                0x000040ec                __fp_round
 .text.avr-libc.fplib
                0x0000410e       0x44 c:/program files (x86)/atmel/studio/7.0/toolchain/avr8/avr8-gnu-toolchain/bin/../lib/gcc/avr/5.4.0/../../../../avr/lib/avr5\libm.a(fp_split3.o)
                0x0000410e                __fp_split3
                0x0000411e                __fp_splitA
 .text.avr-libc.fplib
                0x00004152        0xe c:/program files (x86)/atmel/studio/7.0/toolchain/avr8/avr8-gnu-toolchain/bin/../lib/gcc/avr/5.4.0/../../../../avr/lib/avr5\libm.a(fp_zero.o)
                0x00004152                __fp_zero
                0x00004154                __fp_szero
 .text.avr-libc.fplib
                0x00004160        0x8 c:/program files (x86)/atmel/studio/7.0/toolchain/avr8/avr8-gnu-toolchain/bin/../lib/gcc/avr/5.4.0/../../../../avr/lib/avr5\libm.a(mulsf3.o)
                0x00004160                __mulsf3
 .text.avr-libc.fplib
                0x00004168       0xd2 c:/program files (x86)/atmel/studio/7.0/toolchain/avr8/avr8-gnu-toolchain/bin/../lib/gcc/avr/5.4.0/../../../../avr/lib/avr5\libm.a(mulsf3x.o)
                0x00004186                __mulsf3x
                0x0000418c                __mulsf3_pse
 .text.libgcc.div
                0x0000423a       0x28 c:/program files (x86)/atmel/studio/7.0/toolchain/avr8/avr8-gnu-toolchain/bin/../lib/gcc/avr/5.4.0/avr5\libgcc.a(_divmodhi4.o)
                0x0000423a                _div
                0x0000423a                __divmodhi4
 .text.libgcc.div
                0x00004262       0x44 c:/program files (x86)/atmel/studio/7.0/toolchain/avr8/avr8-gnu-toolchain/bin/../lib/gcc/avr/5.4.0/avr5\libgcc.a(_udivmodsi4.o)
                0x00004262                __udivmodsi4
 .text.libgcc   0x000042a6        0xc c:/program files (x86)/atmel/studio/7.0/toolchain/avr8/avr8-gnu-toolchain/bin/../lib/gcc/avr/5.4.0/avr5\libgcc.a(_tablejump2.o)
                0x000042a6                __tablejump2__
 .text.libgcc.mul
                0x000042b2       0x1e c:/program files (x86)/atmel/studio/7.0/toolchain/avr8/avr8-gnu-toolchain/bin/../lib/gcc/avr/5.4.0/avr5\libgcc.a(_umulhisi3.o)
                0x000042b2                __umulhisi3
 .text.libgcc   0x000042d0       0x18 c:/program files (x86)/atmel/studio/7.0/toolchain/avr8/avr8-gnu-toolchain/bin/../lib/gcc/avr/5.4.0/avr5\libgcc.a(_adddi3_s8.o)
                0x000042d0                __adddi3_s8
 .text.libgcc   0x000042e8       0x12 c:/program files (x86)/atmel/studio/7.0/toolchain/avr8/avr8-gnu-toolchain/bin/../lib/gcc/avr/5.4.0/avr5\libgcc.a(_cmpdi2.o)
                0x000042e8                __cmpdi2
 .text.libgcc.div
                0x000042fa       0x28 c:/program files (x86)/atmel/studio/7.0/toolchain/avr8/avr8-gnu-toolchain/bin/../lib/gcc/avr/5.4.0/avr5\libgcc.a(_udivmodhi4.o)
                0x000042fa                __udivmodhi4
                0x00004322                . = ALIGN (0x2)
 *(.fini9)
 .fini9         0x00004322        0x0 c:/program files (x86)/atmel/studio/7.0/toolchain/avr8/avr8-gnu-toolchain/bin/../lib/gcc/avr/5.4.0/avr5\libgcc.a(_exit.o)
                0x00004322                _exit
                0x00004322                exit
 *(.fini9)
 *(.fini8)
 *(.fini8)
 *(.fini7)
 *(.fini7)
 *(.fini6)
 *(.fini6)
 *(.fini5)
 *(.fini5)
 *(.fini4)
 *(.fini4)
 *(.fini3)
 *(.fini3)
 *(.fini2)
 *(.fini2)
 *(.fini1)
 *(.fini1)
 *(.fini0)
 .fini0         0x00004322        0x4 c:/program files (x86)/atmel/studio/7.0/toolchain/avr8/avr8-gnu-toolchain/bin/../lib/gcc/avr/5.4.0/avr5\libgcc.a(_exit.o)
 *(.fini0)
                0x00004326                _etext = .

.data           0x00800060      0x50e load address 0x00004326
                0x00800060                PROVIDE (__data_start, .)
 *(.data)
 *(.data*)
 .data.cgau8_AMOUNTString
                0x00800060        0xd APPL/App.o
                0x00800060                cgau8_AMOUNTString
 .data.gu8_ATMMode
                0x0080006d        0x1 APPL/App.o
 .data.enuCurrentAppStatus
                0x0080006e        0x1 APPL/App.o
 .data.genu_BttnModuleState
                0x0080006f        0x1 ECUAL/Button Module/Button.o
 .data.gau8_buttonsUsed
                0x00800070        0x1 ECUAL/Button Module/Button_Cfg.o
                0x00800070                gau8_buttonsUsed
 .data.genu_eepromModuleState
                0x00800071        0x1 ECUAL/Eeprom_I2C Module/Eeprom_24.o
 .data.genu_KeypadModuleState
                0x00800072        0x1 ECUAL/Keypad Module/Keypad.o
 .data.gau8_ButtonSymbols
                0x00800073       0x10 ECUAL/Keypad Module/Keypad_Cfg.o
                0x00800073                gau8_ButtonSymbols
 .data.gau8_Rows
                0x00800083        0x4 ECUAL/Keypad Module/Keypad_Cfg.o
                0x00800083                gau8_Rows
 .data.gau8_Columns
                0x00800087        0x4 ECUAL/Keypad Module/Keypad_Cfg.o
                0x00800087                gau8_Columns
 .data.genu_LcdModuleState
                0x0080008b        0x1 ECUAL/Lcd Module/Lcd.o
 .data.genu_LM35ModuleState
                0x0080008c        0x1 ECUAL/LM35 Module/LM35.o
 .data.gu8_MotorModuleStatus
                0x0080008d        0x1 ECUAL/Motor Module/Motor.o
                0x0080008d                gu8_MotorModuleStatus
 .data.genu_TerminalModuleState
                0x0080008e        0x1 ECUAL/Terminal Module/Terminal.o
 .data.genuAdc_Status
                0x0080008f        0x1 MCAL/Adc Module/Adc.o
 .data.str_ADCchannels
                0x00800090        0x2 MCAL/Adc Module/Adc_Cfg.o
                0x00800090                str_ADCchannels
 .data.strDio_pins
                0x00800092       0x50 MCAL/Dio Module/Dio_Cfg.o
                0x00800092                strDio_pins
 .data.genuI2C_Status
                0x008000e2        0x1 MCAL/I2C Module/I2C.o
 .data.genuSpi_Status
                0x008000e3        0x1 MCAL/Spi Module/Spi.o
 *(.gnu.linkonce.d*)
 *(.rodata)
 *(.rodata*)
 .rodata.str1.1
                0x008000e4      0x45c APPL/App.o
                                0x46a (size before relaxing)
 .rodata.cgau8_ATMString
                0x00800540        0xe APPL/App.o
                0x00800540                cgau8_ATMString
 .rodata.cgau8_LoadingString
                0x0080054e        0xa APPL/App.o
                0x0080054e                cgau8_LoadingString
 .rodata.ATM_DB_ATM_PIN_VAL
                0x00800558        0x5 APPL/App.o
                0x00800558                ATM_DB_ATM_PIN_VAL
 .rodata.cgau8_ADMIN_Word
                0x0080055d        0x6 APPL/App.o
                0x0080055d                cgau8_ADMIN_Word
 .rodata.str_MotorsConfig
                0x00800563        0x5 ECUAL/Motor Module/Motor_Cfg.o
                0x00800563                str_MotorsConfig
 .rodata.Timers_Configurations
                0x00800568        0x3 MCAL/Gpt Module/Gpt_Cfg.o
                0x00800568                Timers_Configurations
 .rodata.SWPwm_Channels
                0x0080056b        0x2 MCAL/SWPwm Module/SWPwm_Cfg.o
                0x0080056b                SWPwm_Channels
 *(.gnu.linkonce.r*)
                0x0080056e                . = ALIGN (0x2)
 *fill*         0x0080056d        0x1 
                0x0080056e                _edata = .
                0x0080056e                PROVIDE (__data_end, .)

.bss            0x0080056e      0x17b
                0x0080056e                PROVIDE (__bss_start, .)
 *(.bss)
 *(.bss*)
 .bss.u8_passFlag.2323
                0x0080056e        0x1 APPL/App.o
 .bss.sau8_data.2294
                0x0080056f        0xa APPL/App.o
 .bss.u8_index.2293
                0x00800579        0x1 APPL/App.o
 .bss.Kpd_enablePass
                0x0080057a        0x1 APPL/App.o
                0x0080057a                Kpd_enablePass
 .bss.gu8_clientIndex
                0x0080057b        0x1 APPL/App.o
                0x0080057b                gu8_clientIndex
 .bss.gau8_maxAmount
                0x0080057c        0x8 APPL/App.o
                0x0080057c                gau8_maxAmount
 .bss.gu8_ATMPin
                0x00800584        0x5 APPL/App.o
                0x00800584                gu8_ATMPin
 .bss.gu8_registeredAccNum
                0x00800589        0x1 APPL/App.o
                0x00800589                gu8_registeredAccNum
 .bss.gu8_initData
                0x0080058a        0x1 APPL/App.o
                0x0080058a                gu8_initData
 .bss.gstr_clientdata
                0x0080058b       0x12 APPL/App.o
                0x0080058b                gstr_clientdata
 .bss.gstr_userCardData
                0x0080059d       0x19 APPL/App.o
 .bss.gu8_displayFlag
                0x008005b6        0x1 APPL/App.o
                0x008005b6                gu8_displayFlag
 .bss.gu8_ADMIN_Request
                0x008005b7        0x1 APPL/App.o
 .bss.gu8_USER_Mode_State
                0x008005b8        0x1 APPL/App.o
 .bss.gu8_ButtonsState
                0x008005b9        0x1 ECUAL/Button Module/Button.o
 .bss.gau8_MotorsState
                0x008005ba        0x1 ECUAL/Motor Module/Motor.o
                0x008005ba                gau8_MotorsState
 .bss.gu8_flag  0x008005bb        0x1 ECUAL/Terminal Module/Terminal.o
                0x008005bb                gu8_flag
 .bss.gu8_counter
                0x008005bc        0x1 ECUAL/Terminal Module/Terminal.o
                0x008005bc                gu8_counter
 .bss.gau8_data
                0x008005bd       0xff ECUAL/Terminal Module/Terminal.o
                0x008005bd                gau8_data
 .bss.gu8_visibility
                0x008006bc        0x1 ECUAL/Terminal Module/Terminal.o
 .bss.ADC_CallBackPtr
                0x008006bd        0x2 MCAL/Adc Module/Adc.o
 .bss.u8_Dio_Status
                0x008006bf        0x1 MCAL/Dio Module/Dio.o
 .bss.pstrDio_pinsConfig
                0x008006c0        0x2 MCAL/Dio Module/Dio.o
 .bss.INT2_CallBackPtr
                0x008006c2        0x2 MCAL/Ext Interrupt Module/Ext_INT.o
 .bss.INT1_CallBackPtr
                0x008006c4        0x2 MCAL/Ext Interrupt Module/Ext_INT.o
 .bss.INT0_CallBackPtr
                0x008006c6        0x2 MCAL/Ext Interrupt Module/Ext_INT.o
 .bss.genu_GPTModStatus
                0x008006c8        0x1 MCAL/Gpt Module/Gpt.o
                0x008006c8                genu_GPTModStatus
 .bss.u32_Channels_ISR_Count
                0x008006c9        0x4 MCAL/Gpt Module/Gpt.o
                0x008006c9                u32_Channels_ISR_Count
 .bss.enuChannelsState
                0x008006cd        0x1 MCAL/Gpt Module/Gpt.o
                0x008006cd                enuChannelsState
 .bss.Gpt_Timer0_CallBackPtr
                0x008006ce        0x2 MCAL/Gpt Module/Gpt.o
 .bss.SPI_STC_CallBackPtr
                0x008006d0        0x2 MCAL/Spi Module/Spi.o
 .bss.genu_SWPwmModStatus
                0x008006d2        0x1 MCAL/SWPwm Module/SWPwm.o
                0x008006d2                genu_SWPwmModStatus
 .bss.gu8_currentPwmChannel
                0x008006d3        0x1 MCAL/SWPwm Module/SWPwm.o
                0x008006d3                gu8_currentPwmChannel
 .bss.gstr_ChannelsData
                0x008006d4        0xe MCAL/SWPwm Module/SWPwm.o
                0x008006d4                gstr_ChannelsData
 .bss.u8_Uart_Status
                0x008006e2        0x1 MCAL/Uart Module/Uart.o
 .bss.Uart_UDRE_CallBackPtr
                0x008006e3        0x2 MCAL/Uart Module/Uart.o
 .bss.Uart_RXC_CallBackPtr
                0x008006e5        0x2 MCAL/Uart Module/Uart.o
 .bss.Uart_TXC_CallBackPtr
                0x008006e7        0x2 MCAL/Uart Module/Uart.o
 *(COMMON)
                0x008006e9                PROVIDE (__bss_end, .)
                0x00004326                __data_load_start = LOADADDR (.data)
                0x00004834                __data_load_end = (__data_load_start + SIZEOF (.data))

.noinit         0x008006e9        0x0
                [!provide]                PROVIDE (__noinit_start, .)
 *(.noinit*)
                [!provide]                PROVIDE (__noinit_end, .)
                0x008006e9                _end = .
                [!provide]                PROVIDE (__heap_start, .)

.eeprom         0x00810000        0x0
 *(.eeprom*)
                0x00810000                __eeprom_end = .

.fuse
 *(.fuse)
 *(.lfuse)
 *(.hfuse)
 *(.efuse)

.lock
 *(.lock*)

.signature
 *(.signature*)

.user_signatures
 *(.user_signatures*)

.stab
 *(.stab)

.stabstr
 *(.stabstr)

.stab.excl
 *(.stab.excl)

.stab.exclstr
 *(.stab.exclstr)

.stab.index
 *(.stab.index)

.stab.indexstr
 *(.stab.indexstr)

.comment        0x00000000       0x30
 *(.comment)
 .comment       0x00000000       0x30 APPL/App.o
                                 0x31 (size before relaxing)
 .comment       0x00000030       0x31 ECUAL/Button Module/Button.o
 .comment       0x00000030       0x31 ECUAL/Button Module/Button_Cfg.o
 .comment       0x00000030       0x31 ECUAL/Eeprom_I2C Module/Eeprom_24.o
 .comment       0x00000030       0x31 ECUAL/Keypad Module/Keypad.o
 .comment       0x00000030       0x31 ECUAL/Keypad Module/Keypad_Cfg.o
 .comment       0x00000030       0x31 ECUAL/Lcd Module/Lcd.o
 .comment       0x00000030       0x31 ECUAL/LM35 Module/LM35.o
 .comment       0x00000030       0x31 ECUAL/Motor Module/Motor.o
 .comment       0x00000030       0x31 ECUAL/Motor Module/Motor_Cfg.o
 .comment       0x00000030       0x31 ECUAL/Terminal Module/Terminal.o
 .comment       0x00000030       0x31 main.o
 .comment       0x00000030       0x31 MCAL/Adc Module/Adc.o
 .comment       0x00000030       0x31 MCAL/Adc Module/Adc_Cfg.o
 .comment       0x00000030       0x31 MCAL/Delay Module/Delay.o
 .comment       0x00000030       0x31 MCAL/Dio Module/Dio.o
 .comment       0x00000030       0x31 MCAL/Dio Module/Dio_Cfg.o
 .comment       0x00000030       0x31 MCAL/Ext Interrupt Module/Ext_INT.o
 .comment       0x00000030       0x31 MCAL/Gpt Module/Gpt.o
 .comment       0x00000030       0x31 MCAL/Gpt Module/Gpt_Cfg.o
 .comment       0x00000030       0x31 MCAL/I2C Module/I2C.o
 .comment       0x00000030       0x31 MCAL/Spi Module/Spi.o
 .comment       0x00000030       0x31 MCAL/StringManipulation.o
 .comment       0x00000030       0x31 MCAL/SWPwm Module/SWPwm.o
 .comment       0x00000030       0x31 MCAL/SWPwm Module/SWPwm_Cfg.o
 .comment       0x00000030       0x31 MCAL/Uart Module/Uart.o

.note.gnu.avr.deviceinfo
                0x00000000       0x3c
 .note.gnu.avr.deviceinfo
                0x00000000       0x3c C:/Program Files (x86)/Atmel/Studio/7.0/Packs/atmel/ATmega_DFP/1.6.364/gcc/dev/atmega32/avr5/crtatmega32.o

.note.gnu.build-id
 *(.note.gnu.build-id)

.debug
 *(.debug)

.line
 *(.line)

.debug_srcinfo
 *(.debug_srcinfo)

.debug_sfnames
 *(.debug_sfnames)

.debug_aranges  0x00000000      0x6f8
 *(.debug_aranges)
 .debug_aranges
                0x00000000       0xb8 APPL/App.o
 .debug_aranges
                0x000000b8       0x30 ECUAL/Button Module/Button.o
 .debug_aranges
                0x000000e8       0x18 ECUAL/Button Module/Button_Cfg.o
 .debug_aranges
                0x00000100       0x58 ECUAL/Eeprom_I2C Module/Eeprom_24.o
 .debug_aranges
                0x00000158       0x28 ECUAL/Keypad Module/Keypad.o
 .debug_aranges
                0x00000180       0x18 ECUAL/Keypad Module/Keypad_Cfg.o
 .debug_aranges
                0x00000198       0x88 ECUAL/Lcd Module/Lcd.o
 .debug_aranges
                0x00000220       0x28 ECUAL/LM35 Module/LM35.o
 .debug_aranges
                0x00000248       0x30 ECUAL/Motor Module/Motor.o
 .debug_aranges
                0x00000278       0x18 ECUAL/Motor Module/Motor_Cfg.o
 .debug_aranges
                0x00000290       0x48 ECUAL/Terminal Module/Terminal.o
 .debug_aranges
                0x000002d8       0x20 main.o
 .debug_aranges
                0x000002f8       0x48 MCAL/Adc Module/Adc.o
 .debug_aranges
                0x00000340       0x18 MCAL/Adc Module/Adc_Cfg.o
 .debug_aranges
                0x00000358       0x30 MCAL/Delay Module/Delay.o
 .debug_aranges
                0x00000388       0x38 MCAL/Dio Module/Dio.o
 .debug_aranges
                0x000003c0       0x18 MCAL/Dio Module/Dio_Cfg.o
 .debug_aranges
                0x000003d8       0x60 MCAL/Ext Interrupt Module/Ext_INT.o
 .debug_aranges
                0x00000438       0x80 MCAL/Gpt Module/Gpt.o
 .debug_aranges
                0x000004b8       0x18 MCAL/Gpt Module/Gpt_Cfg.o
 .debug_aranges
                0x000004d0       0x88 MCAL/I2C Module/I2C.o
 .debug_aranges
                0x00000558       0x58 MCAL/Spi Module/Spi.o
 .debug_aranges
                0x000005b0       0x78 MCAL/StringManipulation.o
 .debug_aranges
                0x00000628       0x38 MCAL/SWPwm Module/SWPwm.o
 .debug_aranges
                0x00000660       0x18 MCAL/SWPwm Module/SWPwm_Cfg.o
 .debug_aranges
                0x00000678       0x80 MCAL/Uart Module/Uart.o

.debug_pubnames
 *(.debug_pubnames)

.debug_info     0x00000000     0x7923
 *(.debug_info .gnu.linkonce.wi.*)
 .debug_info    0x00000000      0x4e6 C:/Program Files (x86)/Atmel/Studio/7.0/Packs/atmel/ATmega_DFP/1.6.364/gcc/dev/atmega32/avr5/crtatmega32.o
 .debug_info    0x000004e6     0x24fc APPL/App.o
 .debug_info    0x000029e2      0x327 ECUAL/Button Module/Button.o
 .debug_info    0x00002d09       0x98 ECUAL/Button Module/Button_Cfg.o
 .debug_info    0x00002da1      0x9dc ECUAL/Eeprom_I2C Module/Eeprom_24.o
 .debug_info    0x0000377d      0x30a ECUAL/Keypad Module/Keypad.o
 .debug_info    0x00003a87       0xd2 ECUAL/Keypad Module/Keypad_Cfg.o
 .debug_info    0x00003b59      0x893 ECUAL/Lcd Module/Lcd.o
 .debug_info    0x000043ec      0x1c0 ECUAL/LM35 Module/LM35.o
 .debug_info    0x000045ac      0x379 ECUAL/Motor Module/Motor.o
 .debug_info    0x00004925       0xf9 ECUAL/Motor Module/Motor_Cfg.o
 .debug_info    0x00004a1e      0x38b ECUAL/Terminal Module/Terminal.o
 .debug_info    0x00004da9       0xb4 main.o
 .debug_info    0x00004e5d      0x2ec MCAL/Adc Module/Adc.o
 .debug_info    0x00005149       0xc8 MCAL/Adc Module/Adc_Cfg.o
 .debug_info    0x00005211      0x138 MCAL/Delay Module/Delay.o
 .debug_info    0x00005349      0x247 MCAL/Dio Module/Dio.o
 .debug_info    0x00005590      0x108 MCAL/Dio Module/Dio_Cfg.o
 .debug_info    0x00005698      0x1fd MCAL/Ext Interrupt Module/Ext_INT.o
 .debug_info    0x00005895      0x54f MCAL/Gpt Module/Gpt.o
 .debug_info    0x00005de4      0x169 MCAL/Gpt Module/Gpt_Cfg.o
 .debug_info    0x00005f4d      0x68d MCAL/I2C Module/I2C.o
 .debug_info    0x000065da      0x269 MCAL/Spi Module/Spi.o
 .debug_info    0x00006843      0x5fd MCAL/StringManipulation.o
 .debug_info    0x00006e40      0x627 MCAL/SWPwm Module/SWPwm.o
 .debug_info    0x00007467       0xd2 MCAL/SWPwm Module/SWPwm_Cfg.o
 .debug_info    0x00007539      0x3ea MCAL/Uart Module/Uart.o

.debug_abbrev   0x00000000     0x1e98
 *(.debug_abbrev)
 .debug_abbrev  0x00000000      0x4a3 C:/Program Files (x86)/Atmel/Studio/7.0/Packs/atmel/ATmega_DFP/1.6.364/gcc/dev/atmega32/avr5/crtatmega32.o
 .debug_abbrev  0x000004a3      0x1e6 APPL/App.o
 .debug_abbrev  0x00000689      0x143 ECUAL/Button Module/Button.o
 .debug_abbrev  0x000007cc       0x4b ECUAL/Button Module/Button_Cfg.o
 .debug_abbrev  0x00000817      0x191 ECUAL/Eeprom_I2C Module/Eeprom_24.o
 .debug_abbrev  0x000009a8      0x134 ECUAL/Keypad Module/Keypad.o
 .debug_abbrev  0x00000adc       0x4b ECUAL/Keypad Module/Keypad_Cfg.o
 .debug_abbrev  0x00000b27      0x19e ECUAL/Lcd Module/Lcd.o
 .debug_abbrev  0x00000cc5       0xd9 ECUAL/LM35 Module/LM35.o
 .debug_abbrev  0x00000d9e      0x134 ECUAL/Motor Module/Motor.o
 .debug_abbrev  0x00000ed2       0x6e ECUAL/Motor Module/Motor_Cfg.o
 .debug_abbrev  0x00000f40      0x14c ECUAL/Terminal Module/Terminal.o
 .debug_abbrev  0x0000108c       0x68 main.o
 .debug_abbrev  0x000010f4      0x13b MCAL/Adc Module/Adc.o
 .debug_abbrev  0x0000122f       0x67 MCAL/Adc Module/Adc_Cfg.o
 .debug_abbrev  0x00001296       0xa7 MCAL/Delay Module/Delay.o
 .debug_abbrev  0x0000133d       0xc3 MCAL/Dio Module/Dio.o
 .debug_abbrev  0x00001400       0x7f MCAL/Dio Module/Dio_Cfg.o
 .debug_abbrev  0x0000147f       0x9d MCAL/Ext Interrupt Module/Ext_INT.o
 .debug_abbrev  0x0000151c      0x1a4 MCAL/Gpt Module/Gpt.o
 .debug_abbrev  0x000016c0       0x86 MCAL/Gpt Module/Gpt_Cfg.o
 .debug_abbrev  0x00001746      0x137 MCAL/I2C Module/I2C.o
 .debug_abbrev  0x0000187d      0x149 MCAL/Spi Module/Spi.o
 .debug_abbrev  0x000019c6      0x174 MCAL/StringManipulation.o
 .debug_abbrev  0x00001b3a      0x16a MCAL/SWPwm Module/SWPwm.o
 .debug_abbrev  0x00001ca4       0x6e MCAL/SWPwm Module/SWPwm_Cfg.o
 .debug_abbrev  0x00001d12      0x186 MCAL/Uart Module/Uart.o

.debug_line     0x00000000     0x4798
 *(.debug_line .debug_line.* .debug_line_end)
 .debug_line    0x00000000      0x116 C:/Program Files (x86)/Atmel/Studio/7.0/Packs/atmel/ATmega_DFP/1.6.364/gcc/dev/atmega32/avr5/crtatmega32.o
 .debug_line    0x00000116     0x122e APPL/App.o
 .debug_line    0x00001344      0x1f9 ECUAL/Button Module/Button.o
 .debug_line    0x0000153d       0x85 ECUAL/Button Module/Button_Cfg.o
 .debug_line    0x000015c2      0x4e1 ECUAL/Eeprom_I2C Module/Eeprom_24.o
 .debug_line    0x00001aa3      0x1b8 ECUAL/Keypad Module/Keypad.o
 .debug_line    0x00001c5b       0x85 ECUAL/Keypad Module/Keypad_Cfg.o
 .debug_line    0x00001ce0      0x469 ECUAL/Lcd Module/Lcd.o
 .debug_line    0x00002149      0x139 ECUAL/LM35 Module/LM35.o
 .debug_line    0x00002282      0x247 ECUAL/Motor Module/Motor.o
 .debug_line    0x000024c9       0x8d ECUAL/Motor Module/Motor_Cfg.o
 .debug_line    0x00002556      0x296 ECUAL/Terminal Module/Terminal.o
 .debug_line    0x000027ec       0x52 main.o
 .debug_line    0x0000283e      0x278 MCAL/Adc Module/Adc.o
 .debug_line    0x00002ab6       0x6d MCAL/Adc Module/Adc_Cfg.o
 .debug_line    0x00002b23       0xd4 MCAL/Delay Module/Delay.o
 .debug_line    0x00002bf7      0x2f6 MCAL/Dio Module/Dio.o
 .debug_line    0x00002eed       0x6d MCAL/Dio Module/Dio_Cfg.o
 .debug_line    0x00002f5a      0x15c MCAL/Ext Interrupt Module/Ext_INT.o
 .debug_line    0x000030b6      0x39c MCAL/Gpt Module/Gpt.o
 .debug_line    0x00003452       0x6d MCAL/Gpt Module/Gpt_Cfg.o
 .debug_line    0x000034bf      0x5aa MCAL/I2C Module/I2C.o
 .debug_line    0x00003a69      0x22e MCAL/Spi Module/Spi.o
 .debug_line    0x00003c97      0x4a3 MCAL/StringManipulation.o
 .debug_line    0x0000413a      0x2ce MCAL/SWPwm Module/SWPwm.o
 .debug_line    0x00004408       0x75 MCAL/SWPwm Module/SWPwm_Cfg.o
 .debug_line    0x0000447d      0x31b MCAL/Uart Module/Uart.o

.debug_frame    0x00000000     0x16ec
 *(.debug_frame)
 .debug_frame   0x00000000      0x2e0 APPL/App.o
 .debug_frame   0x000002e0       0x60 ECUAL/Button Module/Button.o
 .debug_frame   0x00000340      0x1c8 ECUAL/Eeprom_I2C Module/Eeprom_24.o
 .debug_frame   0x00000508       0x6c ECUAL/Keypad Module/Keypad.o
 .debug_frame   0x00000574      0x15c ECUAL/Lcd Module/Lcd.o
 .debug_frame   0x000006d0       0x50 ECUAL/LM35 Module/LM35.o
 .debug_frame   0x00000720       0x84 ECUAL/Motor Module/Motor.o
 .debug_frame   0x000007a4       0x8c ECUAL/Terminal Module/Terminal.o
 .debug_frame   0x00000830       0x24 main.o
 .debug_frame   0x00000854       0xfc MCAL/Adc Module/Adc.o
 .debug_frame   0x00000950       0xa4 MCAL/Delay Module/Delay.o
 .debug_frame   0x000009f4       0x54 MCAL/Dio Module/Dio.o
 .debug_frame   0x00000a48      0x17c MCAL/Ext Interrupt Module/Ext_INT.o
 .debug_frame   0x00000bc4      0x344 MCAL/Gpt Module/Gpt.o
 .debug_frame   0x00000f08      0x210 MCAL/I2C Module/I2C.o
 .debug_frame   0x00001118      0x100 MCAL/Spi Module/Spi.o
 .debug_frame   0x00001218      0x214 MCAL/StringManipulation.o
 .debug_frame   0x0000142c       0xc4 MCAL/SWPwm Module/SWPwm.o
 .debug_frame   0x000014f0      0x1fc MCAL/Uart Module/Uart.o

.debug_str      0x00000000     0x2c92
 *(.debug_str)
 .debug_str     0x00000000      0x196 C:/Program Files (x86)/Atmel/Studio/7.0/Packs/atmel/ATmega_DFP/1.6.364/gcc/dev/atmega32/avr5/crtatmega32.o
 .debug_str     0x00000196      0xff8 APPL/App.o
                               0x1040 (size before relaxing)
 .debug_str     0x0000118e      0x216 ECUAL/Button Module/Button.o
                                0x47f (size before relaxing)
 .debug_str     0x000013a4       0x24 ECUAL/Button Module/Button_Cfg.o
                                0x1c7 (size before relaxing)
 .debug_str     0x000013c8      0x310 ECUAL/Eeprom_I2C Module/Eeprom_24.o
                                0x5ca (size before relaxing)
 .debug_str     0x000016d8       0x8b ECUAL/Keypad Module/Keypad.o
                                0x496 (size before relaxing)
 .debug_str     0x00001763       0x24 ECUAL/Keypad Module/Keypad_Cfg.o
                                0x1e0 (size before relaxing)
 .debug_str     0x00001787      0x104 ECUAL/Lcd Module/Lcd.o
                                0x52d (size before relaxing)
 .debug_str     0x0000188b      0x13f ECUAL/LM35 Module/LM35.o
                                0x39a (size before relaxing)
 .debug_str     0x000019ca      0x1a8 ECUAL/Motor Module/Motor.o
                                0x43a (size before relaxing)
 .debug_str     0x00001b72       0x22 ECUAL/Motor Module/Motor_Cfg.o
                                0x221 (size before relaxing)
 .debug_str     0x00001b94      0x1ce ECUAL/Terminal Module/Terminal.o
                                0x493 (size before relaxing)
 .debug_str     0x00001d62       0x11 main.o
                                0x1a5 (size before relaxing)
 .debug_str     0x00001d73      0x10e MCAL/Adc Module/Adc.o
                                0x3ab (size before relaxing)
 .debug_str     0x00001e81       0x1d MCAL/Adc Module/Adc_Cfg.o
                                0x1e0 (size before relaxing)
 .debug_str     0x00001e9e       0x5a MCAL/Delay Module/Delay.o
                                0x1ed (size before relaxing)
 .debug_str     0x00001ef8       0x62 MCAL/Dio Module/Dio.o
                                0x375 (size before relaxing)
 .debug_str     0x00001f5a       0x1d MCAL/Dio Module/Dio_Cfg.o
                                0x232 (size before relaxing)
 .debug_str     0x00001f77       0xe7 MCAL/Ext Interrupt Module/Ext_INT.o
                                0x270 (size before relaxing)
 .debug_str     0x0000205e      0x474 MCAL/Gpt Module/Gpt.o
                                0x62e (size before relaxing)
 .debug_str     0x000024d2       0x1d MCAL/Gpt Module/Gpt_Cfg.o
                                0x358 (size before relaxing)
 .debug_str     0x000024ef      0x197 MCAL/I2C Module/I2C.o
                                0x505 (size before relaxing)
 .debug_str     0x00002686       0xf5 MCAL/Spi Module/Spi.o
                                0x394 (size before relaxing)
 .debug_str     0x0000277b      0x14f MCAL/StringManipulation.o
                                0x39a (size before relaxing)
 .debug_str     0x000028ca      0x207 MCAL/SWPwm Module/SWPwm.o
                                0x8b7 (size before relaxing)
 .debug_str     0x00002ad1       0x21 MCAL/SWPwm Module/SWPwm_Cfg.o
                                0x1fb (size before relaxing)
 .debug_str     0x00002af2      0x1a0 MCAL/Uart Module/Uart.o
                                0x48e (size before relaxing)

.debug_loc      0x00000000     0x629c
 *(.debug_loc)
 .debug_loc     0x00000000      0xe63 APPL/App.o
 .debug_loc     0x00000e63      0x1bf ECUAL/Button Module/Button.o
 .debug_loc     0x00001022      0xb6c ECUAL/Eeprom_I2C Module/Eeprom_24.o
 .debug_loc     0x00001b8e      0x18f ECUAL/Keypad Module/Keypad.o
 .debug_loc     0x00001d1d      0x43a ECUAL/Lcd Module/Lcd.o
 .debug_loc     0x00002157       0xb8 ECUAL/LM35 Module/LM35.o
 .debug_loc     0x0000220f      0x265 ECUAL/Motor Module/Motor.o
 .debug_loc     0x00002474      0x136 ECUAL/Terminal Module/Terminal.o
 .debug_loc     0x000025aa      0x3c2 MCAL/Adc Module/Adc.o
 .debug_loc     0x0000296c      0x2f4 MCAL/Delay Module/Delay.o
 .debug_loc     0x00002c60      0x178 MCAL/Dio Module/Dio.o
 .debug_loc     0x00002dd8      0x2c4 MCAL/Ext Interrupt Module/Ext_INT.o
 .debug_loc     0x0000309c      0x99b MCAL/Gpt Module/Gpt.o
 .debug_loc     0x00003a37      0xcbb MCAL/I2C Module/I2C.o
 .debug_loc     0x000046f2      0x2ad MCAL/Spi Module/Spi.o
 .debug_loc     0x0000499f      0xe10 MCAL/StringManipulation.o
 .debug_loc     0x000057af      0x4c2 MCAL/SWPwm Module/SWPwm.o
 .debug_loc     0x00005c71      0x62b MCAL/Uart Module/Uart.o

.debug_macinfo
 *(.debug_macinfo)

.debug_weaknames
 *(.debug_weaknames)

.debug_funcnames
 *(.debug_funcnames)

.debug_typenames
 *(.debug_typenames)

.debug_varnames
 *(.debug_varnames)

.debug_pubtypes
 *(.debug_pubtypes)

.debug_ranges   0x00000000      0x608
 *(.debug_ranges)
 .debug_ranges  0x00000000      0x130 APPL/App.o
 .debug_ranges  0x00000130       0x20 ECUAL/Button Module/Button.o
 .debug_ranges  0x00000150       0xa8 ECUAL/Eeprom_I2C Module/Eeprom_24.o
 .debug_ranges  0x000001f8       0x18 ECUAL/Keypad Module/Keypad.o
 .debug_ranges  0x00000210       0x78 ECUAL/Lcd Module/Lcd.o
 .debug_ranges  0x00000288       0x18 ECUAL/LM35 Module/LM35.o
 .debug_ranges  0x000002a0       0x20 ECUAL/Motor Module/Motor.o
 .debug_ranges  0x000002c0       0x38 ECUAL/Terminal Module/Terminal.o
 .debug_ranges  0x000002f8       0x10 main.o
 .debug_ranges  0x00000308       0x38 MCAL/Adc Module/Adc.o
 .debug_ranges  0x00000340       0x20 MCAL/Delay Module/Delay.o
 .debug_ranges  0x00000360       0x28 MCAL/Dio Module/Dio.o
 .debug_ranges  0x00000388       0x50 MCAL/Ext Interrupt Module/Ext_INT.o
 .debug_ranges  0x000003d8       0x70 MCAL/Gpt Module/Gpt.o
 .debug_ranges  0x00000448       0x78 MCAL/I2C Module/I2C.o
 .debug_ranges  0x000004c0       0x48 MCAL/Spi Module/Spi.o
 .debug_ranges  0x00000508       0x68 MCAL/StringManipulation.o
 .debug_ranges  0x00000570       0x28 MCAL/SWPwm Module/SWPwm.o
 .debug_ranges  0x00000598       0x70 MCAL/Uart Module/Uart.o

.debug_macro
 *(.debug_macro)
OUTPUT(ATM.elf elf32-avr)
LOAD linker stubs
