Archive member included to satisfy reference by file (symbol)

c:/program files (x86)/atmel/studio/7.0/toolchain/avr8/avr8-gnu-toolchain/bin/../lib/gcc/avr/5.4.0/../../../../avr/lib/avr5\libm.a(addsf3.o)
                              MCAL/SWPwm Module/SWPwm.o (__subsf3)
c:/program files (x86)/atmel/studio/7.0/toolchain/avr8/avr8-gnu-toolchain/bin/../lib/gcc/avr/5.4.0/../../../../avr/lib/avr5\libm.a(addsf3x.o)
                              c:/program files (x86)/atmel/studio/7.0/toolchain/avr8/avr8-gnu-toolchain/bin/../lib/gcc/avr/5.4.0/../../../../avr/lib/avr5\libm.a(addsf3.o) (__addsf3x)
c:/program files (x86)/atmel/studio/7.0/toolchain/avr8/avr8-gnu-toolchain/bin/../lib/gcc/avr/5.4.0/../../../../avr/lib/avr5\libm.a(divsf3.o)
                              MCAL/SWPwm Module/SWPwm.o (__divsf3)
c:/program files (x86)/atmel/studio/7.0/toolchain/avr8/avr8-gnu-toolchain/bin/../lib/gcc/avr/5.4.0/../../../../avr/lib/avr5\libm.a(divsf3x.o)
                              c:/program files (x86)/atmel/studio/7.0/toolchain/avr8/avr8-gnu-toolchain/bin/../lib/gcc/avr/5.4.0/../../../../avr/lib/avr5\libm.a(divsf3.o) (__divsf3x)
c:/program files (x86)/atmel/studio/7.0/toolchain/avr8/avr8-gnu-toolchain/bin/../lib/gcc/avr/5.4.0/../../../../avr/lib/avr5\libm.a(fixunssfsi.o)
                              MCAL/Adc Module/Adc.o (__fixunssfsi)
c:/program files (x86)/atmel/studio/7.0/toolchain/avr8/avr8-gnu-toolchain/bin/../lib/gcc/avr/5.4.0/../../../../avr/lib/avr5\libm.a(floatsisf.o)
                              MCAL/Adc Module/Adc.o (__floatunsisf)
c:/program files (x86)/atmel/studio/7.0/toolchain/avr8/avr8-gnu-toolchain/bin/../lib/gcc/avr/5.4.0/../../../../avr/lib/avr5\libm.a(fp_inf.o)
                              c:/program files (x86)/atmel/studio/7.0/toolchain/avr8/avr8-gnu-toolchain/bin/../lib/gcc/avr/5.4.0/../../../../avr/lib/avr5\libm.a(addsf3x.o) (__fp_inf)
c:/program files (x86)/atmel/studio/7.0/toolchain/avr8/avr8-gnu-toolchain/bin/../lib/gcc/avr/5.4.0/../../../../avr/lib/avr5\libm.a(fp_nan.o)
                              c:/program files (x86)/atmel/studio/7.0/toolchain/avr8/avr8-gnu-toolchain/bin/../lib/gcc/avr/5.4.0/../../../../avr/lib/avr5\libm.a(addsf3x.o) (__fp_nan)
c:/program files (x86)/atmel/studio/7.0/toolchain/avr8/avr8-gnu-toolchain/bin/../lib/gcc/avr/5.4.0/../../../../avr/lib/avr5\libm.a(fp_pscA.o)
                              c:/program files (x86)/atmel/studio/7.0/toolchain/avr8/avr8-gnu-toolchain/bin/../lib/gcc/avr/5.4.0/../../../../avr/lib/avr5\libm.a(addsf3x.o) (__fp_pscA)
c:/program files (x86)/atmel/studio/7.0/toolchain/avr8/avr8-gnu-toolchain/bin/../lib/gcc/avr/5.4.0/../../../../avr/lib/avr5\libm.a(fp_pscB.o)
                              c:/program files (x86)/atmel/studio/7.0/toolchain/avr8/avr8-gnu-toolchain/bin/../lib/gcc/avr/5.4.0/../../../../avr/lib/avr5\libm.a(addsf3x.o) (__fp_pscB)
c:/program files (x86)/atmel/studio/7.0/toolchain/avr8/avr8-gnu-toolchain/bin/../lib/gcc/avr/5.4.0/../../../../avr/lib/avr5\libm.a(fp_round.o)
                              c:/program files (x86)/atmel/studio/7.0/toolchain/avr8/avr8-gnu-toolchain/bin/../lib/gcc/avr/5.4.0/../../../../avr/lib/avr5\libm.a(addsf3.o) (__fp_round)
c:/program files (x86)/atmel/studio/7.0/toolchain/avr8/avr8-gnu-toolchain/bin/../lib/gcc/avr/5.4.0/../../../../avr/lib/avr5\libm.a(fp_split3.o)
                              c:/program files (x86)/atmel/studio/7.0/toolchain/avr8/avr8-gnu-toolchain/bin/../lib/gcc/avr/5.4.0/../../../../avr/lib/avr5\libm.a(addsf3x.o) (__fp_split3)
c:/program files (x86)/atmel/studio/7.0/toolchain/avr8/avr8-gnu-toolchain/bin/../lib/gcc/avr/5.4.0/../../../../avr/lib/avr5\libm.a(fp_zero.o)
                              c:/program files (x86)/atmel/studio/7.0/toolchain/avr8/avr8-gnu-toolchain/bin/../lib/gcc/avr/5.4.0/../../../../avr/lib/avr5\libm.a(addsf3x.o) (__fp_zero)
c:/program files (x86)/atmel/studio/7.0/toolchain/avr8/avr8-gnu-toolchain/bin/../lib/gcc/avr/5.4.0/../../../../avr/lib/avr5\libm.a(mulsf3.o)
                              MCAL/Adc Module/Adc.o (__mulsf3)
c:/program files (x86)/atmel/studio/7.0/toolchain/avr8/avr8-gnu-toolchain/bin/../lib/gcc/avr/5.4.0/../../../../avr/lib/avr5\libm.a(mulsf3x.o)
                              c:/program files (x86)/atmel/studio/7.0/toolchain/avr8/avr8-gnu-toolchain/bin/../lib/gcc/avr/5.4.0/../../../../avr/lib/avr5\libm.a(mulsf3.o) (__mulsf3x)
c:/program files (x86)/atmel/studio/7.0/toolchain/avr8/avr8-gnu-toolchain/bin/../lib/gcc/avr/5.4.0/avr5\libgcc.a(_divmodhi4.o)
                              MCAL/StringManipulation.o (__divmodhi4)
c:/program files (x86)/atmel/studio/7.0/toolchain/avr8/avr8-gnu-toolchain/bin/../lib/gcc/avr/5.4.0/avr5\libgcc.a(_udivmodsi4.o)
                              ECUAL/LM35 Module/LM35.o (__udivmodsi4)
c:/program files (x86)/atmel/studio/7.0/toolchain/avr8/avr8-gnu-toolchain/bin/../lib/gcc/avr/5.4.0/avr5\libgcc.a(_exit.o)
                              C:/Program Files (x86)/Atmel/Studio/7.0/Packs/atmel/ATmega_DFP/1.6.364/gcc/dev/atmega32/avr5/crtatmega32.o (exit)
c:/program files (x86)/atmel/studio/7.0/toolchain/avr8/avr8-gnu-toolchain/bin/../lib/gcc/avr/5.4.0/avr5\libgcc.a(_tablejump2.o)
                              MCAL/SWPwm Module/SWPwm.o (__tablejump2__)
c:/program files (x86)/atmel/studio/7.0/toolchain/avr8/avr8-gnu-toolchain/bin/../lib/gcc/avr/5.4.0/avr5\libgcc.a(_copy_data.o)
                              APPL/App.o (__do_copy_data)
c:/program files (x86)/atmel/studio/7.0/toolchain/avr8/avr8-gnu-toolchain/bin/../lib/gcc/avr/5.4.0/avr5\libgcc.a(_clear_bss.o)
                              APPL/App.o (__do_clear_bss)
c:/program files (x86)/atmel/studio/7.0/toolchain/avr8/avr8-gnu-toolchain/bin/../lib/gcc/avr/5.4.0/avr5\libgcc.a(_umulhisi3.o)
                              MCAL/StringManipulation.o (__umulhisi3)
c:/program files (x86)/atmel/studio/7.0/toolchain/avr8/avr8-gnu-toolchain/bin/../lib/gcc/avr/5.4.0/avr5\libgcc.a(_muluhisi3.o)
                              MCAL/StringManipulation.o (__muluhisi3)
c:/program files (x86)/atmel/studio/7.0/toolchain/avr8/avr8-gnu-toolchain/bin/../lib/gcc/avr/5.4.0/avr5\libgcc.a(_mulshisi3.o)
                              MCAL/StringManipulation.o (__mulshisi3)
c:/program files (x86)/atmel/studio/7.0/toolchain/avr8/avr8-gnu-toolchain/bin/../lib/gcc/avr/5.4.0/avr5\libgcc.a(_adddi3_s8.o)
                              MCAL/Delay Module/Delay.o (__adddi3_s8)
c:/program files (x86)/atmel/studio/7.0/toolchain/avr8/avr8-gnu-toolchain/bin/../lib/gcc/avr/5.4.0/avr5\libgcc.a(_cmpdi2.o)
                              MCAL/Delay Module/Delay.o (__cmpdi2)
c:/program files (x86)/atmel/studio/7.0/toolchain/avr8/avr8-gnu-toolchain/bin/../lib/gcc/avr/5.4.0/avr5\libgcc.a(_cmpdi2_s8.o)
                              MCAL/Delay Module/Delay.o (__cmpdi2_s8)
c:/program files (x86)/atmel/studio/7.0/toolchain/avr8/avr8-gnu-toolchain/bin/../lib/gcc/avr/5.4.0/avr5\libgcc.a(_udivmodhi4.o)
                              c:/program files (x86)/atmel/studio/7.0/toolchain/avr8/avr8-gnu-toolchain/bin/../lib/gcc/avr/5.4.0/avr5\libgcc.a(_divmodhi4.o) (__udivmodhi4)

Discarded input sections

 .data          0x00000000        0x0 C:/Program Files (x86)/Atmel/Studio/7.0/Packs/atmel/ATmega_DFP/1.6.364/gcc/dev/atmega32/avr5/crtatmega32.o
 .bss           0x00000000        0x0 C:/Program Files (x86)/Atmel/Studio/7.0/Packs/atmel/ATmega_DFP/1.6.364/gcc/dev/atmega32/avr5/crtatmega32.o
 .text          0x00000000        0x0 APPL/App.o
 .data          0x00000000        0x0 APPL/App.o
 .bss           0x00000000        0x0 APPL/App.o
 .rodata.ATM_TERM_EXIT
                0x00000000        0x2 APPL/App.o
 .rodata.ATM_TERM_MAX_AMOUNT
                0x00000000        0x2 APPL/App.o
 .rodata.ATM_TERM_NEW_CUSTOMER
                0x00000000        0x2 APPL/App.o
 .bss.cgu8_ATM_Req
                0x00000000        0x1 APPL/App.o
 .text          0x00000000        0x0 ECUAL/Button Module/Button.o
 .data          0x00000000        0x0 ECUAL/Button Module/Button.o
 .bss           0x00000000        0x0 ECUAL/Button Module/Button.o
 .text          0x00000000        0x0 ECUAL/Button Module/Button_Cfg.o
 .data          0x00000000        0x0 ECUAL/Button Module/Button_Cfg.o
 .bss           0x00000000        0x0 ECUAL/Button Module/Button_Cfg.o
 .text          0x00000000        0x0 ECUAL/Eeprom_I2C Module/Eeprom_24.o
 .data          0x00000000        0x0 ECUAL/Eeprom_I2C Module/Eeprom_24.o
 .bss           0x00000000        0x0 ECUAL/Eeprom_I2C Module/Eeprom_24.o
 .text          0x00000000        0x0 ECUAL/Keypad Module/Keypad.o
 .data          0x00000000        0x0 ECUAL/Keypad Module/Keypad.o
 .bss           0x00000000        0x0 ECUAL/Keypad Module/Keypad.o
 .text          0x00000000        0x0 ECUAL/Keypad Module/Keypad_Cfg.o
 .data          0x00000000        0x0 ECUAL/Keypad Module/Keypad_Cfg.o
 .bss           0x00000000        0x0 ECUAL/Keypad Module/Keypad_Cfg.o
 .text          0x00000000        0x0 ECUAL/Lcd Module/Lcd.o
 .data          0x00000000        0x0 ECUAL/Lcd Module/Lcd.o
 .bss           0x00000000        0x0 ECUAL/Lcd Module/Lcd.o
 .text.Lcd_shiftRight
                0x00000000        0xa ECUAL/Lcd Module/Lcd.o
 .text.Lcd_shiftLeft
                0x00000000        0xa ECUAL/Lcd Module/Lcd.o
 .text.Lcd_printBinary
                0x00000000       0x3c ECUAL/Lcd Module/Lcd.o
 .text.Lcd_printHexa
                0x00000000       0x3c ECUAL/Lcd Module/Lcd.o
 .text          0x00000000        0x0 ECUAL/LM35 Module/LM35.o
 .data          0x00000000        0x0 ECUAL/LM35 Module/LM35.o
 .bss           0x00000000        0x0 ECUAL/LM35 Module/LM35.o
 .text          0x00000000        0x0 ECUAL/Motor Module/Motor.o
 .data          0x00000000        0x0 ECUAL/Motor Module/Motor.o
 .bss           0x00000000        0x0 ECUAL/Motor Module/Motor.o
 .text          0x00000000        0x0 ECUAL/Motor Module/Motor_Cfg.o
 .data          0x00000000        0x0 ECUAL/Motor Module/Motor_Cfg.o
 .bss           0x00000000        0x0 ECUAL/Motor Module/Motor_Cfg.o
 .text          0x00000000        0x0 ECUAL/Terminal Module/Terminal.o
 .data          0x00000000        0x0 ECUAL/Terminal Module/Terminal.o
 .bss           0x00000000        0x0 ECUAL/Terminal Module/Terminal.o
 .text          0x00000000        0x0 main.o
 .data          0x00000000        0x0 main.o
 .bss           0x00000000        0x0 main.o
 .text          0x00000000        0x0 MCAL/Adc Module/Adc.o
 .data          0x00000000        0x0 MCAL/Adc Module/Adc.o
 .bss           0x00000000        0x0 MCAL/Adc Module/Adc.o
 .text.ADC_stop
                0x00000000       0x22 MCAL/Adc Module/Adc.o
 .text.ADC_startWithInterrupt
                0x00000000       0x4e MCAL/Adc Module/Adc.o
 .text.ADC_readFromISR
                0x00000000       0xac MCAL/Adc Module/Adc.o
 .text          0x00000000        0x0 MCAL/Adc Module/Adc_Cfg.o
 .data          0x00000000        0x0 MCAL/Adc Module/Adc_Cfg.o
 .bss           0x00000000        0x0 MCAL/Adc Module/Adc_Cfg.o
 .text          0x00000000        0x0 MCAL/Delay Module/Delay.o
 .data          0x00000000        0x0 MCAL/Delay Module/Delay.o
 .bss           0x00000000        0x0 MCAL/Delay Module/Delay.o
 .text.Delay_us
                0x00000000        0x2 MCAL/Delay Module/Delay.o
 .text.Delay_s  0x00000000        0x2 MCAL/Delay Module/Delay.o
 .text          0x00000000        0x0 MCAL/Dio Module/Dio.o
 .data          0x00000000        0x0 MCAL/Dio Module/Dio.o
 .bss           0x00000000        0x0 MCAL/Dio Module/Dio.o
 .text          0x00000000        0x0 MCAL/Dio Module/Dio_Cfg.o
 .data          0x00000000        0x0 MCAL/Dio Module/Dio_Cfg.o
 .bss           0x00000000        0x0 MCAL/Dio Module/Dio_Cfg.o
 .text          0x00000000        0x0 MCAL/Ext Interrupt Module/Ext_INT.o
 .data          0x00000000        0x0 MCAL/Ext Interrupt Module/Ext_INT.o
 .bss           0x00000000        0x0 MCAL/Ext Interrupt Module/Ext_INT.o
 .text.Ext_INT0_init
                0x00000000        0xe MCAL/Ext Interrupt Module/Ext_INT.o
 .text.Ext_INT1_init
                0x00000000       0x18 MCAL/Ext Interrupt Module/Ext_INT.o
 .text.Ext_INT2_init
                0x00000000        0x8 MCAL/Ext Interrupt Module/Ext_INT.o
 .text.INT0_setCallBack
                0x00000000        0xa MCAL/Ext Interrupt Module/Ext_INT.o
 .text.INT1_setCallBack
                0x00000000        0xa MCAL/Ext Interrupt Module/Ext_INT.o
 .text.INT2_setCallBack
                0x00000000        0xa MCAL/Ext Interrupt Module/Ext_INT.o
 .text          0x00000000        0x0 MCAL/Gpt Module/Gpt.o
 .data          0x00000000        0x0 MCAL/Gpt Module/Gpt.o
 .bss           0x00000000        0x0 MCAL/Gpt Module/Gpt.o
 .text.GptStart_Sync
                0x00000000       0xc4 MCAL/Gpt Module/Gpt.o
 .text          0x00000000        0x0 MCAL/Gpt Module/Gpt_Cfg.o
 .data          0x00000000        0x0 MCAL/Gpt Module/Gpt_Cfg.o
 .bss           0x00000000        0x0 MCAL/Gpt Module/Gpt_Cfg.o
 .text          0x00000000        0x0 MCAL/I2C Module/I2C.o
 .data          0x00000000        0x0 MCAL/I2C Module/I2C.o
 .bss           0x00000000        0x0 MCAL/I2C Module/I2C.o
 .text.I2C_MasterSendPacket
                0x00000000       0x94 MCAL/I2C Module/I2C.o
 .text.I2C_MasterReceivePacket
                0x00000000       0x90 MCAL/I2C Module/I2C.o
 .text          0x00000000        0x0 MCAL/Spi Module/Spi.o
 .data          0x00000000        0x0 MCAL/Spi Module/Spi.o
 .bss           0x00000000        0x0 MCAL/Spi Module/Spi.o
 .text.Spi_SlaveSendByte
                0x00000000       0x16 MCAL/Spi Module/Spi.o
 .text.Spi_EnableNotification
                0x00000000       0x2a MCAL/Spi Module/Spi.o
 .text.Spi_DisableNotification
                0x00000000       0x16 MCAL/Spi Module/Spi.o
 .text.Spi_DataRegister
                0x00000000        0x4 MCAL/Spi Module/Spi.o
 .text          0x00000000        0x0 MCAL/StringManipulation.o
 .data          0x00000000        0x0 MCAL/StringManipulation.o
 .bss           0x00000000        0x0 MCAL/StringManipulation.o
 .text.power    0x00000000       0x48 MCAL/StringManipulation.o
 .text.stringConcatenate
                0x00000000       0x56 MCAL/StringManipulation.o
 .text.Max_String_Num
                0x00000000       0x62 MCAL/StringManipulation.o
 .text.stringHexToNum
                0x00000000       0xe4 MCAL/StringManipulation.o
 .text.stringToInteger
                0x00000000       0xb0 MCAL/StringManipulation.o
 .text          0x00000000        0x0 MCAL/SWPwm Module/SWPwm.o
 .data          0x00000000        0x0 MCAL/SWPwm Module/SWPwm.o
 .bss           0x00000000        0x0 MCAL/SWPwm Module/SWPwm.o
 .text          0x00000000        0x0 MCAL/SWPwm Module/SWPwm_Cfg.o
 .data          0x00000000        0x0 MCAL/SWPwm Module/SWPwm_Cfg.o
 .bss           0x00000000        0x0 MCAL/SWPwm Module/SWPwm_Cfg.o
 .text          0x00000000        0x0 MCAL/Uart Module/Uart.o
 .data          0x00000000        0x0 MCAL/Uart Module/Uart.o
 .bss           0x00000000        0x0 MCAL/Uart Module/Uart.o
 .text.Uart_receiveByte
                0x00000000       0x1a MCAL/Uart Module/Uart.o
 .text.Uart_receivePacket
                0x00000000       0x4c MCAL/Uart Module/Uart.o
 .text.Uart_EnableNotification_TXC
                0x00000000       0x2a MCAL/Uart Module/Uart.o
 .text.Uart_EnableNotification_UDRE
                0x00000000       0x2a MCAL/Uart Module/Uart.o
 .text.Uart_DisableNotification
                0x00000000       0x18 MCAL/Uart Module/Uart.o
 .text          0x00000000        0x0 c:/program files (x86)/atmel/studio/7.0/toolchain/avr8/avr8-gnu-toolchain/bin/../lib/gcc/avr/5.4.0/../../../../avr/lib/avr5\libm.a(addsf3.o)
 .data          0x00000000        0x0 c:/program files (x86)/atmel/studio/7.0/toolchain/avr8/avr8-gnu-toolchain/bin/../lib/gcc/avr/5.4.0/../../../../avr/lib/avr5\libm.a(addsf3.o)
 .bss           0x00000000        0x0 c:/program files (x86)/atmel/studio/7.0/toolchain/avr8/avr8-gnu-toolchain/bin/../lib/gcc/avr/5.4.0/../../../../avr/lib/avr5\libm.a(addsf3.o)
 .text          0x00000000        0x0 c:/program files (x86)/atmel/studio/7.0/toolchain/avr8/avr8-gnu-toolchain/bin/../lib/gcc/avr/5.4.0/../../../../avr/lib/avr5\libm.a(addsf3x.o)
 .data          0x00000000        0x0 c:/program files (x86)/atmel/studio/7.0/toolchain/avr8/avr8-gnu-toolchain/bin/../lib/gcc/avr/5.4.0/../../../../avr/lib/avr5\libm.a(addsf3x.o)
 .bss           0x00000000        0x0 c:/program files (x86)/atmel/studio/7.0/toolchain/avr8/avr8-gnu-toolchain/bin/../lib/gcc/avr/5.4.0/../../../../avr/lib/avr5\libm.a(addsf3x.o)
 .text          0x00000000        0x0 c:/program files (x86)/atmel/studio/7.0/toolchain/avr8/avr8-gnu-toolchain/bin/../lib/gcc/avr/5.4.0/../../../../avr/lib/avr5\libm.a(divsf3.o)
 .data          0x00000000        0x0 c:/program files (x86)/atmel/studio/7.0/toolchain/avr8/avr8-gnu-toolchain/bin/../lib/gcc/avr/5.4.0/../../../../avr/lib/avr5\libm.a(divsf3.o)
 .bss           0x00000000        0x0 c:/program files (x86)/atmel/studio/7.0/toolchain/avr8/avr8-gnu-toolchain/bin/../lib/gcc/avr/5.4.0/../../../../avr/lib/avr5\libm.a(divsf3.o)
 .text          0x00000000        0x0 c:/program files (x86)/atmel/studio/7.0/toolchain/avr8/avr8-gnu-toolchain/bin/../lib/gcc/avr/5.4.0/../../../../avr/lib/avr5\libm.a(divsf3x.o)
 .data          0x00000000        0x0 c:/program files (x86)/atmel/studio/7.0/toolchain/avr8/avr8-gnu-toolchain/bin/../lib/gcc/avr/5.4.0/../../../../avr/lib/avr5\libm.a(divsf3x.o)
 .bss           0x00000000        0x0 c:/program files (x86)/atmel/studio/7.0/toolchain/avr8/avr8-gnu-toolchain/bin/../lib/gcc/avr/5.4.0/../../../../avr/lib/avr5\libm.a(divsf3x.o)
 .text          0x00000000        0x0 c:/program files (x86)/atmel/studio/7.0/toolchain/avr8/avr8-gnu-toolchain/bin/../lib/gcc/avr/5.4.0/../../../../avr/lib/avr5\libm.a(fixunssfsi.o)
 .data          0x00000000        0x0 c:/program files (x86)/atmel/studio/7.0/toolchain/avr8/avr8-gnu-toolchain/bin/../lib/gcc/avr/5.4.0/../../../../avr/lib/avr5\libm.a(fixunssfsi.o)
 .bss           0x00000000        0x0 c:/program files (x86)/atmel/studio/7.0/toolchain/avr8/avr8-gnu-toolchain/bin/../lib/gcc/avr/5.4.0/../../../../avr/lib/avr5\libm.a(fixunssfsi.o)
 .text          0x00000000        0x0 c:/program files (x86)/atmel/studio/7.0/toolchain/avr8/avr8-gnu-toolchain/bin/../lib/gcc/avr/5.4.0/../../../../avr/lib/avr5\libm.a(floatsisf.o)
 .data          0x00000000        0x0 c:/program files (x86)/atmel/studio/7.0/toolchain/avr8/avr8-gnu-toolchain/bin/../lib/gcc/avr/5.4.0/../../../../avr/lib/avr5\libm.a(floatsisf.o)
 .bss           0x00000000        0x0 c:/program files (x86)/atmel/studio/7.0/toolchain/avr8/avr8-gnu-toolchain/bin/../lib/gcc/avr/5.4.0/../../../../avr/lib/avr5\libm.a(floatsisf.o)
 .text          0x00000000        0x0 c:/program files (x86)/atmel/studio/7.0/toolchain/avr8/avr8-gnu-toolchain/bin/../lib/gcc/avr/5.4.0/../../../../avr/lib/avr5\libm.a(fp_inf.o)
 .data          0x00000000        0x0 c:/program files (x86)/atmel/studio/7.0/toolchain/avr8/avr8-gnu-toolchain/bin/../lib/gcc/avr/5.4.0/../../../../avr/lib/avr5\libm.a(fp_inf.o)
 .bss           0x00000000        0x0 c:/program files (x86)/atmel/studio/7.0/toolchain/avr8/avr8-gnu-toolchain/bin/../lib/gcc/avr/5.4.0/../../../../avr/lib/avr5\libm.a(fp_inf.o)
 .text          0x00000000        0x0 c:/program files (x86)/atmel/studio/7.0/toolchain/avr8/avr8-gnu-toolchain/bin/../lib/gcc/avr/5.4.0/../../../../avr/lib/avr5\libm.a(fp_nan.o)
 .data          0x00000000        0x0 c:/program files (x86)/atmel/studio/7.0/toolchain/avr8/avr8-gnu-toolchain/bin/../lib/gcc/avr/5.4.0/../../../../avr/lib/avr5\libm.a(fp_nan.o)
 .bss           0x00000000        0x0 c:/program files (x86)/atmel/studio/7.0/toolchain/avr8/avr8-gnu-toolchain/bin/../lib/gcc/avr/5.4.0/../../../../avr/lib/avr5\libm.a(fp_nan.o)
 .text          0x00000000        0x0 c:/program files (x86)/atmel/studio/7.0/toolchain/avr8/avr8-gnu-toolchain/bin/../lib/gcc/avr/5.4.0/../../../../avr/lib/avr5\libm.a(fp_pscA.o)
 .data          0x00000000        0x0 c:/program files (x86)/atmel/studio/7.0/toolchain/avr8/avr8-gnu-toolchain/bin/../lib/gcc/avr/5.4.0/../../../../avr/lib/avr5\libm.a(fp_pscA.o)
 .bss           0x00000000        0x0 c:/program files (x86)/atmel/studio/7.0/toolchain/avr8/avr8-gnu-toolchain/bin/../lib/gcc/avr/5.4.0/../../../../avr/lib/avr5\libm.a(fp_pscA.o)
 .text          0x00000000        0x0 c:/program files (x86)/atmel/studio/7.0/toolchain/avr8/avr8-gnu-toolchain/bin/../lib/gcc/avr/5.4.0/../../../../avr/lib/avr5\libm.a(fp_pscB.o)
 .data          0x00000000        0x0 c:/program files (x86)/atmel/studio/7.0/toolchain/avr8/avr8-gnu-toolchain/bin/../lib/gcc/avr/5.4.0/../../../../avr/lib/avr5\libm.a(fp_pscB.o)
 .bss           0x00000000        0x0 c:/program files (x86)/atmel/studio/7.0/toolchain/avr8/avr8-gnu-toolchain/bin/../lib/gcc/avr/5.4.0/../../../../avr/lib/avr5\libm.a(fp_pscB.o)
 .text          0x00000000        0x0 c:/program files (x86)/atmel/studio/7.0/toolchain/avr8/avr8-gnu-toolchain/bin/../lib/gcc/avr/5.4.0/../../../../avr/lib/avr5\libm.a(fp_round.o)
 .data          0x00000000        0x0 c:/program files (x86)/atmel/studio/7.0/toolchain/avr8/avr8-gnu-toolchain/bin/../lib/gcc/avr/5.4.0/../../../../avr/lib/avr5\libm.a(fp_round.o)
 .bss           0x00000000        0x0 c:/program files (x86)/atmel/studio/7.0/toolchain/avr8/avr8-gnu-toolchain/bin/../lib/gcc/avr/5.4.0/../../../../avr/lib/avr5\libm.a(fp_round.o)
 .text          0x00000000        0x0 c:/program files (x86)/atmel/studio/7.0/toolchain/avr8/avr8-gnu-toolchain/bin/../lib/gcc/avr/5.4.0/../../../../avr/lib/avr5\libm.a(fp_split3.o)
 .data          0x00000000        0x0 c:/program files (x86)/atmel/studio/7.0/toolchain/avr8/avr8-gnu-toolchain/bin/../lib/gcc/avr/5.4.0/../../../../avr/lib/avr5\libm.a(fp_split3.o)
 .bss           0x00000000        0x0 c:/program files (x86)/atmel/studio/7.0/toolchain/avr8/avr8-gnu-toolchain/bin/../lib/gcc/avr/5.4.0/../../../../avr/lib/avr5\libm.a(fp_split3.o)
 .text          0x00000000        0x0 c:/program files (x86)/atmel/studio/7.0/toolchain/avr8/avr8-gnu-toolchain/bin/../lib/gcc/avr/5.4.0/../../../../avr/lib/avr5\libm.a(fp_zero.o)
 .data          0x00000000        0x0 c:/program files (x86)/atmel/studio/7.0/toolchain/avr8/avr8-gnu-toolchain/bin/../lib/gcc/avr/5.4.0/../../../../avr/lib/avr5\libm.a(fp_zero.o)
 .bss           0x00000000        0x0 c:/program files (x86)/atmel/studio/7.0/toolchain/avr8/avr8-gnu-toolchain/bin/../lib/gcc/avr/5.4.0/../../../../avr/lib/avr5\libm.a(fp_zero.o)
 .text          0x00000000        0x0 c:/program files (x86)/atmel/studio/7.0/toolchain/avr8/avr8-gnu-toolchain/bin/../lib/gcc/avr/5.4.0/../../../../avr/lib/avr5\libm.a(mulsf3.o)
 .data          0x00000000        0x0 c:/program files (x86)/atmel/studio/7.0/toolchain/avr8/avr8-gnu-toolchain/bin/../lib/gcc/avr/5.4.0/../../../../avr/lib/avr5\libm.a(mulsf3.o)
 .bss           0x00000000        0x0 c:/program files (x86)/atmel/studio/7.0/toolchain/avr8/avr8-gnu-toolchain/bin/../lib/gcc/avr/5.4.0/../../../../avr/lib/avr5\libm.a(mulsf3.o)
 .text          0x00000000        0x0 c:/program files (x86)/atmel/studio/7.0/toolchain/avr8/avr8-gnu-toolchain/bin/../lib/gcc/avr/5.4.0/../../../../avr/lib/avr5\libm.a(mulsf3x.o)
 .data          0x00000000        0x0 c:/program files (x86)/atmel/studio/7.0/toolchain/avr8/avr8-gnu-toolchain/bin/../lib/gcc/avr/5.4.0/../../../../avr/lib/avr5\libm.a(mulsf3x.o)
 .bss           0x00000000        0x0 c:/program files (x86)/atmel/studio/7.0/toolchain/avr8/avr8-gnu-toolchain/bin/../lib/gcc/avr/5.4.0/../../../../avr/lib/avr5\libm.a(mulsf3x.o)
 .text          0x00000000        0x0 c:/program files (x86)/atmel/studio/7.0/toolchain/avr8/avr8-gnu-toolchain/bin/../lib/gcc/avr/5.4.0/avr5\libgcc.a(_divmodhi4.o)
 .data          0x00000000        0x0 c:/program files (x86)/atmel/studio/7.0/toolchain/avr8/avr8-gnu-toolchain/bin/../lib/gcc/avr/5.4.0/avr5\libgcc.a(_divmodhi4.o)
 .bss           0x00000000        0x0 c:/program files (x86)/atmel/studio/7.0/toolchain/avr8/avr8-gnu-toolchain/bin/../lib/gcc/avr/5.4.0/avr5\libgcc.a(_divmodhi4.o)
 .text.libgcc.mul
                0x00000000        0x0 c:/program files (x86)/atmel/studio/7.0/toolchain/avr8/avr8-gnu-toolchain/bin/../lib/gcc/avr/5.4.0/avr5\libgcc.a(_divmodhi4.o)
 .text.libgcc   0x00000000        0x0 c:/program files (x86)/atmel/studio/7.0/toolchain/avr8/avr8-gnu-toolchain/bin/../lib/gcc/avr/5.4.0/avr5\libgcc.a(_divmodhi4.o)
 .text.libgcc.prologue
                0x00000000        0x0 c:/program files (x86)/atmel/studio/7.0/toolchain/avr8/avr8-gnu-toolchain/bin/../lib/gcc/avr/5.4.0/avr5\libgcc.a(_divmodhi4.o)
 .text.libgcc.builtins
                0x00000000        0x0 c:/program files (x86)/atmel/studio/7.0/toolchain/avr8/avr8-gnu-toolchain/bin/../lib/gcc/avr/5.4.0/avr5\libgcc.a(_divmodhi4.o)
 .text.libgcc.fmul
                0x00000000        0x0 c:/program files (x86)/atmel/studio/7.0/toolchain/avr8/avr8-gnu-toolchain/bin/../lib/gcc/avr/5.4.0/avr5\libgcc.a(_divmodhi4.o)
 .text.libgcc.fixed
                0x00000000        0x0 c:/program files (x86)/atmel/studio/7.0/toolchain/avr8/avr8-gnu-toolchain/bin/../lib/gcc/avr/5.4.0/avr5\libgcc.a(_divmodhi4.o)
 .text          0x00000000        0x0 c:/program files (x86)/atmel/studio/7.0/toolchain/avr8/avr8-gnu-toolchain/bin/../lib/gcc/avr/5.4.0/avr5\libgcc.a(_udivmodsi4.o)
 .data          0x00000000        0x0 c:/program files (x86)/atmel/studio/7.0/toolchain/avr8/avr8-gnu-toolchain/bin/../lib/gcc/avr/5.4.0/avr5\libgcc.a(_udivmodsi4.o)
 .bss           0x00000000        0x0 c:/program files (x86)/atmel/studio/7.0/toolchain/avr8/avr8-gnu-toolchain/bin/../lib/gcc/avr/5.4.0/avr5\libgcc.a(_udivmodsi4.o)
 .text.libgcc.mul
                0x00000000        0x0 c:/program files (x86)/atmel/studio/7.0/toolchain/avr8/avr8-gnu-toolchain/bin/../lib/gcc/avr/5.4.0/avr5\libgcc.a(_udivmodsi4.o)
 .text.libgcc   0x00000000        0x0 c:/program files (x86)/atmel/studio/7.0/toolchain/avr8/avr8-gnu-toolchain/bin/../lib/gcc/avr/5.4.0/avr5\libgcc.a(_udivmodsi4.o)
 .text.libgcc.prologue
                0x00000000        0x0 c:/program files (x86)/atmel/studio/7.0/toolchain/avr8/avr8-gnu-toolchain/bin/../lib/gcc/avr/5.4.0/avr5\libgcc.a(_udivmodsi4.o)
 .text.libgcc.builtins
                0x00000000        0x0 c:/program files (x86)/atmel/studio/7.0/toolchain/avr8/avr8-gnu-toolchain/bin/../lib/gcc/avr/5.4.0/avr5\libgcc.a(_udivmodsi4.o)
 .text.libgcc.fmul
                0x00000000        0x0 c:/program files (x86)/atmel/studio/7.0/toolchain/avr8/avr8-gnu-toolchain/bin/../lib/gcc/avr/5.4.0/avr5\libgcc.a(_udivmodsi4.o)
 .text.libgcc.fixed
                0x00000000        0x0 c:/program files (x86)/atmel/studio/7.0/toolchain/avr8/avr8-gnu-toolchain/bin/../lib/gcc/avr/5.4.0/avr5\libgcc.a(_udivmodsi4.o)
 .text          0x00000000        0x0 c:/program files (x86)/atmel/studio/7.0/toolchain/avr8/avr8-gnu-toolchain/bin/../lib/gcc/avr/5.4.0/avr5\libgcc.a(_exit.o)
 .data          0x00000000        0x0 c:/program files (x86)/atmel/studio/7.0/toolchain/avr8/avr8-gnu-toolchain/bin/../lib/gcc/avr/5.4.0/avr5\libgcc.a(_exit.o)
 .bss           0x00000000        0x0 c:/program files (x86)/atmel/studio/7.0/toolchain/avr8/avr8-gnu-toolchain/bin/../lib/gcc/avr/5.4.0/avr5\libgcc.a(_exit.o)
 .text.libgcc.mul
                0x00000000        0x0 c:/program files (x86)/atmel/studio/7.0/toolchain/avr8/avr8-gnu-toolchain/bin/../lib/gcc/avr/5.4.0/avr5\libgcc.a(_exit.o)
 .text.libgcc.div
                0x00000000        0x0 c:/program files (x86)/atmel/studio/7.0/toolchain/avr8/avr8-gnu-toolchain/bin/../lib/gcc/avr/5.4.0/avr5\libgcc.a(_exit.o)
 .text.libgcc   0x00000000        0x0 c:/program files (x86)/atmel/studio/7.0/toolchain/avr8/avr8-gnu-toolchain/bin/../lib/gcc/avr/5.4.0/avr5\libgcc.a(_exit.o)
 .text.libgcc.prologue
                0x00000000        0x0 c:/program files (x86)/atmel/studio/7.0/toolchain/avr8/avr8-gnu-toolchain/bin/../lib/gcc/avr/5.4.0/avr5\libgcc.a(_exit.o)
 .text.libgcc.builtins
                0x00000000        0x0 c:/program files (x86)/atmel/studio/7.0/toolchain/avr8/avr8-gnu-toolchain/bin/../lib/gcc/avr/5.4.0/avr5\libgcc.a(_exit.o)
 .text.libgcc.fmul
                0x00000000        0x0 c:/program files (x86)/atmel/studio/7.0/toolchain/avr8/avr8-gnu-toolchain/bin/../lib/gcc/avr/5.4.0/avr5\libgcc.a(_exit.o)
 .text.libgcc.fixed
                0x00000000        0x0 c:/program files (x86)/atmel/studio/7.0/toolchain/avr8/avr8-gnu-toolchain/bin/../lib/gcc/avr/5.4.0/avr5\libgcc.a(_exit.o)
 .text          0x00000000        0x0 c:/program files (x86)/atmel/studio/7.0/toolchain/avr8/avr8-gnu-toolchain/bin/../lib/gcc/avr/5.4.0/avr5\libgcc.a(_tablejump2.o)
 .data          0x00000000        0x0 c:/program files (x86)/atmel/studio/7.0/toolchain/avr8/avr8-gnu-toolchain/bin/../lib/gcc/avr/5.4.0/avr5\libgcc.a(_tablejump2.o)
 .bss           0x00000000        0x0 c:/program files (x86)/atmel/studio/7.0/toolchain/avr8/avr8-gnu-toolchain/bin/../lib/gcc/avr/5.4.0/avr5\libgcc.a(_tablejump2.o)
 .text.libgcc.mul
                0x00000000        0x0 c:/program files (x86)/atmel/studio/7.0/toolchain/avr8/avr8-gnu-toolchain/bin/../lib/gcc/avr/5.4.0/avr5\libgcc.a(_tablejump2.o)
 .text.libgcc.div
                0x00000000        0x0 c:/program files (x86)/atmel/studio/7.0/toolchain/avr8/avr8-gnu-toolchain/bin/../lib/gcc/avr/5.4.0/avr5\libgcc.a(_tablejump2.o)
 .text.libgcc.prologue
                0x00000000        0x0 c:/program files (x86)/atmel/studio/7.0/toolchain/avr8/avr8-gnu-toolchain/bin/../lib/gcc/avr/5.4.0/avr5\libgcc.a(_tablejump2.o)
 .text.libgcc.builtins
                0x00000000        0x0 c:/program files (x86)/atmel/studio/7.0/toolchain/avr8/avr8-gnu-toolchain/bin/../lib/gcc/avr/5.4.0/avr5\libgcc.a(_tablejump2.o)
 .text.libgcc.fmul
                0x00000000        0x0 c:/program files (x86)/atmel/studio/7.0/toolchain/avr8/avr8-gnu-toolchain/bin/../lib/gcc/avr/5.4.0/avr5\libgcc.a(_tablejump2.o)
 .text.libgcc.fixed
                0x00000000        0x0 c:/program files (x86)/atmel/studio/7.0/toolchain/avr8/avr8-gnu-toolchain/bin/../lib/gcc/avr/5.4.0/avr5\libgcc.a(_tablejump2.o)
 .text          0x00000000        0x0 c:/program files (x86)/atmel/studio/7.0/toolchain/avr8/avr8-gnu-toolchain/bin/../lib/gcc/avr/5.4.0/avr5\libgcc.a(_copy_data.o)
 .data          0x00000000        0x0 c:/program files (x86)/atmel/studio/7.0/toolchain/avr8/avr8-gnu-toolchain/bin/../lib/gcc/avr/5.4.0/avr5\libgcc.a(_copy_data.o)
 .bss           0x00000000        0x0 c:/program files (x86)/atmel/studio/7.0/toolchain/avr8/avr8-gnu-toolchain/bin/../lib/gcc/avr/5.4.0/avr5\libgcc.a(_copy_data.o)
 .text.libgcc.mul
                0x00000000        0x0 c:/program files (x86)/atmel/studio/7.0/toolchain/avr8/avr8-gnu-toolchain/bin/../lib/gcc/avr/5.4.0/avr5\libgcc.a(_copy_data.o)
 .text.libgcc.div
                0x00000000        0x0 c:/program files (x86)/atmel/studio/7.0/toolchain/avr8/avr8-gnu-toolchain/bin/../lib/gcc/avr/5.4.0/avr5\libgcc.a(_copy_data.o)
 .text.libgcc   0x00000000        0x0 c:/program files (x86)/atmel/studio/7.0/toolchain/avr8/avr8-gnu-toolchain/bin/../lib/gcc/avr/5.4.0/avr5\libgcc.a(_copy_data.o)
 .text.libgcc.prologue
                0x00000000        0x0 c:/program files (x86)/atmel/studio/7.0/toolchain/avr8/avr8-gnu-toolchain/bin/../lib/gcc/avr/5.4.0/avr5\libgcc.a(_copy_data.o)
 .text.libgcc.builtins
                0x00000000        0x0 c:/program files (x86)/atmel/studio/7.0/toolchain/avr8/avr8-gnu-toolchain/bin/../lib/gcc/avr/5.4.0/avr5\libgcc.a(_copy_data.o)
 .text.libgcc.fmul
                0x00000000        0x0 c:/program files (x86)/atmel/studio/7.0/toolchain/avr8/avr8-gnu-toolchain/bin/../lib/gcc/avr/5.4.0/avr5\libgcc.a(_copy_data.o)
 .text.libgcc.fixed
                0x00000000        0x0 c:/program files (x86)/atmel/studio/7.0/toolchain/avr8/avr8-gnu-toolchain/bin/../lib/gcc/avr/5.4.0/avr5\libgcc.a(_copy_data.o)
 .text          0x00000000        0x0 c:/program files (x86)/atmel/studio/7.0/toolchain/avr8/avr8-gnu-toolchain/bin/../lib/gcc/avr/5.4.0/avr5\libgcc.a(_clear_bss.o)
 .data          0x00000000        0x0 c:/program files (x86)/atmel/studio/7.0/toolchain/avr8/avr8-gnu-toolchain/bin/../lib/gcc/avr/5.4.0/avr5\libgcc.a(_clear_bss.o)
 .bss           0x00000000        0x0 c:/program files (x86)/atmel/studio/7.0/toolchain/avr8/avr8-gnu-toolchain/bin/../lib/gcc/avr/5.4.0/avr5\libgcc.a(_clear_bss.o)
 .text.libgcc.mul
                0x00000000        0x0 c:/program files (x86)/atmel/studio/7.0/toolchain/avr8/avr8-gnu-toolchain/bin/../lib/gcc/avr/5.4.0/avr5\libgcc.a(_clear_bss.o)
 .text.libgcc.div
                0x00000000        0x0 c:/program files (x86)/atmel/studio/7.0/toolchain/avr8/avr8-gnu-toolchain/bin/../lib/gcc/avr/5.4.0/avr5\libgcc.a(_clear_bss.o)
 .text.libgcc   0x00000000        0x0 c:/program files (x86)/atmel/studio/7.0/toolchain/avr8/avr8-gnu-toolchain/bin/../lib/gcc/avr/5.4.0/avr5\libgcc.a(_clear_bss.o)
 .text.libgcc.prologue
                0x00000000        0x0 c:/program files (x86)/atmel/studio/7.0/toolchain/avr8/avr8-gnu-toolchain/bin/../lib/gcc/avr/5.4.0/avr5\libgcc.a(_clear_bss.o)
 .text.libgcc.builtins
                0x00000000        0x0 c:/program files (x86)/atmel/studio/7.0/toolchain/avr8/avr8-gnu-toolchain/bin/../lib/gcc/avr/5.4.0/avr5\libgcc.a(_clear_bss.o)
 .text.libgcc.fmul
                0x00000000        0x0 c:/program files (x86)/atmel/studio/7.0/toolchain/avr8/avr8-gnu-toolchain/bin/../lib/gcc/avr/5.4.0/avr5\libgcc.a(_clear_bss.o)
 .text.libgcc.fixed
                0x00000000        0x0 c:/program files (x86)/atmel/studio/7.0/toolchain/avr8/avr8-gnu-toolchain/bin/../lib/gcc/avr/5.4.0/avr5\libgcc.a(_clear_bss.o)
 .text          0x00000000        0x0 c:/program files (x86)/atmel/studio/7.0/toolchain/avr8/avr8-gnu-toolchain/bin/../lib/gcc/avr/5.4.0/avr5\libgcc.a(_umulhisi3.o)
 .data          0x00000000        0x0 c:/program files (x86)/atmel/studio/7.0/toolchain/avr8/avr8-gnu-toolchain/bin/../lib/gcc/avr/5.4.0/avr5\libgcc.a(_umulhisi3.o)
 .bss           0x00000000        0x0 c:/program files (x86)/atmel/studio/7.0/toolchain/avr8/avr8-gnu-toolchain/bin/../lib/gcc/avr/5.4.0/avr5\libgcc.a(_umulhisi3.o)
 .text.libgcc.div
                0x00000000        0x0 c:/program files (x86)/atmel/studio/7.0/toolchain/avr8/avr8-gnu-toolchain/bin/../lib/gcc/avr/5.4.0/avr5\libgcc.a(_umulhisi3.o)
 .text.libgcc   0x00000000        0x0 c:/program files (x86)/atmel/studio/7.0/toolchain/avr8/avr8-gnu-toolchain/bin/../lib/gcc/avr/5.4.0/avr5\libgcc.a(_umulhisi3.o)
 .text.libgcc.prologue
                0x00000000        0x0 c:/program files (x86)/atmel/studio/7.0/toolchain/avr8/avr8-gnu-toolchain/bin/../lib/gcc/avr/5.4.0/avr5\libgcc.a(_umulhisi3.o)
 .text.libgcc.builtins
                0x00000000        0x0 c:/program files (x86)/atmel/studio/7.0/toolchain/avr8/avr8-gnu-toolchain/bin/../lib/gcc/avr/5.4.0/avr5\libgcc.a(_umulhisi3.o)
 .text.libgcc.fmul
                0x00000000        0x0 c:/program files (x86)/atmel/studio/7.0/toolchain/avr8/avr8-gnu-toolchain/bin/../lib/gcc/avr/5.4.0/avr5\libgcc.a(_umulhisi3.o)
 .text.libgcc.fixed
                0x00000000        0x0 c:/program files (x86)/atmel/studio/7.0/toolchain/avr8/avr8-gnu-toolchain/bin/../lib/gcc/avr/5.4.0/avr5\libgcc.a(_umulhisi3.o)
 .text          0x00000000        0x0 c:/program files (x86)/atmel/studio/7.0/toolchain/avr8/avr8-gnu-toolchain/bin/../lib/gcc/avr/5.4.0/avr5\libgcc.a(_muluhisi3.o)
 .data          0x00000000        0x0 c:/program files (x86)/atmel/studio/7.0/toolchain/avr8/avr8-gnu-toolchain/bin/../lib/gcc/avr/5.4.0/avr5\libgcc.a(_muluhisi3.o)
 .bss           0x00000000        0x0 c:/program files (x86)/atmel/studio/7.0/toolchain/avr8/avr8-gnu-toolchain/bin/../lib/gcc/avr/5.4.0/avr5\libgcc.a(_muluhisi3.o)
 .text.libgcc.mul
                0x00000000       0x16 c:/program files (x86)/atmel/studio/7.0/toolchain/avr8/avr8-gnu-toolchain/bin/../lib/gcc/avr/5.4.0/avr5\libgcc.a(_muluhisi3.o)
 .text.libgcc.div
                0x00000000        0x0 c:/program files (x86)/atmel/studio/7.0/toolchain/avr8/avr8-gnu-toolchain/bin/../lib/gcc/avr/5.4.0/avr5\libgcc.a(_muluhisi3.o)
 .text.libgcc   0x00000000        0x0 c:/program files (x86)/atmel/studio/7.0/toolchain/avr8/avr8-gnu-toolchain/bin/../lib/gcc/avr/5.4.0/avr5\libgcc.a(_muluhisi3.o)
 .text.libgcc.prologue
                0x00000000        0x0 c:/program files (x86)/atmel/studio/7.0/toolchain/avr8/avr8-gnu-toolchain/bin/../lib/gcc/avr/5.4.0/avr5\libgcc.a(_muluhisi3.o)
 .text.libgcc.builtins
                0x00000000        0x0 c:/program files (x86)/atmel/studio/7.0/toolchain/avr8/avr8-gnu-toolchain/bin/../lib/gcc/avr/5.4.0/avr5\libgcc.a(_muluhisi3.o)
 .text.libgcc.fmul
                0x00000000        0x0 c:/program files (x86)/atmel/studio/7.0/toolchain/avr8/avr8-gnu-toolchain/bin/../lib/gcc/avr/5.4.0/avr5\libgcc.a(_muluhisi3.o)
 .text.libgcc.fixed
                0x00000000        0x0 c:/program files (x86)/atmel/studio/7.0/toolchain/avr8/avr8-gnu-toolchain/bin/../lib/gcc/avr/5.4.0/avr5\libgcc.a(_muluhisi3.o)
 .text          0x00000000        0x0 c:/program files (x86)/atmel/studio/7.0/toolchain/avr8/avr8-gnu-toolchain/bin/../lib/gcc/avr/5.4.0/avr5\libgcc.a(_mulshisi3.o)
 .data          0x00000000        0x0 c:/program files (x86)/atmel/studio/7.0/toolchain/avr8/avr8-gnu-toolchain/bin/../lib/gcc/avr/5.4.0/avr5\libgcc.a(_mulshisi3.o)
 .bss           0x00000000        0x0 c:/program files (x86)/atmel/studio/7.0/toolchain/avr8/avr8-gnu-toolchain/bin/../lib/gcc/avr/5.4.0/avr5\libgcc.a(_mulshisi3.o)
 .text.libgcc.mul
                0x00000000       0x10 c:/program files (x86)/atmel/studio/7.0/toolchain/avr8/avr8-gnu-toolchain/bin/../lib/gcc/avr/5.4.0/avr5\libgcc.a(_mulshisi3.o)
 .text.libgcc.div
                0x00000000        0x0 c:/program files (x86)/atmel/studio/7.0/toolchain/avr8/avr8-gnu-toolchain/bin/../lib/gcc/avr/5.4.0/avr5\libgcc.a(_mulshisi3.o)
 .text.libgcc   0x00000000        0x0 c:/program files (x86)/atmel/studio/7.0/toolchain/avr8/avr8-gnu-toolchain/bin/../lib/gcc/avr/5.4.0/avr5\libgcc.a(_mulshisi3.o)
 .text.libgcc.prologue
                0x00000000        0x0 c:/program files (x86)/atmel/studio/7.0/toolchain/avr8/avr8-gnu-toolchain/bin/../lib/gcc/avr/5.4.0/avr5\libgcc.a(_mulshisi3.o)
 .text.libgcc.builtins
                0x00000000        0x0 c:/program files (x86)/atmel/studio/7.0/toolchain/avr8/avr8-gnu-toolchain/bin/../lib/gcc/avr/5.4.0/avr5\libgcc.a(_mulshisi3.o)
 .text.libgcc.fmul
                0x00000000        0x0 c:/program files (x86)/atmel/studio/7.0/toolchain/avr8/avr8-gnu-toolchain/bin/../lib/gcc/avr/5.4.0/avr5\libgcc.a(_mulshisi3.o)
 .text.libgcc.fixed
                0x00000000        0x0 c:/program files (x86)/atmel/studio/7.0/toolchain/avr8/avr8-gnu-toolchain/bin/../lib/gcc/avr/5.4.0/avr5\libgcc.a(_mulshisi3.o)
 .text          0x00000000        0x0 c:/program files (x86)/atmel/studio/7.0/toolchain/avr8/avr8-gnu-toolchain/bin/../lib/gcc/avr/5.4.0/avr5\libgcc.a(_adddi3_s8.o)
 .data          0x00000000        0x0 c:/program files (x86)/atmel/studio/7.0/toolchain/avr8/avr8-gnu-toolchain/bin/../lib/gcc/avr/5.4.0/avr5\libgcc.a(_adddi3_s8.o)
 .bss           0x00000000        0x0 c:/program files (x86)/atmel/studio/7.0/toolchain/avr8/avr8-gnu-toolchain/bin/../lib/gcc/avr/5.4.0/avr5\libgcc.a(_adddi3_s8.o)
 .text.libgcc.mul
                0x00000000        0x0 c:/program files (x86)/atmel/studio/7.0/toolchain/avr8/avr8-gnu-toolchain/bin/../lib/gcc/avr/5.4.0/avr5\libgcc.a(_adddi3_s8.o)
 .text.libgcc.div
                0x00000000        0x0 c:/program files (x86)/atmel/studio/7.0/toolchain/avr8/avr8-gnu-toolchain/bin/../lib/gcc/avr/5.4.0/avr5\libgcc.a(_adddi3_s8.o)
 .text.libgcc.prologue
                0x00000000        0x0 c:/program files (x86)/atmel/studio/7.0/toolchain/avr8/avr8-gnu-toolchain/bin/../lib/gcc/avr/5.4.0/avr5\libgcc.a(_adddi3_s8.o)
 .text.libgcc.builtins
                0x00000000        0x0 c:/program files (x86)/atmel/studio/7.0/toolchain/avr8/avr8-gnu-toolchain/bin/../lib/gcc/avr/5.4.0/avr5\libgcc.a(_adddi3_s8.o)
 .text.libgcc.fmul
                0x00000000        0x0 c:/program files (x86)/atmel/studio/7.0/toolchain/avr8/avr8-gnu-toolchain/bin/../lib/gcc/avr/5.4.0/avr5\libgcc.a(_adddi3_s8.o)
 .text.libgcc.fixed
                0x00000000        0x0 c:/program files (x86)/atmel/studio/7.0/toolchain/avr8/avr8-gnu-toolchain/bin/../lib/gcc/avr/5.4.0/avr5\libgcc.a(_adddi3_s8.o)
 .text          0x00000000        0x0 c:/program files (x86)/atmel/studio/7.0/toolchain/avr8/avr8-gnu-toolchain/bin/../lib/gcc/avr/5.4.0/avr5\libgcc.a(_cmpdi2.o)
 .data          0x00000000        0x0 c:/program files (x86)/atmel/studio/7.0/toolchain/avr8/avr8-gnu-toolchain/bin/../lib/gcc/avr/5.4.0/avr5\libgcc.a(_cmpdi2.o)
 .bss           0x00000000        0x0 c:/program files (x86)/atmel/studio/7.0/toolchain/avr8/avr8-gnu-toolchain/bin/../lib/gcc/avr/5.4.0/avr5\libgcc.a(_cmpdi2.o)
 .text.libgcc.mul
                0x00000000        0x0 c:/program files (x86)/atmel/studio/7.0/toolchain/avr8/avr8-gnu-toolchain/bin/../lib/gcc/avr/5.4.0/avr5\libgcc.a(_cmpdi2.o)
 .text.libgcc.div
                0x00000000        0x0 c:/program files (x86)/atmel/studio/7.0/toolchain/avr8/avr8-gnu-toolchain/bin/../lib/gcc/avr/5.4.0/avr5\libgcc.a(_cmpdi2.o)
 .text.libgcc.prologue
                0x00000000        0x0 c:/program files (x86)/atmel/studio/7.0/toolchain/avr8/avr8-gnu-toolchain/bin/../lib/gcc/avr/5.4.0/avr5\libgcc.a(_cmpdi2.o)
 .text.libgcc.builtins
                0x00000000        0x0 c:/program files (x86)/atmel/studio/7.0/toolchain/avr8/avr8-gnu-toolchain/bin/../lib/gcc/avr/5.4.0/avr5\libgcc.a(_cmpdi2.o)
 .text.libgcc.fmul
                0x00000000        0x0 c:/program files (x86)/atmel/studio/7.0/toolchain/avr8/avr8-gnu-toolchain/bin/../lib/gcc/avr/5.4.0/avr5\libgcc.a(_cmpdi2.o)
 .text.libgcc.fixed
                0x00000000        0x0 c:/program files (x86)/atmel/studio/7.0/toolchain/avr8/avr8-gnu-toolchain/bin/../lib/gcc/avr/5.4.0/avr5\libgcc.a(_cmpdi2.o)
 .text          0x00000000        0x0 c:/program files (x86)/atmel/studio/7.0/toolchain/avr8/avr8-gnu-toolchain/bin/../lib/gcc/avr/5.4.0/avr5\libgcc.a(_cmpdi2_s8.o)
 .data          0x00000000        0x0 c:/program files (x86)/atmel/studio/7.0/toolchain/avr8/avr8-gnu-toolchain/bin/../lib/gcc/avr/5.4.0/avr5\libgcc.a(_cmpdi2_s8.o)
 .bss           0x00000000        0x0 c:/program files (x86)/atmel/studio/7.0/toolchain/avr8/avr8-gnu-toolchain/bin/../lib/gcc/avr/5.4.0/avr5\libgcc.a(_cmpdi2_s8.o)
 .text.libgcc.mul
                0x00000000        0x0 c:/program files (x86)/atmel/studio/7.0/toolchain/avr8/avr8-gnu-toolchain/bin/../lib/gcc/avr/5.4.0/avr5\libgcc.a(_cmpdi2_s8.o)
 .text.libgcc.div
                0x00000000        0x0 c:/program files (x86)/atmel/studio/7.0/toolchain/avr8/avr8-gnu-toolchain/bin/../lib/gcc/avr/5.4.0/avr5\libgcc.a(_cmpdi2_s8.o)
 .text.libgcc.prologue
                0x00000000        0x0 c:/program files (x86)/atmel/studio/7.0/toolchain/avr8/avr8-gnu-toolchain/bin/../lib/gcc/avr/5.4.0/avr5\libgcc.a(_cmpdi2_s8.o)
 .text.libgcc.builtins
                0x00000000        0x0 c:/program files (x86)/atmel/studio/7.0/toolchain/avr8/avr8-gnu-toolchain/bin/../lib/gcc/avr/5.4.0/avr5\libgcc.a(_cmpdi2_s8.o)
 .text.libgcc.fmul
                0x00000000        0x0 c:/program files (x86)/atmel/studio/7.0/toolchain/avr8/avr8-gnu-toolchain/bin/../lib/gcc/avr/5.4.0/avr5\libgcc.a(_cmpdi2_s8.o)
 .text.libgcc.fixed
                0x00000000        0x0 c:/program files (x86)/atmel/studio/7.0/toolchain/avr8/avr8-gnu-toolchain/bin/../lib/gcc/avr/5.4.0/avr5\libgcc.a(_cmpdi2_s8.o)
 .text          0x00000000        0x0 c:/program files (x86)/atmel/studio/7.0/toolchain/avr8/avr8-gnu-toolchain/bin/../lib/gcc/avr/5.4.0/avr5\libgcc.a(_udivmodhi4.o)
 .data          0x00000000        0x0 c:/program files (x86)/atmel/studio/7.0/toolchain/avr8/avr8-gnu-toolchain/bin/../lib/gcc/avr/5.4.0/avr5\libgcc.a(_udivmodhi4.o)
 .bss           0x00000000        0x0 c:/program files (x86)/atmel/studio/7.0/toolchain/avr8/avr8-gnu-toolchain/bin/../lib/gcc/avr/5.4.0/avr5\libgcc.a(_udivmodhi4.o)
 .text.libgcc.mul
                0x00000000        0x0 c:/program files (x86)/atmel/studio/7.0/toolchain/avr8/avr8-gnu-toolchain/bin/../lib/gcc/avr/5.4.0/avr5\libgcc.a(_udivmodhi4.o)
 .text.libgcc   0x00000000        0x0 c:/program files (x86)/atmel/studio/7.0/toolchain/avr8/avr8-gnu-toolchain/bin/../lib/gcc/avr/5.4.0/avr5\libgcc.a(_udivmodhi4.o)
 .text.libgcc.prologue
                0x00000000        0x0 c:/program files (x86)/atmel/studio/7.0/toolchain/avr8/avr8-gnu-toolchain/bin/../lib/gcc/avr/5.4.0/avr5\libgcc.a(_udivmodhi4.o)
 .text.libgcc.builtins
                0x00000000        0x0 c:/program files (x86)/atmel/studio/7.0/toolchain/avr8/avr8-gnu-toolchain/bin/../lib/gcc/avr/5.4.0/avr5\libgcc.a(_udivmodhi4.o)
 .text.libgcc.fmul
                0x00000000        0x0 c:/program files (x86)/atmel/studio/7.0/toolchain/avr8/avr8-gnu-toolchain/bin/../lib/gcc/avr/5.4.0/avr5\libgcc.a(_udivmodhi4.o)
 .text.libgcc.fixed
                0x00000000        0x0 c:/program files (x86)/atmel/studio/7.0/toolchain/avr8/avr8-gnu-toolchain/bin/../lib/gcc/avr/5.4.0/avr5\libgcc.a(_udivmodhi4.o)

Memory Configuration

Name             Origin             Length             Attributes
text             0x00000000         0x00008000         xr
data             0x00800060         0x00000800         rw !x
eeprom           0x00810000         0x00000400         rw !x
fuse             0x00820000         0x00000002         rw !x
lock             0x00830000         0x00000400         rw !x
signature        0x00840000         0x00000400         rw !x
user_signatures  0x00850000         0x00000400         rw !x
*default*        0x00000000         0xffffffff

Linker script and memory map

LOAD C:/Program Files (x86)/Atmel/Studio/7.0/Packs/atmel/ATmega_DFP/1.6.364/gcc/dev/atmega32/avr5/crtatmega32.o
LOAD APPL/App.o
LOAD ECUAL/Button Module/Button.o
LOAD ECUAL/Button Module/Button_Cfg.o
LOAD ECUAL/Eeprom_I2C Module/Eeprom_24.o
LOAD ECUAL/Keypad Module/Keypad.o
LOAD ECUAL/Keypad Module/Keypad_Cfg.o
LOAD ECUAL/Lcd Module/Lcd.o
LOAD ECUAL/LM35 Module/LM35.o
LOAD ECUAL/Motor Module/Motor.o
LOAD ECUAL/Motor Module/Motor_Cfg.o
LOAD ECUAL/Terminal Module/Terminal.o
LOAD main.o
LOAD MCAL/Adc Module/Adc.o
LOAD MCAL/Adc Module/Adc_Cfg.o
LOAD MCAL/Delay Module/Delay.o
LOAD MCAL/Dio Module/Dio.o
LOAD MCAL/Dio Module/Dio_Cfg.o
LOAD MCAL/Ext Interrupt Module/Ext_INT.o
LOAD MCAL/Gpt Module/Gpt.o
LOAD MCAL/Gpt Module/Gpt_Cfg.o
LOAD MCAL/I2C Module/I2C.o
LOAD MCAL/Spi Module/Spi.o
LOAD MCAL/StringManipulation.o
LOAD MCAL/SWPwm Module/SWPwm.o
LOAD MCAL/SWPwm Module/SWPwm_Cfg.o
LOAD MCAL/Uart Module/Uart.o
START GROUP
LOAD c:/program files (x86)/atmel/studio/7.0/toolchain/avr8/avr8-gnu-toolchain/bin/../lib/gcc/avr/5.4.0/../../../../avr/lib/avr5\libm.a
END GROUP
START GROUP
LOAD c:/program files (x86)/atmel/studio/7.0/toolchain/avr8/avr8-gnu-toolchain/bin/../lib/gcc/avr/5.4.0/avr5\libgcc.a
LOAD c:/program files (x86)/atmel/studio/7.0/toolchain/avr8/avr8-gnu-toolchain/bin/../lib/gcc/avr/5.4.0/../../../../avr/lib/avr5\libm.a
LOAD c:/program files (x86)/atmel/studio/7.0/toolchain/avr8/avr8-gnu-toolchain/bin/../lib/gcc/avr/5.4.0/../../../../avr/lib/avr5\libc.a
LOAD C:/Program Files (x86)/Atmel/Studio/7.0/Packs/atmel/ATmega_DFP/1.6.364/gcc/dev/atmega32/avr5\libatmega32.a
END GROUP
                0x00000000                __TEXT_REGION_ORIGIN__ = DEFINED (__TEXT_REGION_ORIGIN__)?__TEXT_REGION_ORIGIN__:0x0
                [0x00800060]                __DATA_REGION_ORIGIN__ = DEFINED (__DATA_REGION_ORIGIN__)?__DATA_REGION_ORIGIN__:0x800060
                [0x00008000]                __TEXT_REGION_LENGTH__ = DEFINED (__TEXT_REGION_LENGTH__)?__TEXT_REGION_LENGTH__:0x20000
                [0x00000800]                __DATA_REGION_LENGTH__ = DEFINED (__DATA_REGION_LENGTH__)?__DATA_REGION_LENGTH__:0xffa0
                [0x00000400]                __EEPROM_REGION_LENGTH__ = DEFINED (__EEPROM_REGION_LENGTH__)?__EEPROM_REGION_LENGTH__:0x10000
                [0x00000002]                __FUSE_REGION_LENGTH__ = DEFINED (__FUSE_REGION_LENGTH__)?__FUSE_REGION_LENGTH__:0x400
                0x00000400                __LOCK_REGION_LENGTH__ = DEFINED (__LOCK_REGION_LENGTH__)?__LOCK_REGION_LENGTH__:0x400
                0x00000400                __SIGNATURE_REGION_LENGTH__ = DEFINED (__SIGNATURE_REGION_LENGTH__)?__SIGNATURE_REGION_LENGTH__:0x400
                0x00000400                __USER_SIGNATURE_REGION_LENGTH__ = DEFINED (__USER_SIGNATURE_REGION_LENGTH__)?__USER_SIGNATURE_REGION_LENGTH__:0x400

.hash
 *(.hash)

.dynsym
 *(.dynsym)

.dynstr
 *(.dynstr)

.gnu.version
 *(.gnu.version)

.gnu.version_d
 *(.gnu.version_d)

.gnu.version_r
 *(.gnu.version_r)

.rel.init
 *(.rel.init)

.rela.init
 *(.rela.init)

.rel.text
 *(.rel.text)
 *(.rel.text.*)
 *(.rel.gnu.linkonce.t*)

.rela.text
 *(.rela.text)
 *(.rela.text.*)
 *(.rela.gnu.linkonce.t*)

.rel.fini
 *(.rel.fini)

.rela.fini
 *(.rela.fini)

.rel.rodata
 *(.rel.rodata)
 *(.rel.rodata.*)
 *(.rel.gnu.linkonce.r*)

.rela.rodata
 *(.rela.rodata)
 *(.rela.rodata.*)
 *(.rela.gnu.linkonce.r*)

.rel.data
 *(.rel.data)
 *(.rel.data.*)
 *(.rel.gnu.linkonce.d*)

.rela.data
 *(.rela.data)
 *(.rela.data.*)
 *(.rela.gnu.linkonce.d*)

.rel.ctors
 *(.rel.ctors)

.rela.ctors
 *(.rela.ctors)

.rel.dtors
 *(.rel.dtors)

.rela.dtors
 *(.rela.dtors)

.rel.got
 *(.rel.got)

.rela.got
 *(.rela.got)

.rel.bss
 *(.rel.bss)

.rela.bss
 *(.rela.bss)

.rel.plt
 *(.rel.plt)

.rela.plt
 *(.rela.plt)

.text           0x00000000     0x3be4
 *(.vectors)
 .vectors       0x00000000       0x54 C:/Program Files (x86)/Atmel/Studio/7.0/Packs/atmel/ATmega_DFP/1.6.364/gcc/dev/atmega32/avr5/crtatmega32.o
                0x00000000                __vector_default
                0x00000000                __vectors
 *(.vectors)
 *(.progmem.gcc*)
 .progmem.gcc_sw_table.SWPwm_Start
                0x00000054        0xe MCAL/SWPwm Module/SWPwm.o
                0x00000062                . = ALIGN (0x2)
                0x00000062                __trampolines_start = .
 *(.trampolines)
 .trampolines   0x00000062        0x0 linker stubs
 *(.trampolines*)
                0x00000062                __trampolines_end = .
 *libprintf_flt.a:*(.progmem.data)
 *libc.a:*(.progmem.data)
 *(.progmem*)
                0x00000062                . = ALIGN (0x2)
 *(.jumptables)
 *(.jumptables*)
 *(.lowtext)
 *(.lowtext*)
                0x00000062                __ctors_start = .
 *(.ctors)
                0x00000062                __ctors_end = .
                0x00000062                __dtors_start = .
 *(.dtors)
                0x00000062                __dtors_end = .
 SORT(*)(.ctors)
 SORT(*)(.dtors)
 *(.init0)
 .init0         0x00000062        0x0 C:/Program Files (x86)/Atmel/Studio/7.0/Packs/atmel/ATmega_DFP/1.6.364/gcc/dev/atmega32/avr5/crtatmega32.o
                0x00000062                __init
 *(.init0)
 *(.init1)
 *(.init1)
 *(.init2)
 .init2         0x00000062        0xc C:/Program Files (x86)/Atmel/Studio/7.0/Packs/atmel/ATmega_DFP/1.6.364/gcc/dev/atmega32/avr5/crtatmega32.o
 *(.init2)
 *(.init3)
 *(.init3)
 *(.init4)
 .init4         0x0000006e       0x16 c:/program files (x86)/atmel/studio/7.0/toolchain/avr8/avr8-gnu-toolchain/bin/../lib/gcc/avr/5.4.0/avr5\libgcc.a(_copy_data.o)
                0x0000006e                __do_copy_data
 .init4         0x00000084       0x10 c:/program files (x86)/atmel/studio/7.0/toolchain/avr8/avr8-gnu-toolchain/bin/../lib/gcc/avr/5.4.0/avr5\libgcc.a(_clear_bss.o)
                0x00000084                __do_clear_bss
 *(.init4)
 *(.init5)
 *(.init5)
 *(.init6)
 *(.init6)
 *(.init7)
 *(.init7)
 *(.init8)
 *(.init8)
 *(.init9)
 .init9         0x00000094        0x8 C:/Program Files (x86)/Atmel/Studio/7.0/Packs/atmel/ATmega_DFP/1.6.364/gcc/dev/atmega32/avr5/crtatmega32.o
 *(.init9)
 *(.text)
 .text          0x0000009c        0x4 C:/Program Files (x86)/Atmel/Studio/7.0/Packs/atmel/ATmega_DFP/1.6.364/gcc/dev/atmega32/avr5/crtatmega32.o
                0x0000009c                __vector_17
                0x0000009c                __vector_19
                0x0000009c                __vector_18
                0x0000009c                __vector_20
                0x0000009c                __bad_interrupt
                0x000000a0                . = ALIGN (0x2)
 *(.text.*)
 .text.App_init
                0x000000a0      0x1fc APPL/App.o
                0x000000a0                App_init
 .text.AppUSER_checkPan
                0x0000029c       0xb8 APPL/App.o
                0x0000029c                AppUSER_checkPan
 .text.AppUSER_ReportKeypad
                0x00000354      0x100 APPL/App.o
                0x00000354                AppUSER_ReportKeypad
 .text.AppUSER_startTransaction
                0x00000454      0x296 APPL/App.o
                0x00000454                AppUSER_startTransaction
 .text.AppUSER_checkPin
                0x000006ea      0x130 APPL/App.o
                0x000006ea                AppUSER_checkPin
 .text.AppUSER_startProcess
                0x0000081a       0xae APPL/App.o
                0x0000081a                AppUSER_startProcess
 .text.App_ReportTerminal
                0x000008c8       0x62 APPL/App.o
                0x000008c8                App_ReportTerminal
 .text.AppADMIN_getInput
                0x0000092a       0x52 APPL/App.o
                0x0000092a                AppADMIN_getInput
 .text.AppADMIN_getnewMaxAmount
                0x0000097c       0x58 APPL/App.o
                0x0000097c                AppADMIN_getnewMaxAmount
 .text.AppADMIN_getCustomerPAN
                0x000009d4       0x52 APPL/App.o
                0x000009d4                AppADMIN_getCustomerPAN
 .text.AppADMIN_getCustomerBalance
                0x00000a26       0x52 APPL/App.o
                0x00000a26                AppADMIN_getCustomerBalance
 .text.AppADMIN_getAtmPIN
                0x00000a78       0x88 APPL/App.o
                0x00000a78                AppADMIN_getAtmPIN
 .text.AppADMIN_saveNewCustomerData
                0x00000b00       0x80 APPL/App.o
                0x00000b00                AppADMIN_saveNewCustomerData
 .text.AppUSER_getCardData
                0x00000b80       0x78 APPL/App.o
                0x00000b80                AppUSER_getCardData
 .text.App_update
                0x00000bf8      0x574 APPL/App.o
                0x00000bf8                App_update
 .text.App_start
                0x0000116c       0x1a APPL/App.o
                0x0000116c                App_start
 .text.Button_init
                0x00001186       0x26 ECUAL/Button Module/Button.o
                0x00001186                Button_init
 .text.Button_getState
                0x000011ac       0x24 ECUAL/Button Module/Button.o
                0x000011ac                Button_getState
 .text.Button_updateState
                0x000011d0       0xe6 ECUAL/Button Module/Button.o
                0x000011d0                Button_updateState
 .text.EEPROM_getAddresses
                0x000012b6       0x1e ECUAL/Eeprom_I2C Module/Eeprom_24.o
 .text.Eeprom_24_init
                0x000012d4       0x1e ECUAL/Eeprom_I2C Module/Eeprom_24.o
                0x000012d4                Eeprom_24_init
 .text.Eeprom_24_writeByte
                0x000012f2       0x78 ECUAL/Eeprom_I2C Module/Eeprom_24.o
                0x000012f2                Eeprom_24_writeByte
 .text.Eeprom_24_readByte
                0x0000136a       0x82 ECUAL/Eeprom_I2C Module/Eeprom_24.o
                0x0000136a                Eeprom_24_readByte
 .text.Eeprom_24_writePage
                0x000013ec       0x72 ECUAL/Eeprom_I2C Module/Eeprom_24.o
                0x000013ec                Eeprom_24_writePage
 .text.Eeprom_24_readPage
                0x0000145e       0x72 ECUAL/Eeprom_I2C Module/Eeprom_24.o
                0x0000145e                Eeprom_24_readPage
 .text.Eeprom_24_writePacket
                0x000014d0      0x1b2 ECUAL/Eeprom_I2C Module/Eeprom_24.o
                0x000014d0                Eeprom_24_writePacket
 .text.Eeprom_24_readPacket
                0x00001682      0x174 ECUAL/Eeprom_I2C Module/Eeprom_24.o
                0x00001682                Eeprom_24_readPacket
 .text.Keypad_init
                0x000017f6       0x26 ECUAL/Keypad Module/Keypad.o
                0x000017f6                Keypad_init
 .text.Keypad_readKey
                0x0000181c       0xf4 ECUAL/Keypad Module/Keypad.o
                0x0000181c                Keypad_readKey
 .text.Lcd_WriteData
                0x00001910       0x60 ECUAL/Lcd Module/Lcd.o
 .text.Lcd_EnableToggle
                0x00001970       0x26 ECUAL/Lcd Module/Lcd.o
 .text.Lcd_sendCommand
                0x00001996       0x2c ECUAL/Lcd Module/Lcd.o
                0x00001996                Lcd_sendCommand
 .text.Lcd_init
                0x000019c2       0x60 ECUAL/Lcd Module/Lcd.o
                0x000019c2                Lcd_init
 .text.Lcd_setCursor
                0x00001a22       0x36 ECUAL/Lcd Module/Lcd.o
                0x00001a22                Lcd_setCursor
 .text.Lcd_printChar
                0x00001a58       0x38 ECUAL/Lcd Module/Lcd.o
                0x00001a58                Lcd_printChar
 .text.Lcd_printString
                0x00001a90       0x28 ECUAL/Lcd Module/Lcd.o
                0x00001a90                Lcd_printString
 .text.Lcd_clear
                0x00001ab8        0xa ECUAL/Lcd Module/Lcd.o
                0x00001ab8                Lcd_clear
 .text.Lcd_printDecimal
                0x00001ac2       0x3c ECUAL/Lcd Module/Lcd.o
                0x00001ac2                Lcd_printDecimal
 .text.LM35_init
                0x00001afe       0x1e ECUAL/LM35 Module/LM35.o
                0x00001afe                LM35_init
 .text.LM35_readTemp
                0x00001b1c       0x72 ECUAL/LM35 Module/LM35.o
                0x00001b1c                LM35_readTemp
 .text.Motor_init
                0x00001b8e       0x22 ECUAL/Motor Module/Motor.o
                0x00001b8e                Motor_init
 .text.Motor_stop
                0x00001bb0       0xde ECUAL/Motor Module/Motor.o
                0x00001bb0                Motor_stop
 .text.Motor_run
                0x00001c8e       0xe0 ECUAL/Motor Module/Motor.o
                0x00001c8e                Motor_run
 .text.Uart_RXC_ISR
                0x00001d6e       0x82 ECUAL/Terminal Module/Terminal.o
                0x00001d6e                Uart_RXC_ISR
 .text.Terminal_init
                0x00001df0       0x2a ECUAL/Terminal Module/Terminal.o
                0x00001df0                Terminal_init
 .text.Terminal_Out
                0x00001e1a       0x36 ECUAL/Terminal Module/Terminal.o
                0x00001e1a                Terminal_Out
 .text.Terminal_In
                0x00001e50       0x36 ECUAL/Terminal Module/Terminal.o
                0x00001e50                Terminal_In
 .text.Terminal_enablePasswordMode
                0x00001e86        0x8 ECUAL/Terminal Module/Terminal.o
                0x00001e86                Terminal_enablePasswordMode
 .text.Terminal_disablePasswordMode
                0x00001e8e        0x8 ECUAL/Terminal Module/Terminal.o
                0x00001e8e                Terminal_disablePasswordMode
 .text.main     0x00001e96        0x6 main.o
                0x00001e96                main
 .text.Adc_init
                0x00001e9c       0x50 MCAL/Adc Module/Adc.o
                0x00001e9c                Adc_init
 .text.Adc_start
                0x00001eec       0xec MCAL/Adc Module/Adc.o
                0x00001eec                Adc_start
 .text.__vector_16
                0x00001fd8       0x4e MCAL/Adc Module/Adc.o
                0x00001fd8                __vector_16
 .text.Delay_ms
                0x00002026      0x120 MCAL/Delay Module/Delay.o
                0x00002026                Delay_ms
 .text.Dio_init
                0x00002146      0x1dc MCAL/Dio Module/Dio.o
                0x00002146                Dio_init
 .text.Dio_writePin
                0x00002322      0x132 MCAL/Dio Module/Dio.o
                0x00002322                Dio_writePin
 .text.Dio_togglePin
                0x00002454       0xb0 MCAL/Dio Module/Dio.o
                0x00002454                Dio_togglePin
 .text.Dio_readPin
                0x00002504      0x10a MCAL/Dio Module/Dio.o
                0x00002504                Dio_readPin
 .text.__vector_1
                0x0000260e       0x4e MCAL/Ext Interrupt Module/Ext_INT.o
                0x0000260e                __vector_1
 .text.__vector_2
                0x0000265c       0x4e MCAL/Ext Interrupt Module/Ext_INT.o
                0x0000265c                __vector_2
 .text.__vector_3
                0x000026aa       0x4e MCAL/Ext Interrupt Module/Ext_INT.o
                0x000026aa                __vector_3
 .text.Gpt_ISRHandler
                0x000026f8       0x96 MCAL/Gpt Module/Gpt.o
 .text.GptInit  0x0000278e       0x68 MCAL/Gpt Module/Gpt.o
                0x0000278e                GptInit
 .text.GptStart_aSync
                0x000027f6       0xbe MCAL/Gpt Module/Gpt.o
                0x000027f6                GptStart_aSync
 .text.GptStop  0x000028b4       0x5a MCAL/Gpt Module/Gpt.o
                0x000028b4                GptStop
 .text.__vector_11
                0x0000290e       0x4a MCAL/Gpt Module/Gpt.o
                0x0000290e                __vector_11
 .text.__vector_10
                0x00002958       0x4a MCAL/Gpt Module/Gpt.o
                0x00002958                __vector_10
 .text.__vector_9
                0x000029a2       0x4a MCAL/Gpt Module/Gpt.o
                0x000029a2                __vector_9
 .text.__vector_6
                0x000029ec       0x4a MCAL/Gpt Module/Gpt.o
                0x000029ec                __vector_6
 .text.__vector_7
                0x00002a36       0x4a MCAL/Gpt Module/Gpt.o
                0x00002a36                __vector_7
 .text.__vector_8
                0x00002a80       0x4a MCAL/Gpt Module/Gpt.o
                0x00002a80                __vector_8
 .text.__vector_4
                0x00002aca       0x4a MCAL/Gpt Module/Gpt.o
                0x00002aca                __vector_4
 .text.__vector_5
                0x00002b14       0x4a MCAL/Gpt Module/Gpt.o
                0x00002b14                __vector_5
 .text.I2C_MasterInit
                0x00002b5e       0x1c MCAL/I2C Module/I2C.o
                0x00002b5e                I2C_MasterInit
 .text.I2C_MasterSendSTART
                0x00002b7a       0x26 MCAL/I2C Module/I2C.o
                0x00002b7a                I2C_MasterSendSTART
 .text.I2C_MasterSendSlaveAddress
                0x00002ba0       0x62 MCAL/I2C Module/I2C.o
                0x00002ba0                I2C_MasterSendSlaveAddress
 .text.I2C_MasterSendRepSTART
                0x00002c02       0x26 MCAL/I2C Module/I2C.o
                0x00002c02                I2C_MasterSendRepSTART
 .text.I2C_MasterSendSTOP
                0x00002c28       0x1a MCAL/I2C Module/I2C.o
                0x00002c28                I2C_MasterSendSTOP
 .text.I2C_MasterSendByte
                0x00002c42       0x2e MCAL/I2C Module/I2C.o
                0x00002c42                I2C_MasterSendByte
 .text.I2C_MasterReceiveByte_ACK
                0x00002c70       0x34 MCAL/I2C Module/I2C.o
                0x00002c70                I2C_MasterReceiveByte_ACK
 .text.I2C_MasterReceiveByte_NACK
                0x00002ca4       0x34 MCAL/I2C Module/I2C.o
                0x00002ca4                I2C_MasterReceiveByte_NACK
 .text.I2C_MasterReceiveGeneral
                0x00002cd8       0xf8 MCAL/I2C Module/I2C.o
                0x00002cd8                I2C_MasterReceiveGeneral
 .text.I2C_MasterSendToLocation
                0x00002dd0       0x9e MCAL/I2C Module/I2C.o
                0x00002dd0                I2C_MasterSendToLocation
 .text.I2C_MasterReceiveFromLocation
                0x00002e6e       0x2e MCAL/I2C Module/I2C.o
                0x00002e6e                I2C_MasterReceiveFromLocation
 .text.Spi_init
                0x00002e9c       0x3a MCAL/Spi Module/Spi.o
                0x00002e9c                Spi_init
 .text.Spi_SlaveReceiveByte
                0x00002ed6       0x22 MCAL/Spi Module/Spi.o
                0x00002ed6                Spi_SlaveReceiveByte
 .text.Spi_SlaveReceivePacket
                0x00002ef8       0x5a MCAL/Spi Module/Spi.o
                0x00002ef8                Spi_SlaveReceivePacket
 .text.__vector_12
                0x00002f52       0x4e MCAL/Spi Module/Spi.o
                0x00002f52                __vector_12
 .text.stringLength
                0x00002fa0       0x18 MCAL/StringManipulation.o
                0x00002fa0                stringLength
 .text.stringCompare
                0x00002fb8       0x66 MCAL/StringManipulation.o
                0x00002fb8                stringCompare
 .text.EmptyString
                0x0000301e       0x18 MCAL/StringManipulation.o
                0x0000301e                EmptyString
 .text.stringCopy
                0x00003036       0x22 MCAL/StringManipulation.o
                0x00003036                stringCopy
 .text.integerToString
                0x00003058       0x8e MCAL/StringManipulation.o
                0x00003058                integerToString
 .text.waveFunction
                0x000030e6      0x110 MCAL/SWPwm Module/SWPwm.o
                0x000030e6                waveFunction
 .text.SWPwm_Init
                0x000031f6       0x38 MCAL/SWPwm Module/SWPwm.o
                0x000031f6                SWPwm_Init
 .text.SWPwm_Start
                0x0000322e      0x268 MCAL/SWPwm Module/SWPwm.o
                0x0000322e                SWPwm_Start
 .text.SWPwm_Stop
                0x00003496       0x90 MCAL/SWPwm Module/SWPwm.o
                0x00003496                SWPwm_Stop
 .text.Uart_init
                0x00003526       0x2c MCAL/Uart Module/Uart.o
                0x00003526                Uart_init
 .text.Uart_sendByte
                0x00003552       0x16 MCAL/Uart Module/Uart.o
                0x00003552                Uart_sendByte
 .text.Uart_sendPacket
                0x00003568       0x4e MCAL/Uart Module/Uart.o
                0x00003568                Uart_sendPacket
 .text.Uart_EnableNotification_RXC
                0x000035b6       0x2a MCAL/Uart Module/Uart.o
                0x000035b6                Uart_EnableNotification_RXC
 .text.Uart_DataRegister
                0x000035e0        0x4 MCAL/Uart Module/Uart.o
                0x000035e0                Uart_DataRegister
 .text.__vector_15
                0x000035e4       0x4e MCAL/Uart Module/Uart.o
                0x000035e4                __vector_15
 .text.__vector_13
                0x00003632       0x4e MCAL/Uart Module/Uart.o
                0x00003632                __vector_13
 .text.__vector_14
                0x00003680       0x4e MCAL/Uart Module/Uart.o
                0x00003680                __vector_14
 .text.avr-libc.fplib
                0x000036ce        0xe c:/program files (x86)/atmel/studio/7.0/toolchain/avr8/avr8-gnu-toolchain/bin/../lib/gcc/avr/5.4.0/../../../../avr/lib/avr5\libm.a(addsf3.o)
                0x000036ce                __subsf3
                0x000036d0                __addsf3
 .text.avr-libc.fplib
                0x000036dc       0xcc c:/program files (x86)/atmel/studio/7.0/toolchain/avr8/avr8-gnu-toolchain/bin/../lib/gcc/avr/5.4.0/../../../../avr/lib/avr5\libm.a(addsf3x.o)
                0x000036fe                __addsf3x
 .text.avr-libc.fplib
                0x000037a8        0x8 c:/program files (x86)/atmel/studio/7.0/toolchain/avr8/avr8-gnu-toolchain/bin/../lib/gcc/avr/5.4.0/../../../../avr/lib/avr5\libm.a(divsf3.o)
                0x000037a8                __divsf3
 .text.avr-libc.fplib
                0x000037b0       0xdc c:/program files (x86)/atmel/studio/7.0/toolchain/avr8/avr8-gnu-toolchain/bin/../lib/gcc/avr/5.4.0/../../../../avr/lib/avr5\libm.a(divsf3x.o)
                0x000037d0                __divsf3x
                0x000037d6                __divsf3_pse
 .text.avr-libc.fplib
                0x0000388c       0x5e c:/program files (x86)/atmel/studio/7.0/toolchain/avr8/avr8-gnu-toolchain/bin/../lib/gcc/avr/5.4.0/../../../../avr/lib/avr5\libm.a(fixunssfsi.o)
                0x0000388c                __fixunssfsi
 .text.avr-libc.fplib
                0x000038ea       0x7a c:/program files (x86)/atmel/studio/7.0/toolchain/avr8/avr8-gnu-toolchain/bin/../lib/gcc/avr/5.4.0/../../../../avr/lib/avr5\libm.a(floatsisf.o)
                0x000038ea                __floatunsisf
                0x000038ee                __floatsisf
 .text.avr-libc.fplib
                0x00003964        0xc c:/program files (x86)/atmel/studio/7.0/toolchain/avr8/avr8-gnu-toolchain/bin/../lib/gcc/avr/5.4.0/../../../../avr/lib/avr5\libm.a(fp_inf.o)
                0x00003964                __fp_inf
 .text.avr-libc.fplib
                0x00003970        0x6 c:/program files (x86)/atmel/studio/7.0/toolchain/avr8/avr8-gnu-toolchain/bin/../lib/gcc/avr/5.4.0/../../../../avr/lib/avr5\libm.a(fp_nan.o)
                0x00003970                __fp_nan
 .text.avr-libc.fplib
                0x00003976        0xe c:/program files (x86)/atmel/studio/7.0/toolchain/avr8/avr8-gnu-toolchain/bin/../lib/gcc/avr/5.4.0/../../../../avr/lib/avr5\libm.a(fp_pscA.o)
                0x00003976                __fp_pscA
 .text.avr-libc.fplib
                0x00003984        0xe c:/program files (x86)/atmel/studio/7.0/toolchain/avr8/avr8-gnu-toolchain/bin/../lib/gcc/avr/5.4.0/../../../../avr/lib/avr5\libm.a(fp_pscB.o)
                0x00003984                __fp_pscB
 .text.avr-libc.fplib
                0x00003992       0x22 c:/program files (x86)/atmel/studio/7.0/toolchain/avr8/avr8-gnu-toolchain/bin/../lib/gcc/avr/5.4.0/../../../../avr/lib/avr5\libm.a(fp_round.o)
                0x00003992                __fp_round
 .text.avr-libc.fplib
                0x000039b4       0x44 c:/program files (x86)/atmel/studio/7.0/toolchain/avr8/avr8-gnu-toolchain/bin/../lib/gcc/avr/5.4.0/../../../../avr/lib/avr5\libm.a(fp_split3.o)
                0x000039b4                __fp_split3
                0x000039c4                __fp_splitA
 .text.avr-libc.fplib
                0x000039f8        0xe c:/program files (x86)/atmel/studio/7.0/toolchain/avr8/avr8-gnu-toolchain/bin/../lib/gcc/avr/5.4.0/../../../../avr/lib/avr5\libm.a(fp_zero.o)
                0x000039f8                __fp_zero
                0x000039fa                __fp_szero
 .text.avr-libc.fplib
                0x00003a06        0x8 c:/program files (x86)/atmel/studio/7.0/toolchain/avr8/avr8-gnu-toolchain/bin/../lib/gcc/avr/5.4.0/../../../../avr/lib/avr5\libm.a(mulsf3.o)
                0x00003a06                __mulsf3
 .text.avr-libc.fplib
                0x00003a0e       0xd2 c:/program files (x86)/atmel/studio/7.0/toolchain/avr8/avr8-gnu-toolchain/bin/../lib/gcc/avr/5.4.0/../../../../avr/lib/avr5\libm.a(mulsf3x.o)
                0x00003a2c                __mulsf3x
                0x00003a32                __mulsf3_pse
 .text.libgcc.div
                0x00003ae0       0x28 c:/program files (x86)/atmel/studio/7.0/toolchain/avr8/avr8-gnu-toolchain/bin/../lib/gcc/avr/5.4.0/avr5\libgcc.a(_divmodhi4.o)
                0x00003ae0                _div
                0x00003ae0                __divmodhi4
 .text.libgcc.div
                0x00003b08       0x44 c:/program files (x86)/atmel/studio/7.0/toolchain/avr8/avr8-gnu-toolchain/bin/../lib/gcc/avr/5.4.0/avr5\libgcc.a(_udivmodsi4.o)
                0x00003b08                __udivmodsi4
 .text.libgcc   0x00003b4c        0xc c:/program files (x86)/atmel/studio/7.0/toolchain/avr8/avr8-gnu-toolchain/bin/../lib/gcc/avr/5.4.0/avr5\libgcc.a(_tablejump2.o)
                0x00003b4c                __tablejump2__
 .text.libgcc.mul
                0x00003b58       0x1e c:/program files (x86)/atmel/studio/7.0/toolchain/avr8/avr8-gnu-toolchain/bin/../lib/gcc/avr/5.4.0/avr5\libgcc.a(_umulhisi3.o)
                0x00003b58                __umulhisi3
 .text.libgcc   0x00003b76       0x18 c:/program files (x86)/atmel/studio/7.0/toolchain/avr8/avr8-gnu-toolchain/bin/../lib/gcc/avr/5.4.0/avr5\libgcc.a(_adddi3_s8.o)
                0x00003b76                __adddi3_s8
 .text.libgcc   0x00003b8e       0x12 c:/program files (x86)/atmel/studio/7.0/toolchain/avr8/avr8-gnu-toolchain/bin/../lib/gcc/avr/5.4.0/avr5\libgcc.a(_cmpdi2.o)
                0x00003b8e                __cmpdi2
 .text.libgcc   0x00003ba0       0x18 c:/program files (x86)/atmel/studio/7.0/toolchain/avr8/avr8-gnu-toolchain/bin/../lib/gcc/avr/5.4.0/avr5\libgcc.a(_cmpdi2_s8.o)
                0x00003ba0                __cmpdi2_s8
 .text.libgcc.div
                0x00003bb8       0x28 c:/program files (x86)/atmel/studio/7.0/toolchain/avr8/avr8-gnu-toolchain/bin/../lib/gcc/avr/5.4.0/avr5\libgcc.a(_udivmodhi4.o)
                0x00003bb8                __udivmodhi4
                0x00003be0                . = ALIGN (0x2)
 *(.fini9)
 .fini9         0x00003be0        0x0 c:/program files (x86)/atmel/studio/7.0/toolchain/avr8/avr8-gnu-toolchain/bin/../lib/gcc/avr/5.4.0/avr5\libgcc.a(_exit.o)
                0x00003be0                _exit
                0x00003be0                exit
 *(.fini9)
 *(.fini8)
 *(.fini8)
 *(.fini7)
 *(.fini7)
 *(.fini6)
 *(.fini6)
 *(.fini5)
 *(.fini5)
 *(.fini4)
 *(.fini4)
 *(.fini3)
 *(.fini3)
 *(.fini2)
 *(.fini2)
 *(.fini1)
 *(.fini1)
 *(.fini0)
 .fini0         0x00003be0        0x4 c:/program files (x86)/atmel/studio/7.0/toolchain/avr8/avr8-gnu-toolchain/bin/../lib/gcc/avr/5.4.0/avr5\libgcc.a(_exit.o)
 *(.fini0)
                0x00003be4                _etext = .

.data           0x00800060      0x3ac load address 0x00003be4
                0x00800060                PROVIDE (__data_start, .)
 *(.data)
 *(.data*)
 .data.ATM_DB_ATM_PIN_VAL
                0x00800060        0x5 APPL/App.o
                0x00800060                ATM_DB_ATM_PIN_VAL
 .data.gu8_ATMMode
                0x00800065        0x1 APPL/App.o
 .data.enuCurrentAppStatus
                0x00800066        0x1 APPL/App.o
 .data.genu_BttnModuleState
                0x00800067        0x1 ECUAL/Button Module/Button.o
 .data.gau8_buttonsUsed
                0x00800068        0x1 ECUAL/Button Module/Button_Cfg.o
                0x00800068                gau8_buttonsUsed
 .data.genu_eepromModuleState
                0x00800069        0x1 ECUAL/Eeprom_I2C Module/Eeprom_24.o
 .data.genu_KeypadModuleState
                0x0080006a        0x1 ECUAL/Keypad Module/Keypad.o
 .data.gau8_ButtonSymbols
                0x0080006b       0x10 ECUAL/Keypad Module/Keypad_Cfg.o
                0x0080006b                gau8_ButtonSymbols
 .data.gau8_Rows
                0x0080007b        0x4 ECUAL/Keypad Module/Keypad_Cfg.o
                0x0080007b                gau8_Rows
 .data.gau8_Columns
                0x0080007f        0x4 ECUAL/Keypad Module/Keypad_Cfg.o
                0x0080007f                gau8_Columns
 .data.genu_LcdModuleState
                0x00800083        0x1 ECUAL/Lcd Module/Lcd.o
 .data.genu_LM35ModuleState
                0x00800084        0x1 ECUAL/LM35 Module/LM35.o
 .data.gu8_MotorModuleStatus
                0x00800085        0x1 ECUAL/Motor Module/Motor.o
                0x00800085                gu8_MotorModuleStatus
 .data.genu_TerminalModuleState
                0x00800086        0x1 ECUAL/Terminal Module/Terminal.o
 .data.genuAdc_Status
                0x00800087        0x1 MCAL/Adc Module/Adc.o
 .data.str_ADCchannels
                0x00800088        0x2 MCAL/Adc Module/Adc_Cfg.o
                0x00800088                str_ADCchannels
 .data.strDio_pins
                0x0080008a       0x50 MCAL/Dio Module/Dio_Cfg.o
                0x0080008a                strDio_pins
 .data.genuI2C_Status
                0x008000da        0x1 MCAL/I2C Module/I2C.o
 .data.genuSpi_Status
                0x008000db        0x1 MCAL/Spi Module/Spi.o
 *(.gnu.linkonce.d*)
 *(.rodata)
 *(.rodata*)
 .rodata.str1.1
                0x008000dc      0x308 APPL/App.o
 .rodata.cgau8_ATMString
                0x008003e4        0xe APPL/App.o
                0x008003e4                cgau8_ATMString
 .rodata.cgau8_LoadingString
                0x008003f2        0xa APPL/App.o
                0x008003f2                cgau8_LoadingString
 .rodata.cgau8_ADMIN_Word
                0x008003fc        0x6 APPL/App.o
                0x008003fc                cgau8_ADMIN_Word
 .rodata.str_MotorsConfig
                0x00800402        0x5 ECUAL/Motor Module/Motor_Cfg.o
                0x00800402                str_MotorsConfig
 .rodata.Timers_Configurations
                0x00800407        0x3 MCAL/Gpt Module/Gpt_Cfg.o
                0x00800407                Timers_Configurations
 .rodata.SWPwm_Channels
                0x0080040a        0x2 MCAL/SWPwm Module/SWPwm_Cfg.o
                0x0080040a                SWPwm_Channels
 *(.gnu.linkonce.r*)
                0x0080040c                . = ALIGN (0x2)
                0x0080040c                _edata = .
                0x0080040c                PROVIDE (__data_end, .)

.bss            0x0080040c      0x179
                0x0080040c                PROVIDE (__bss_start, .)
 *(.bss)
 *(.bss*)
 .bss.sau8_data.2192
                0x0080040c        0xa APPL/App.o
 .bss.u8_index.2191
                0x00800416        0x1 APPL/App.o
 .bss.u8_passFlag.2142
                0x00800417        0x1 APPL/App.o
 .bss.gau8_maxAmount
                0x00800418        0x8 APPL/App.o
                0x00800418                gau8_maxAmount
 .bss.gu8_ATMPin
                0x00800420        0x5 APPL/App.o
                0x00800420                gu8_ATMPin
 .bss.gu8_registeredAccNum
                0x00800425        0x1 APPL/App.o
                0x00800425                gu8_registeredAccNum
 .bss.gu8_initData
                0x00800426        0x1 APPL/App.o
                0x00800426                gu8_initData
 .bss.gstr_clientdata
                0x00800427       0x12 APPL/App.o
                0x00800427                gstr_clientdata
 .bss.gstr_userCardData
                0x00800439       0x19 APPL/App.o
 .bss.gu8_displayFlag
                0x00800452        0x1 APPL/App.o
                0x00800452                gu8_displayFlag
 .bss.gu8_ADMIN_Request
                0x00800453        0x1 APPL/App.o
 .bss.gu8_USER_Mode_State
                0x00800454        0x1 APPL/App.o
 .bss.gu8_ButtonsState
                0x00800455        0x1 ECUAL/Button Module/Button.o
 .bss.gau8_MotorsState
                0x00800456        0x1 ECUAL/Motor Module/Motor.o
                0x00800456                gau8_MotorsState
 .bss.gu8_flag  0x00800457        0x1 ECUAL/Terminal Module/Terminal.o
                0x00800457                gu8_flag
 .bss.gu8_counter
                0x00800458        0x1 ECUAL/Terminal Module/Terminal.o
                0x00800458                gu8_counter
 .bss.gau8_data
                0x00800459       0xff ECUAL/Terminal Module/Terminal.o
                0x00800459                gau8_data
 .bss.gu8_visibility
                0x00800558        0x1 ECUAL/Terminal Module/Terminal.o
 .bss.ADC_CallBackPtr
                0x00800559        0x2 MCAL/Adc Module/Adc.o
 .bss.u8_Dio_Status
                0x0080055b        0x1 MCAL/Dio Module/Dio.o
 .bss.pstrDio_pinsConfig
                0x0080055c        0x2 MCAL/Dio Module/Dio.o
 .bss.INT2_CallBackPtr
                0x0080055e        0x2 MCAL/Ext Interrupt Module/Ext_INT.o
 .bss.INT1_CallBackPtr
                0x00800560        0x2 MCAL/Ext Interrupt Module/Ext_INT.o
 .bss.INT0_CallBackPtr
                0x00800562        0x2 MCAL/Ext Interrupt Module/Ext_INT.o
 .bss.genu_GPTModStatus
                0x00800564        0x1 MCAL/Gpt Module/Gpt.o
                0x00800564                genu_GPTModStatus
 .bss.u32_Channels_ISR_Count
                0x00800565        0x4 MCAL/Gpt Module/Gpt.o
                0x00800565                u32_Channels_ISR_Count
 .bss.enuChannelsState
                0x00800569        0x1 MCAL/Gpt Module/Gpt.o
                0x00800569                enuChannelsState
 .bss.Gpt_Timer0_CallBackPtr
                0x0080056a        0x2 MCAL/Gpt Module/Gpt.o
 .bss.SPI_STC_CallBackPtr
                0x0080056c        0x2 MCAL/Spi Module/Spi.o
 .bss.genu_SWPwmModStatus
                0x0080056e        0x1 MCAL/SWPwm Module/SWPwm.o
                0x0080056e                genu_SWPwmModStatus
 .bss.gu8_currentPwmChannel
                0x0080056f        0x1 MCAL/SWPwm Module/SWPwm.o
                0x0080056f                gu8_currentPwmChannel
 .bss.gstr_ChannelsData
                0x00800570        0xe MCAL/SWPwm Module/SWPwm.o
                0x00800570                gstr_ChannelsData
 .bss.u8_Uart_Status
                0x0080057e        0x1 MCAL/Uart Module/Uart.o
 .bss.Uart_UDRE_CallBackPtr
                0x0080057f        0x2 MCAL/Uart Module/Uart.o
 .bss.Uart_RXC_CallBackPtr
                0x00800581        0x2 MCAL/Uart Module/Uart.o
 .bss.Uart_TXC_CallBackPtr
                0x00800583        0x2 MCAL/Uart Module/Uart.o
 *(COMMON)
                0x00800585                PROVIDE (__bss_end, .)
                0x00003be4                __data_load_start = LOADADDR (.data)
                0x00003f90                __data_load_end = (__data_load_start + SIZEOF (.data))

.noinit         0x00800585        0x0
                [!provide]                PROVIDE (__noinit_start, .)
 *(.noinit*)
                [!provide]                PROVIDE (__noinit_end, .)
                0x00800585                _end = .
                [!provide]                PROVIDE (__heap_start, .)

.eeprom         0x00810000        0x0
 *(.eeprom*)
                0x00810000                __eeprom_end = .

.fuse
 *(.fuse)
 *(.lfuse)
 *(.hfuse)
 *(.efuse)

.lock
 *(.lock*)

.signature
 *(.signature*)

.user_signatures
 *(.user_signatures*)

.stab
 *(.stab)

.stabstr
 *(.stabstr)

.stab.excl
 *(.stab.excl)

.stab.exclstr
 *(.stab.exclstr)

.stab.index
 *(.stab.index)

.stab.indexstr
 *(.stab.indexstr)

.comment        0x00000000       0x30
 *(.comment)
 .comment       0x00000000       0x30 APPL/App.o
                                 0x31 (size before relaxing)
 .comment       0x00000030       0x31 ECUAL/Button Module/Button.o
 .comment       0x00000030       0x31 ECUAL/Button Module/Button_Cfg.o
 .comment       0x00000030       0x31 ECUAL/Eeprom_I2C Module/Eeprom_24.o
 .comment       0x00000030       0x31 ECUAL/Keypad Module/Keypad.o
 .comment       0x00000030       0x31 ECUAL/Keypad Module/Keypad_Cfg.o
 .comment       0x00000030       0x31 ECUAL/Lcd Module/Lcd.o
 .comment       0x00000030       0x31 ECUAL/LM35 Module/LM35.o
 .comment       0x00000030       0x31 ECUAL/Motor Module/Motor.o
 .comment       0x00000030       0x31 ECUAL/Motor Module/Motor_Cfg.o
 .comment       0x00000030       0x31 ECUAL/Terminal Module/Terminal.o
 .comment       0x00000030       0x31 main.o
 .comment       0x00000030       0x31 MCAL/Adc Module/Adc.o
 .comment       0x00000030       0x31 MCAL/Adc Module/Adc_Cfg.o
 .comment       0x00000030       0x31 MCAL/Delay Module/Delay.o
 .comment       0x00000030       0x31 MCAL/Dio Module/Dio.o
 .comment       0x00000030       0x31 MCAL/Dio Module/Dio_Cfg.o
 .comment       0x00000030       0x31 MCAL/Ext Interrupt Module/Ext_INT.o
 .comment       0x00000030       0x31 MCAL/Gpt Module/Gpt.o
 .comment       0x00000030       0x31 MCAL/Gpt Module/Gpt_Cfg.o
 .comment       0x00000030       0x31 MCAL/I2C Module/I2C.o
 .comment       0x00000030       0x31 MCAL/Spi Module/Spi.o
 .comment       0x00000030       0x31 MCAL/StringManipulation.o
 .comment       0x00000030       0x31 MCAL/SWPwm Module/SWPwm.o
 .comment       0x00000030       0x31 MCAL/SWPwm Module/SWPwm_Cfg.o
 .comment       0x00000030       0x31 MCAL/Uart Module/Uart.o

.note.gnu.avr.deviceinfo
                0x00000000       0x3c
 .note.gnu.avr.deviceinfo
                0x00000000       0x3c C:/Program Files (x86)/Atmel/Studio/7.0/Packs/atmel/ATmega_DFP/1.6.364/gcc/dev/atmega32/avr5/crtatmega32.o

.note.gnu.build-id
 *(.note.gnu.build-id)

.debug
 *(.debug)

.line
 *(.line)

.debug_srcinfo
 *(.debug_srcinfo)

.debug_sfnames
 *(.debug_sfnames)

.debug_aranges  0x00000000      0x6b8
 *(.debug_aranges)
 .debug_aranges
                0x00000000       0x98 APPL/App.o
 .debug_aranges
                0x00000098       0x30 ECUAL/Button Module/Button.o
 .debug_aranges
                0x000000c8       0x18 ECUAL/Button Module/Button_Cfg.o
 .debug_aranges
                0x000000e0       0x58 ECUAL/Eeprom_I2C Module/Eeprom_24.o
 .debug_aranges
                0x00000138       0x28 ECUAL/Keypad Module/Keypad.o
 .debug_aranges
                0x00000160       0x18 ECUAL/Keypad Module/Keypad_Cfg.o
 .debug_aranges
                0x00000178       0x80 ECUAL/Lcd Module/Lcd.o
 .debug_aranges
                0x000001f8       0x28 ECUAL/LM35 Module/LM35.o
 .debug_aranges
                0x00000220       0x30 ECUAL/Motor Module/Motor.o
 .debug_aranges
                0x00000250       0x18 ECUAL/Motor Module/Motor_Cfg.o
 .debug_aranges
                0x00000268       0x48 ECUAL/Terminal Module/Terminal.o
 .debug_aranges
                0x000002b0       0x20 main.o
 .debug_aranges
                0x000002d0       0x48 MCAL/Adc Module/Adc.o
 .debug_aranges
                0x00000318       0x18 MCAL/Adc Module/Adc_Cfg.o
 .debug_aranges
                0x00000330       0x30 MCAL/Delay Module/Delay.o
 .debug_aranges
                0x00000360       0x38 MCAL/Dio Module/Dio.o
 .debug_aranges
                0x00000398       0x18 MCAL/Dio Module/Dio_Cfg.o
 .debug_aranges
                0x000003b0       0x60 MCAL/Ext Interrupt Module/Ext_INT.o
 .debug_aranges
                0x00000410       0x80 MCAL/Gpt Module/Gpt.o
 .debug_aranges
                0x00000490       0x18 MCAL/Gpt Module/Gpt_Cfg.o
 .debug_aranges
                0x000004a8       0x80 MCAL/I2C Module/I2C.o
 .debug_aranges
                0x00000528       0x58 MCAL/Spi Module/Spi.o
 .debug_aranges
                0x00000580       0x68 MCAL/StringManipulation.o
 .debug_aranges
                0x000005e8       0x38 MCAL/SWPwm Module/SWPwm.o
 .debug_aranges
                0x00000620       0x18 MCAL/SWPwm Module/SWPwm_Cfg.o
 .debug_aranges
                0x00000638       0x80 MCAL/Uart Module/Uart.o

.debug_pubnames
 *(.debug_pubnames)

.debug_info     0x00000000     0x7039
 *(.debug_info .gnu.linkonce.wi.*)
 .debug_info    0x00000000      0x4e6 C:/Program Files (x86)/Atmel/Studio/7.0/Packs/atmel/ATmega_DFP/1.6.364/gcc/dev/atmega32/avr5/crtatmega32.o
 .debug_info    0x000004e6     0x1f80 APPL/App.o
 .debug_info    0x00002466      0x327 ECUAL/Button Module/Button.o
 .debug_info    0x0000278d       0x98 ECUAL/Button Module/Button_Cfg.o
 .debug_info    0x00002825      0x8d7 ECUAL/Eeprom_I2C Module/Eeprom_24.o
 .debug_info    0x000030fc      0x30a ECUAL/Keypad Module/Keypad.o
 .debug_info    0x00003406       0xd2 ECUAL/Keypad Module/Keypad_Cfg.o
 .debug_info    0x000034d8      0x7d2 ECUAL/Lcd Module/Lcd.o
 .debug_info    0x00003caa      0x1c0 ECUAL/LM35 Module/LM35.o
 .debug_info    0x00003e6a      0x379 ECUAL/Motor Module/Motor.o
 .debug_info    0x000041e3       0xf9 ECUAL/Motor Module/Motor_Cfg.o
 .debug_info    0x000042dc      0x38b ECUAL/Terminal Module/Terminal.o
 .debug_info    0x00004667       0xb4 main.o
 .debug_info    0x0000471b      0x2ec MCAL/Adc Module/Adc.o
 .debug_info    0x00004a07       0xc8 MCAL/Adc Module/Adc_Cfg.o
 .debug_info    0x00004acf      0x138 MCAL/Delay Module/Delay.o
 .debug_info    0x00004c07      0x247 MCAL/Dio Module/Dio.o
 .debug_info    0x00004e4e      0x108 MCAL/Dio Module/Dio_Cfg.o
 .debug_info    0x00004f56      0x1fd MCAL/Ext Interrupt Module/Ext_INT.o
 .debug_info    0x00005153      0x54f MCAL/Gpt Module/Gpt.o
 .debug_info    0x000056a2      0x169 MCAL/Gpt Module/Gpt_Cfg.o
 .debug_info    0x0000580b      0x5e0 MCAL/I2C Module/I2C.o
 .debug_info    0x00005deb      0x269 MCAL/Spi Module/Spi.o
 .debug_info    0x00006054      0x502 MCAL/StringManipulation.o
 .debug_info    0x00006556      0x627 MCAL/SWPwm Module/SWPwm.o
 .debug_info    0x00006b7d       0xd2 MCAL/SWPwm Module/SWPwm_Cfg.o
 .debug_info    0x00006c4f      0x3ea MCAL/Uart Module/Uart.o

.debug_abbrev   0x00000000     0x1dfc
 *(.debug_abbrev)
 .debug_abbrev  0x00000000      0x4a3 C:/Program Files (x86)/Atmel/Studio/7.0/Packs/atmel/ATmega_DFP/1.6.364/gcc/dev/atmega32/avr5/crtatmega32.o
 .debug_abbrev  0x000004a3      0x1bb APPL/App.o
 .debug_abbrev  0x0000065e      0x143 ECUAL/Button Module/Button.o
 .debug_abbrev  0x000007a1       0x4b ECUAL/Button Module/Button_Cfg.o
 .debug_abbrev  0x000007ec      0x17f ECUAL/Eeprom_I2C Module/Eeprom_24.o
 .debug_abbrev  0x0000096b      0x134 ECUAL/Keypad Module/Keypad.o
 .debug_abbrev  0x00000a9f       0x4b ECUAL/Keypad Module/Keypad_Cfg.o
 .debug_abbrev  0x00000aea      0x173 ECUAL/Lcd Module/Lcd.o
 .debug_abbrev  0x00000c5d       0xd9 ECUAL/LM35 Module/LM35.o
 .debug_abbrev  0x00000d36      0x134 ECUAL/Motor Module/Motor.o
 .debug_abbrev  0x00000e6a       0x6e ECUAL/Motor Module/Motor_Cfg.o
 .debug_abbrev  0x00000ed8      0x14c ECUAL/Terminal Module/Terminal.o
 .debug_abbrev  0x00001024       0x68 main.o
 .debug_abbrev  0x0000108c      0x13b MCAL/Adc Module/Adc.o
 .debug_abbrev  0x000011c7       0x67 MCAL/Adc Module/Adc_Cfg.o
 .debug_abbrev  0x0000122e       0xa7 MCAL/Delay Module/Delay.o
 .debug_abbrev  0x000012d5       0xc3 MCAL/Dio Module/Dio.o
 .debug_abbrev  0x00001398       0x7f MCAL/Dio Module/Dio_Cfg.o
 .debug_abbrev  0x00001417       0x9d MCAL/Ext Interrupt Module/Ext_INT.o
 .debug_abbrev  0x000014b4      0x1a4 MCAL/Gpt Module/Gpt.o
 .debug_abbrev  0x00001658       0x86 MCAL/Gpt Module/Gpt_Cfg.o
 .debug_abbrev  0x000016de      0x137 MCAL/I2C Module/I2C.o
 .debug_abbrev  0x00001815      0x149 MCAL/Spi Module/Spi.o
 .debug_abbrev  0x0000195e      0x140 MCAL/StringManipulation.o
 .debug_abbrev  0x00001a9e      0x16a MCAL/SWPwm Module/SWPwm.o
 .debug_abbrev  0x00001c08       0x6e MCAL/SWPwm Module/SWPwm_Cfg.o
 .debug_abbrev  0x00001c76      0x186 MCAL/Uart Module/Uart.o

.debug_line     0x00000000     0x4349
 *(.debug_line .debug_line.* .debug_line_end)
 .debug_line    0x00000000      0x116 C:/Program Files (x86)/Atmel/Studio/7.0/Packs/atmel/ATmega_DFP/1.6.364/gcc/dev/atmega32/avr5/crtatmega32.o
 .debug_line    0x00000116     0x103f APPL/App.o
 .debug_line    0x00001155      0x1f9 ECUAL/Button Module/Button.o
 .debug_line    0x0000134e       0x85 ECUAL/Button Module/Button_Cfg.o
 .debug_line    0x000013d3      0x4bd ECUAL/Eeprom_I2C Module/Eeprom_24.o
 .debug_line    0x00001890      0x1b8 ECUAL/Keypad Module/Keypad.o
 .debug_line    0x00001a48       0x85 ECUAL/Keypad Module/Keypad_Cfg.o
 .debug_line    0x00001acd      0x404 ECUAL/Lcd Module/Lcd.o
 .debug_line    0x00001ed1      0x139 ECUAL/LM35 Module/LM35.o
 .debug_line    0x0000200a      0x247 ECUAL/Motor Module/Motor.o
 .debug_line    0x00002251       0x8d ECUAL/Motor Module/Motor_Cfg.o
 .debug_line    0x000022de      0x296 ECUAL/Terminal Module/Terminal.o
 .debug_line    0x00002574       0x52 main.o
 .debug_line    0x000025c6      0x278 MCAL/Adc Module/Adc.o
 .debug_line    0x0000283e       0x6d MCAL/Adc Module/Adc_Cfg.o
 .debug_line    0x000028ab       0xd4 MCAL/Delay Module/Delay.o
 .debug_line    0x0000297f      0x2f6 MCAL/Dio Module/Dio.o
 .debug_line    0x00002c75       0x6d MCAL/Dio Module/Dio_Cfg.o
 .debug_line    0x00002ce2      0x15c MCAL/Ext Interrupt Module/Ext_INT.o
 .debug_line    0x00002e3e      0x39c MCAL/Gpt Module/Gpt.o
 .debug_line    0x000031da       0x6d MCAL/Gpt Module/Gpt_Cfg.o
 .debug_line    0x00003247      0x515 MCAL/I2C Module/I2C.o
 .debug_line    0x0000375c      0x22e MCAL/Spi Module/Spi.o
 .debug_line    0x0000398a      0x361 MCAL/StringManipulation.o
 .debug_line    0x00003ceb      0x2ce MCAL/SWPwm Module/SWPwm.o
 .debug_line    0x00003fb9       0x75 MCAL/SWPwm Module/SWPwm_Cfg.o
 .debug_line    0x0000402e      0x31b MCAL/Uart Module/Uart.o

.debug_frame    0x00000000     0x14b4
 *(.debug_frame)
 .debug_frame   0x00000000      0x1d4 APPL/App.o
 .debug_frame   0x000001d4       0x60 ECUAL/Button Module/Button.o
 .debug_frame   0x00000234      0x1a4 ECUAL/Eeprom_I2C Module/Eeprom_24.o
 .debug_frame   0x000003d8       0x6c ECUAL/Keypad Module/Keypad.o
 .debug_frame   0x00000444      0x138 ECUAL/Lcd Module/Lcd.o
 .debug_frame   0x0000057c       0x50 ECUAL/LM35 Module/LM35.o
 .debug_frame   0x000005cc       0x84 ECUAL/Motor Module/Motor.o
 .debug_frame   0x00000650       0x8c ECUAL/Terminal Module/Terminal.o
 .debug_frame   0x000006dc       0x24 main.o
 .debug_frame   0x00000700       0xfc MCAL/Adc Module/Adc.o
 .debug_frame   0x000007fc       0xa4 MCAL/Delay Module/Delay.o
 .debug_frame   0x000008a0       0x54 MCAL/Dio Module/Dio.o
 .debug_frame   0x000008f4      0x17c MCAL/Ext Interrupt Module/Ext_INT.o
 .debug_frame   0x00000a70      0x344 MCAL/Gpt Module/Gpt.o
 .debug_frame   0x00000db4      0x1c4 MCAL/I2C Module/I2C.o
 .debug_frame   0x00000f78      0x100 MCAL/Spi Module/Spi.o
 .debug_frame   0x00001078      0x17c MCAL/StringManipulation.o
 .debug_frame   0x000011f4       0xc4 MCAL/SWPwm Module/SWPwm.o
 .debug_frame   0x000012b8      0x1fc MCAL/Uart Module/Uart.o

.debug_str      0x00000000     0x2af8
 *(.debug_str)
 .debug_str     0x00000000      0x196 C:/Program Files (x86)/Atmel/Studio/7.0/Packs/atmel/ATmega_DFP/1.6.364/gcc/dev/atmega32/avr5/crtatmega32.o
 .debug_str     0x00000196      0xeb7 APPL/App.o
                                0xef4 (size before relaxing)
 .debug_str     0x0000104d      0x216 ECUAL/Button Module/Button.o
                                0x47f (size before relaxing)
 .debug_str     0x00001263       0x24 ECUAL/Button Module/Button_Cfg.o
                                0x1c7 (size before relaxing)
 .debug_str     0x00001287      0x32a ECUAL/Eeprom_I2C Module/Eeprom_24.o
                                0x5db (size before relaxing)
 .debug_str     0x000015b1       0x8b ECUAL/Keypad Module/Keypad.o
                                0x496 (size before relaxing)
 .debug_str     0x0000163c       0x24 ECUAL/Keypad Module/Keypad_Cfg.o
                                0x1e0 (size before relaxing)
 .debug_str     0x00001660       0xf0 ECUAL/Lcd Module/Lcd.o
                                0x50c (size before relaxing)
 .debug_str     0x00001750      0x13f ECUAL/LM35 Module/LM35.o
                                0x39a (size before relaxing)
 .debug_str     0x0000188f      0x1a8 ECUAL/Motor Module/Motor.o
                                0x43a (size before relaxing)
 .debug_str     0x00001a37       0x22 ECUAL/Motor Module/Motor_Cfg.o
                                0x221 (size before relaxing)
 .debug_str     0x00001a59      0x1ce ECUAL/Terminal Module/Terminal.o
                                0x493 (size before relaxing)
 .debug_str     0x00001c27       0x11 main.o
                                0x1a5 (size before relaxing)
 .debug_str     0x00001c38      0x118 MCAL/Adc Module/Adc.o
                                0x3ab (size before relaxing)
 .debug_str     0x00001d50       0x1d MCAL/Adc Module/Adc_Cfg.o
                                0x1e0 (size before relaxing)
 .debug_str     0x00001d6d       0x5a MCAL/Delay Module/Delay.o
                                0x1ed (size before relaxing)
 .debug_str     0x00001dc7       0x62 MCAL/Dio Module/Dio.o
                                0x375 (size before relaxing)
 .debug_str     0x00001e29       0x1d MCAL/Dio Module/Dio_Cfg.o
                                0x232 (size before relaxing)
 .debug_str     0x00001e46       0xe7 MCAL/Ext Interrupt Module/Ext_INT.o
                                0x270 (size before relaxing)
 .debug_str     0x00001f2d      0x474 MCAL/Gpt Module/Gpt.o
                                0x62e (size before relaxing)
 .debug_str     0x000023a1       0x1d MCAL/Gpt Module/Gpt_Cfg.o
                                0x358 (size before relaxing)
 .debug_str     0x000023be      0x168 MCAL/I2C Module/I2C.o
                                0x4d2 (size before relaxing)
 .debug_str     0x00002526       0xf5 MCAL/Spi Module/Spi.o
                                0x394 (size before relaxing)
 .debug_str     0x0000261b      0x115 MCAL/StringManipulation.o
                                0x334 (size before relaxing)
 .debug_str     0x00002730      0x207 MCAL/SWPwm Module/SWPwm.o
                                0x8b7 (size before relaxing)
 .debug_str     0x00002937       0x21 MCAL/SWPwm Module/SWPwm_Cfg.o
                                0x1fb (size before relaxing)
 .debug_str     0x00002958      0x1a0 MCAL/Uart Module/Uart.o
                                0x48e (size before relaxing)

.debug_loc      0x00000000     0x540d
 *(.debug_loc)
 .debug_loc     0x00000000      0x7b1 APPL/App.o
 .debug_loc     0x000007b1      0x1bf ECUAL/Button Module/Button.o
 .debug_loc     0x00000970      0xb2c ECUAL/Eeprom_I2C Module/Eeprom_24.o
 .debug_loc     0x0000149c      0x18f ECUAL/Keypad Module/Keypad.o
 .debug_loc     0x0000162b      0x385 ECUAL/Lcd Module/Lcd.o
 .debug_loc     0x000019b0       0xb8 ECUAL/LM35 Module/LM35.o
 .debug_loc     0x00001a68      0x265 ECUAL/Motor Module/Motor.o
 .debug_loc     0x00001ccd      0x136 ECUAL/Terminal Module/Terminal.o
 .debug_loc     0x00001e03      0x3c2 MCAL/Adc Module/Adc.o
 .debug_loc     0x000021c5      0x2f2 MCAL/Delay Module/Delay.o
 .debug_loc     0x000024b7      0x178 MCAL/Dio Module/Dio.o
 .debug_loc     0x0000262f      0x2c4 MCAL/Ext Interrupt Module/Ext_INT.o
 .debug_loc     0x000028f3      0x99b MCAL/Gpt Module/Gpt.o
 .debug_loc     0x0000328e      0xa6e MCAL/I2C Module/I2C.o
 .debug_loc     0x00003cfc      0x2ad MCAL/Spi Module/Spi.o
 .debug_loc     0x00003fa9      0x977 MCAL/StringManipulation.o
 .debug_loc     0x00004920      0x4c2 MCAL/SWPwm Module/SWPwm.o
 .debug_loc     0x00004de2      0x62b MCAL/Uart Module/Uart.o

.debug_macinfo
 *(.debug_macinfo)

.debug_weaknames
 *(.debug_weaknames)

.debug_funcnames
 *(.debug_funcnames)

.debug_typenames
 *(.debug_typenames)

.debug_varnames
 *(.debug_varnames)

.debug_pubtypes
 *(.debug_pubtypes)

.debug_ranges   0x00000000      0x588
 *(.debug_ranges)
 .debug_ranges  0x00000000       0xd0 APPL/App.o
 .debug_ranges  0x000000d0       0x20 ECUAL/Button Module/Button.o
 .debug_ranges  0x000000f0       0xa8 ECUAL/Eeprom_I2C Module/Eeprom_24.o
 .debug_ranges  0x00000198       0x18 ECUAL/Keypad Module/Keypad.o
 .debug_ranges  0x000001b0       0x70 ECUAL/Lcd Module/Lcd.o
 .debug_ranges  0x00000220       0x18 ECUAL/LM35 Module/LM35.o
 .debug_ranges  0x00000238       0x20 ECUAL/Motor Module/Motor.o
 .debug_ranges  0x00000258       0x38 ECUAL/Terminal Module/Terminal.o
 .debug_ranges  0x00000290       0x10 main.o
 .debug_ranges  0x000002a0       0x38 MCAL/Adc Module/Adc.o
 .debug_ranges  0x000002d8       0x20 MCAL/Delay Module/Delay.o
 .debug_ranges  0x000002f8       0x28 MCAL/Dio Module/Dio.o
 .debug_ranges  0x00000320       0x50 MCAL/Ext Interrupt Module/Ext_INT.o
 .debug_ranges  0x00000370       0x70 MCAL/Gpt Module/Gpt.o
 .debug_ranges  0x000003e0       0x70 MCAL/I2C Module/I2C.o
 .debug_ranges  0x00000450       0x48 MCAL/Spi Module/Spi.o
 .debug_ranges  0x00000498       0x58 MCAL/StringManipulation.o
 .debug_ranges  0x000004f0       0x28 MCAL/SWPwm Module/SWPwm.o
 .debug_ranges  0x00000518       0x70 MCAL/Uart Module/Uart.o

.debug_macro
 *(.debug_macro)
OUTPUT(ATM.elf elf32-avr)
LOAD linker stubs
