Archive member included to satisfy reference by file (symbol)

c:/program files (x86)/atmel/studio/7.0/toolchain/avr8/avr8-gnu-toolchain/bin/../lib/gcc/avr/5.4.0/../../../../avr/lib/avr5\libm.a(addsf3.o)
                              APPL/App.o (__subsf3)
c:/program files (x86)/atmel/studio/7.0/toolchain/avr8/avr8-gnu-toolchain/bin/../lib/gcc/avr/5.4.0/../../../../avr/lib/avr5\libm.a(addsf3x.o)
                              c:/program files (x86)/atmel/studio/7.0/toolchain/avr8/avr8-gnu-toolchain/bin/../lib/gcc/avr/5.4.0/../../../../avr/lib/avr5\libm.a(addsf3.o) (__addsf3x)
c:/program files (x86)/atmel/studio/7.0/toolchain/avr8/avr8-gnu-toolchain/bin/../lib/gcc/avr/5.4.0/../../../../avr/lib/avr5\libm.a(cmpsf2.o)
                              APPL/App.o (__ltsf2)
c:/program files (x86)/atmel/studio/7.0/toolchain/avr8/avr8-gnu-toolchain/bin/../lib/gcc/avr/5.4.0/../../../../avr/lib/avr5\libm.a(divsf3.o)
                              MCAL/StringManipulation.o (__divsf3)
c:/program files (x86)/atmel/studio/7.0/toolchain/avr8/avr8-gnu-toolchain/bin/../lib/gcc/avr/5.4.0/../../../../avr/lib/avr5\libm.a(divsf3x.o)
                              c:/program files (x86)/atmel/studio/7.0/toolchain/avr8/avr8-gnu-toolchain/bin/../lib/gcc/avr/5.4.0/../../../../avr/lib/avr5\libm.a(divsf3.o) (__divsf3x)
c:/program files (x86)/atmel/studio/7.0/toolchain/avr8/avr8-gnu-toolchain/bin/../lib/gcc/avr/5.4.0/../../../../avr/lib/avr5\libm.a(fixunssfsi.o)
                              MCAL/Adc Module/Adc.o (__fixunssfsi)
c:/program files (x86)/atmel/studio/7.0/toolchain/avr8/avr8-gnu-toolchain/bin/../lib/gcc/avr/5.4.0/../../../../avr/lib/avr5\libm.a(floatsisf.o)
                              MCAL/Adc Module/Adc.o (__floatunsisf)
c:/program files (x86)/atmel/studio/7.0/toolchain/avr8/avr8-gnu-toolchain/bin/../lib/gcc/avr/5.4.0/../../../../avr/lib/avr5\libm.a(fp_cmp.o)
                              c:/program files (x86)/atmel/studio/7.0/toolchain/avr8/avr8-gnu-toolchain/bin/../lib/gcc/avr/5.4.0/../../../../avr/lib/avr5\libm.a(cmpsf2.o) (__fp_cmp)
c:/program files (x86)/atmel/studio/7.0/toolchain/avr8/avr8-gnu-toolchain/bin/../lib/gcc/avr/5.4.0/../../../../avr/lib/avr5\libm.a(fp_inf.o)
                              c:/program files (x86)/atmel/studio/7.0/toolchain/avr8/avr8-gnu-toolchain/bin/../lib/gcc/avr/5.4.0/../../../../avr/lib/avr5\libm.a(addsf3x.o) (__fp_inf)
c:/program files (x86)/atmel/studio/7.0/toolchain/avr8/avr8-gnu-toolchain/bin/../lib/gcc/avr/5.4.0/../../../../avr/lib/avr5\libm.a(fp_nan.o)
                              c:/program files (x86)/atmel/studio/7.0/toolchain/avr8/avr8-gnu-toolchain/bin/../lib/gcc/avr/5.4.0/../../../../avr/lib/avr5\libm.a(addsf3x.o) (__fp_nan)
c:/program files (x86)/atmel/studio/7.0/toolchain/avr8/avr8-gnu-toolchain/bin/../lib/gcc/avr/5.4.0/../../../../avr/lib/avr5\libm.a(fp_pscA.o)
                              c:/program files (x86)/atmel/studio/7.0/toolchain/avr8/avr8-gnu-toolchain/bin/../lib/gcc/avr/5.4.0/../../../../avr/lib/avr5\libm.a(addsf3x.o) (__fp_pscA)
c:/program files (x86)/atmel/studio/7.0/toolchain/avr8/avr8-gnu-toolchain/bin/../lib/gcc/avr/5.4.0/../../../../avr/lib/avr5\libm.a(fp_pscB.o)
                              c:/program files (x86)/atmel/studio/7.0/toolchain/avr8/avr8-gnu-toolchain/bin/../lib/gcc/avr/5.4.0/../../../../avr/lib/avr5\libm.a(addsf3x.o) (__fp_pscB)
c:/program files (x86)/atmel/studio/7.0/toolchain/avr8/avr8-gnu-toolchain/bin/../lib/gcc/avr/5.4.0/../../../../avr/lib/avr5\libm.a(fp_round.o)
                              c:/program files (x86)/atmel/studio/7.0/toolchain/avr8/avr8-gnu-toolchain/bin/../lib/gcc/avr/5.4.0/../../../../avr/lib/avr5\libm.a(addsf3.o) (__fp_round)
c:/program files (x86)/atmel/studio/7.0/toolchain/avr8/avr8-gnu-toolchain/bin/../lib/gcc/avr/5.4.0/../../../../avr/lib/avr5\libm.a(fp_split3.o)
                              c:/program files (x86)/atmel/studio/7.0/toolchain/avr8/avr8-gnu-toolchain/bin/../lib/gcc/avr/5.4.0/../../../../avr/lib/avr5\libm.a(addsf3x.o) (__fp_split3)
c:/program files (x86)/atmel/studio/7.0/toolchain/avr8/avr8-gnu-toolchain/bin/../lib/gcc/avr/5.4.0/../../../../avr/lib/avr5\libm.a(fp_zero.o)
                              c:/program files (x86)/atmel/studio/7.0/toolchain/avr8/avr8-gnu-toolchain/bin/../lib/gcc/avr/5.4.0/../../../../avr/lib/avr5\libm.a(addsf3x.o) (__fp_zero)
c:/program files (x86)/atmel/studio/7.0/toolchain/avr8/avr8-gnu-toolchain/bin/../lib/gcc/avr/5.4.0/../../../../avr/lib/avr5\libm.a(mulsf3.o)
                              MCAL/Adc Module/Adc.o (__mulsf3)
c:/program files (x86)/atmel/studio/7.0/toolchain/avr8/avr8-gnu-toolchain/bin/../lib/gcc/avr/5.4.0/../../../../avr/lib/avr5\libm.a(mulsf3x.o)
                              c:/program files (x86)/atmel/studio/7.0/toolchain/avr8/avr8-gnu-toolchain/bin/../lib/gcc/avr/5.4.0/../../../../avr/lib/avr5\libm.a(mulsf3.o) (__mulsf3x)
c:/program files (x86)/atmel/studio/7.0/toolchain/avr8/avr8-gnu-toolchain/bin/../lib/gcc/avr/5.4.0/avr5\libgcc.a(_divmodhi4.o)
[...]
Memory Configuration

Name             Origin             Length             Attributes
text             0x00000000         0x00008000         xr
data             0x00800060         0x00000800         rw !x
eeprom           0x00810000         0x00000400         rw !x
fuse             0x00820000         0x00000002         rw !x
lock             0x00830000         0x00000400         rw !x
signature        0x00840000         0x00000400         rw !x
user_signatures  0x00850000         0x00000400         rw !x
*default*        0x00000000         0xffffffff

Linker script and memory map

LOAD C:/Program Files (x86)/Atmel/Studio/7.0/Packs/atmel/ATmega_DFP/1.6.364/gcc/dev/atmega32/avr5/crtatmega32.o
LOAD APPL/App.o
LOAD ECUAL/Button Module/Button.o
LOAD ECUAL/Button Module/Button_Cfg.o
LOAD ECUAL/Eeprom_I2C Module/Eeprom_24.o
LOAD ECUAL/Keypad Module/Keypad.o
LOAD ECUAL/Keypad Module/Keypad_Cfg.o
LOAD ECUAL/Lcd Module/Lcd.o
LOAD ECUAL/LM35 Module/LM35.o
LOAD ECUAL/Motor Module/Motor.o
LOAD ECUAL/Motor Module/Motor_Cfg.o
LOAD ECUAL/Terminal Module/Terminal.o
LOAD main.o
LOAD MCAL/Adc Module/Adc.o
LOAD MCAL/Adc Module/Adc_Cfg.o
LOAD MCAL/Delay Module/Delay.o
LOAD MCAL/Dio Module/Dio.o
LOAD MCAL/Dio Module/Dio_Cfg.o
LOAD MCAL/Ext Interrupt Module/Ext_INT.o
LOAD MCAL/Gpt Module/Gpt.o
LOAD MCAL/Gpt Module/Gpt_Cfg.o
LOAD MCAL/I2C Module/I2C.o
LOAD MCAL/Spi Module/Spi.o
LOAD MCAL/StringManipulation.o
LOAD MCAL/SWPwm Module/SWPwm.o
LOAD MCAL/SWPwm Module/SWPwm_Cfg.o
LOAD MCAL/Uart Module/Uart.o
START GROUP
LOAD c:/program files (x86)/atmel/studio/7.0/toolchain/avr8/avr8-gnu-toolchain/bin/../lib/gcc/avr/5.4.0/../../../../avr/lib/avr5\libm.a
END GROUP
START GROUP
LOAD c:/program files (x86)/atmel/studio/7.0/toolchain/avr8/avr8-gnu-toolchain/bin/../lib/gcc/avr/5.4.0/avr5\libgcc.a
LOAD c:/program files (x86)/atmel/studio/7.0/toolchain/avr8/avr8-gnu-toolchain/bin/../lib/gcc/avr/5.4.0/../../../../avr/lib/avr5\libm.a
LOAD c:/program files (x86)/atmel/studio/7.0/toolchain/avr8/avr8-gnu-toolchain/bin/../lib/gcc/avr/5.4.0/../../../../avr/lib/avr5\libc.a
LOAD C:/Program Files (x86)/Atmel/Studio/7.0/Packs/atmel/ATmega_DFP/1.6.364/gcc/dev/atmega32/avr5\libatmega32.a
END GROUP
                0x00000000                __TEXT_REGION_ORIGIN__ = DEFINED (__TEXT_REGION_ORIGIN__)?__TEXT_REGION_ORIGIN__:0x0
                [0x00800060]                __DATA_REGION_ORIGIN__ = DEFINED (__DATA_REGION_ORIGIN__)?__DATA_REGION_ORIGIN__:0x800060
                [0x00008000]                __TEXT_REGION_LENGTH__ = DEFINED (__TEXT_REGION_LENGTH__)?__TEXT_REGION_LENGTH__:0x20000
                [0x00000800]                __DATA_REGION_LENGTH__ = DEFINED (__DATA_REGION_LENGTH__)?__DATA_REGION_LENGTH__:0xffa0
                [0x00000400]                __EEPROM_REGION_LENGTH__ = DEFINED (__EEPROM_REGION_LENGTH__)?__EEPROM_REGION_LENGTH__:0x10000
                [0x00000002]                __FUSE_REGION_LENGTH__ = DEFINED (__FUSE_REGION_LENGTH__)?__FUSE_REGION_LENGTH__:0x400
                0x00000400                __LOCK_REGION_LENGTH__ = DEFINED (__LOCK_REGION_LENGTH__)?__LOCK_REGION_LENGTH__:0x400
                0x00000400                __SIGNATURE_REGION_LENGTH__ = DEFINED (__SIGNATURE_REGION_LENGTH__)?__SIGNATURE_REGION_LENGTH__:0x400
                0x00000400                __USER_SIGNATURE_REGION_LENGTH__ = DEFINED (__USER_SIGNATURE_REGION_LENGTH__)?__USER_SIGNATURE_REGION_LENGTH__:0x400

.hash
 *(.hash)

.dynsym
 *(.dynsym)

.dynstr
 *(.dynstr)

.gnu.version
 *(.gnu.version)

.gnu.version_d
 *(.gnu.version_d)

.gnu.version_r
 *(.gnu.version_r)

.rel.init
 *(.rel.init)

.rela.init
 *(.rela.init)

.rel.text
 *(.rel.text)
 *(.rel.text.*)
 *(.rel.gnu.linkonce.t*)

.rela.text
 *(.rela.text)
 *(.rela.text.*)
 *(.rela.gnu.linkonce.t*)

.rel.fini
 *(.rel.fini)

.rela.fini
 *(.rela.fini)

.rel.rodata
 *(.rel.rodata)
 *(.rel.rodata.*)
 *(.rel.gnu.linkonce.r*)

.rela.rodata
 *(.rela.rodata)
 *(.rela.rodata.*)
 *(.rela.gnu.linkonce.r*)

.rel.data
 *(.rel.data)
 *(.rel.data.*)
 *(.rel.gnu.linkonce.d*)

.rela.data
 *(.rela.data)
 *(.rela.data.*)
 *(.rela.gnu.linkonce.d*)

.rel.ctors
 *(.rel.ctors)

.rela.ctors
 *(.rela.ctors)

.rel.dtors
 *(.rel.dtors)

.rela.dtors
 *(.rela.dtors)

.rel.got
 *(.rel.got)

.rela.got
 *(.rela.got)

.rel.bss
 *(.rel.bss)

.rela.bss
 *(.rela.bss)

.rel.plt
 *(.rel.plt)

.rela.plt
 *(.rela.plt)

.text           0x00000000     0x3e44
 *(.vectors)
 .vectors       0x00000000       0x54 C:/Program Files (x86)/Atmel/Studio/7.0/Packs/atmel/ATmega_DFP/1.6.364/gcc/dev/atmega32/avr5/crtatmega32.o
                0x00000000                __vector_default
                0x00000000                __vectors
 *(.vectors)
 *(.progmem.gcc*)
 .progmem.gcc_sw_table.SWPwm_Start
                0x00000054        0xe MCAL/SWPwm Module/SWPwm.o
                0x00000062                . = ALIGN (0x2)
                0x00000062                __trampolines_start = .
 *(.trampolines)
 .trampolines   0x00000062        0x0 linker stubs
 *(.trampolines*)
                0x00000062                __trampolines_end = .
 *libprintf_flt.a:*(.progmem.data)
 *libc.a:*(.progmem.data)
 *(.progmem*)
                0x00000062                . = ALIGN (0x2)
 *(.jumptables)
 *(.jumptables*)
 *(.lowtext)
 *(.lowtext*)
                0x00000062                __ctors_start = .
 *(.ctors)
                0x00000062                __ctors_end = .
                0x00000062                __dtors_start = .
 *(.dtors)
                0x00000062                __dtors_end = .
 SORT(*)(.ctors)
 SORT(*)(.dtors)
 *(.init0)
 .init0         0x00000062        0x0 C:/Program Files (x86)/Atmel/Studio/7.0/Packs/atmel/ATmega_DFP/1.6.364/gcc/dev/atmega32/avr5/crtatmega32.o
                0x00000062                __init
 *(.init0)
 *(.init1)
 *(.init1)
 *(.init2)
 .init2         0x00000062        0xc C:/Program Files (x86)/Atmel/Studio/7.0/Packs/atmel/ATmega_DFP/1.6.364/gcc/dev/atmega32/avr5/crtatmega32.o
 *(.init2)
 *(.init3)
 *(.init3)
 *(.init4)
 .init4         0x0000006e       0x16 c:/program files (x86)/atmel/studio/7.0/toolchain/avr8/avr8-gnu-toolchain/bin/../lib/gcc/avr/5.4.0/avr5\libgcc.a(_copy_data.o)
                0x0000006e                __do_copy_data
 .init4         0x00000084       0x10 c:/program files (x86)/atmel/studio/7.0/toolchain/avr8/avr8-gnu-toolchain/bin/../lib/gcc/avr/5.4.0/avr5\libgcc.a(_clear_bss.o)
                0x00000084                __do_clear_bss
 *(.init4)
 *(.init5)
 *(.init5)
 *(.init6)
 *(.init6)
 *(.init7)
 *(.init7)
 *(.init8)
 *(.init8)
 *(.init9)
 .init9         0x00000094        0x8 C:/Program Files (x86)/Atmel/Studio/7.0/Packs/atmel/ATmega_DFP/1.6.364/gcc/dev/atmega32/avr5/crtatmega32.o
 *(.init9)
 *(.text)
 .text          0x0000009c        0x4 C:/Program Files (x86)/Atmel/Studio/7.0/Packs/atmel/ATmega_DFP/1.6.364/gcc/dev/atmega32/avr5/crtatmega32.o
                0x0000009c                __vector_17
                0x0000009c                __vector_19
                0x0000009c                __vector_18
                0x0000009c                __vector_20
                0x0000009c                __bad_interrupt
                0x000000a0                . = ALIGN (0x2)
 *(.text.*)
 .text.AppADMIN_saveNewCustomerData
                0x000000a0       0x84 APPL/App.o
                0x000000a0                AppADMIN_saveNewCustomerData
 .text.AppUSER_displayTemp
                0x00000124       0x7a APPL/App.o
                0x00000124                AppUSER_displayTemp
 .text.AppUSER_checkPan
                0x0000019e       0xc6 APPL/App.o
                0x0000019e                AppUSER_checkPan
 .text.AppUSER_ReportKeypad
                0x00000264      0x12a APPL/App.o
                0x00000264                AppUSER_ReportKeypad
 .text.AppUSER_startTransaction
                0x0000038e      0x22a APPL/App.o
                0x0000038e                AppUSER_startTransaction
 .text.AppUSER_checkPin
                0x000005b8      0x118 APPL/App.o
                0x000005b8                AppUSER_checkPin
 .text.AppUSER_startProcess
                0x000006d0       0xc2 APPL/App.o
                0x000006d0                AppUSER_startProcess
 .text.AppUSER_getCardData
                0x00000792       0x78 APPL/App.o
                0x00000792                AppUSER_getCardData
 .text.AppUSER_insertCard
                0x0000080a      0x17c APPL/App.o
                0x0000080a                AppUSER_insertCard
 .text.App_init
                0x00000986      0x186 APPL/App.o
                0x00000986                App_init
 .text.App_ReportTerminal
                0x00000b0c       0x62 APPL/App.o
                0x00000b0c                App_ReportTerminal
 .text.AppADMIN_getInput
                0x00000b6e       0x52 APPL/App.o
                0x00000b6e                AppADMIN_getInput
 .text.AppADMIN_getnewMaxAmount
                0x00000bc0       0x7e APPL/App.o
                0x00000bc0                AppADMIN_getnewMaxAmount
 .text.AppADMIN_getCustomerPAN
                0x00000c3e       0x90 APPL/App.o
                0x00000c3e                AppADMIN_getCustomerPAN
 .text.AppADMIN_getCustomerBalance
                0x00000cce       0x52 APPL/App.o
                0x00000cce                AppADMIN_getCustomerBalance
 .text.AppADMIN_processNewCustomer
                0x00000d20       0xb0 APPL/App.o
                0x00000d20                AppADMIN_processNewCustomer
 .text.AppADMIN_getAtmPIN
                0x00000dd0       0x88 APPL/App.o
                0x00000dd0                AppADMIN_getAtmPIN
 .text.App_update
                0x00000e58      0x24e APPL/App.o
                0x00000e58                App_update
 .text.App_start
                0x000010a6       0x1a APPL/App.o
                0x000010a6                App_start
 .text.Button_init
                0x000010c0       0x26 ECUAL/Button Module/Button.o
                0x000010c0                Button_init
 .text.Button_getState
                0x000010e6       0x24 ECUAL/Button Module/Button.o
                0x000010e6                Button_getState
 .text.Button_updateState
                0x0000110a       0xe6 ECUAL/Button Module/Button.o
                0x0000110a                Button_updateState
 .text.EEPROM_getAddresses
                0x000011f0       0x1e ECUAL/Eeprom_I2C Module/Eeprom_24.o
 .text.Eeprom_24_init
                0x0000120e       0x1e ECUAL/Eeprom_I2C Module/Eeprom_24.o
                0x0000120e                Eeprom_24_init
 .text.Eeprom_24_writeByte
                0x0000122c       0x78 ECUAL/Eeprom_I2C Module/Eeprom_24.o
                0x0000122c                Eeprom_24_writeByte
 .text.Eeprom_24_readByte
                0x000012a4       0x82 ECUAL/Eeprom_I2C Module/Eeprom_24.o
                0x000012a4                Eeprom_24_readByte
 .text.Eeprom_24_writePage
                0x00001326       0x72 ECUAL/Eeprom_I2C Module/Eeprom_24.o
                0x00001326                Eeprom_24_writePage
 .text.Eeprom_24_readPage
                0x00001398       0x72 ECUAL/Eeprom_I2C Module/Eeprom_24.o
                0x00001398                Eeprom_24_readPage
 .text.Eeprom_24_writePacket
                0x0000140a      0x1b2 ECUAL/Eeprom_I2C Module/Eeprom_24.o
                0x0000140a                Eeprom_24_writePacket
 .text.Eeprom_24_readPacket
                0x000015bc      0x174 ECUAL/Eeprom_I2C Module/Eeprom_24.o
                0x000015bc                Eeprom_24_readPacket
 .text.Keypad_init
                0x00001730       0x26 ECUAL/Keypad Module/Keypad.o
                0x00001730                Keypad_init
 .text.Keypad_readKey
                0x00001756       0xf4 ECUAL/Keypad Module/Keypad.o
                0x00001756                Keypad_readKey
 .text.Lcd_WriteData
                0x0000184a       0x60 ECUAL/Lcd Module/Lcd.o
 .text.Lcd_EnableToggle
                0x000018aa       0x26 ECUAL/Lcd Module/Lcd.o
 .text.Lcd_sendCommand
                0x000018d0       0x54 ECUAL/Lcd Module/Lcd.o
                0x000018d0                Lcd_sendCommand
 .text.Lcd_init
                0x00001924       0x6e ECUAL/Lcd Module/Lcd.o
                0x00001924                Lcd_init
 .text.Lcd_setCursor
                0x00001992       0x36 ECUAL/Lcd Module/Lcd.o
                0x00001992                Lcd_setCursor
 .text.Lcd_printChar
                0x000019c8       0x60 ECUAL/Lcd Module/Lcd.o
                0x000019c8                Lcd_printChar
 .text.Lcd_printString
                0x00001a28       0x28 ECUAL/Lcd Module/Lcd.o
                0x00001a28                Lcd_printString
 .text.Lcd_clear
                0x00001a50        0xa ECUAL/Lcd Module/Lcd.o
                0x00001a50                Lcd_clear
 .text.Lcd_printLCD
                0x00001a5a       0x52 ECUAL/Lcd Module/Lcd.o
                0x00001a5a                Lcd_printLCD
 .text.Lcd_printDecimal
                0x00001aac       0x3c ECUAL/Lcd Module/Lcd.o
                0x00001aac                Lcd_printDecimal
 .text.LM35_init
                0x00001ae8       0x1e ECUAL/LM35 Module/LM35.o
                0x00001ae8                LM35_init
 .text.LM35_readTemp
                0x00001b06       0x72 ECUAL/LM35 Module/LM35.o
                0x00001b06                LM35_readTemp
 .text.Motor_init
                0x00001b78       0x22 ECUAL/Motor Module/Motor.o
                0x00001b78                Motor_init
 .text.Motor_stop
                0x00001b9a       0xde ECUAL/Motor Module/Motor.o
                0x00001b9a                Motor_stop
 .text.Motor_run
                0x00001c78       0xe0 ECUAL/Motor Module/Motor.o
                0x00001c78                Motor_run
 .text.Uart_RXC_ISR
                0x00001d58       0x82 ECUAL/Terminal Module/Terminal.o
                0x00001d58                Uart_RXC_ISR
 .text.Terminal_init
                0x00001dda       0x2a ECUAL/Terminal Module/Terminal.o
                0x00001dda                Terminal_init
 .text.Terminal_Out
                0x00001e04       0x36 ECUAL/Terminal Module/Terminal.o
                0x00001e04                Terminal_Out
 .text.Terminal_In
                0x00001e3a       0x36 ECUAL/Terminal Module/Terminal.o
                0x00001e3a                Terminal_In
 .text.Terminal_enablePasswordMode
                0x00001e70        0x8 ECUAL/Terminal Module/Terminal.o
                0x00001e70                Terminal_enablePasswordMode
 .text.Terminal_disablePasswordMode
                0x00001e78        0x8 ECUAL/Terminal Module/Terminal.o
                0x00001e78                Terminal_disablePasswordMode
 .text.main     0x00001e80        0x6 main.o
                0x00001e80                main
 .text.Adc_init
                0x00001e86       0x50 MCAL/Adc Module/Adc.o
                0x00001e86                Adc_init
 .text.Adc_start
                0x00001ed6       0xec MCAL/Adc Module/Adc.o
                0x00001ed6                Adc_start
 .text.__vector_16
                0x00001fc2       0x4e MCAL/Adc Module/Adc.o
                0x00001fc2                __vector_16
 .text.Delay_ms
                0x00002010      0x132 MCAL/Delay Module/Delay.o
                0x00002010                Delay_ms
 .text.Dio_init
                0x00002142      0x1dc MCAL/Dio Module/Dio.o
                0x00002142                Dio_init
 .text.Dio_writePin
                0x0000231e      0x132 MCAL/Dio Module/Dio.o
                0x0000231e                Dio_writePin
 .text.Dio_togglePin
                0x00002450       0xb0 MCAL/Dio Module/Dio.o
                0x00002450                Dio_togglePin
 .text.Dio_readPin
                0x00002500      0x10a MCAL/Dio Module/Dio.o
                0x00002500                Dio_readPin
 .text.__vector_1
                0x0000260a       0x4e MCAL/Ext Interrupt Module/Ext_INT.o
                0x0000260a                __vector_1
 .text.__vector_2
                0x00002658       0x4e MCAL/Ext Interrupt Module/Ext_INT.o
                0x00002658                __vector_2
 .text.__vector_3
                0x000026a6       0x4e MCAL/Ext Interrupt Module/Ext_INT.o
                0x000026a6                __vector_3
 .text.Gpt_ISRHandler
                0x000026f4       0x96 MCAL/Gpt Module/Gpt.o
 .text.GptInit  0x0000278a       0x68 MCAL/Gpt Module/Gpt.o
                0x0000278a                GptInit
 .text.GptStart_aSync
                0x000027f2       0xbe MCAL/Gpt Module/Gpt.o
                0x000027f2                GptStart_aSync
 .text.GptStop  0x000028b0       0x5a MCAL/Gpt Module/Gpt.o
                0x000028b0                GptStop
 .text.__vector_11
                0x0000290a       0x4a MCAL/Gpt Module/Gpt.o
                0x0000290a                __vector_11
 .text.__vector_10
                0x00002954       0x4a MCAL/Gpt Module/Gpt.o
                0x00002954                __vector_10
 .text.__vector_9
                0x0000299e       0x4a MCAL/Gpt Module/Gpt.o
                0x0000299e                __vector_9
 .text.__vector_6
                0x000029e8       0x4a MCAL/Gpt Module/Gpt.o
                0x000029e8                __vector_6
 .text.__vector_7
                0x00002a32       0x4a MCAL/Gpt Module/Gpt.o
                0x00002a32                __vector_7
 .text.__vector_8
                0x00002a7c       0x4a MCAL/Gpt Module/Gpt.o
                0x00002a7c                __vector_8
 .text.__vector_4
                0x00002ac6       0x4a MCAL/Gpt Module/Gpt.o
                0x00002ac6                __vector_4
 .text.__vector_5
                0x00002b10       0x4a MCAL/Gpt Module/Gpt.o
                0x00002b10                __vector_5
 .text.I2C_MasterInit
                0x00002b5a       0x1e MCAL/I2C Module/I2C.o
                0x00002b5a                I2C_MasterInit
 .text.I2C_MasterSendSTART
                0x00002b78       0x26 MCAL/I2C Module/I2C.o
                0x00002b78                I2C_MasterSendSTART
 .text.I2C_MasterSendSlaveAddress
                0x00002b9e       0x62 MCAL/I2C Module/I2C.o
                0x00002b9e                I2C_MasterSendSlaveAddress
 .text.I2C_MasterSendRepSTART
                0x00002c00       0x26 MCAL/I2C Module/I2C.o
                0x00002c00                I2C_MasterSendRepSTART
 .text.I2C_MasterSendSTOP
                0x00002c26       0x1a MCAL/I2C Module/I2C.o
                0x00002c26                I2C_MasterSendSTOP
 .text.I2C_MasterSendByte
                0x00002c40       0x2e MCAL/I2C Module/I2C.o
                0x00002c40                I2C_MasterSendByte
 .text.I2C_MasterReceiveByte_ACK
                0x00002c6e       0x34 MCAL/I2C Module/I2C.o
                0x00002c6e                I2C_MasterReceiveByte_ACK
 .text.I2C_MasterReceiveByte_NACK
                0x00002ca2       0x34 MCAL/I2C Module/I2C.o
                0x00002ca2                I2C_MasterReceiveByte_NACK
 .text.I2C_MasterReceiveGeneral
                0x00002cd6       0xf8 MCAL/I2C Module/I2C.o
                0x00002cd6                I2C_MasterReceiveGeneral
 .text.I2C_MasterSendToLocation
                0x00002dce       0x9e MCAL/I2C Module/I2C.o
                0x00002dce                I2C_MasterSendToLocation
 .text.I2C_MasterReceiveFromLocation
                0x00002e6c       0x2e MCAL/I2C Module/I2C.o
                0x00002e6c                I2C_MasterReceiveFromLocation
 .text.Spi_init
                0x00002e9a       0x3a MCAL/Spi Module/Spi.o
                0x00002e9a                Spi_init
 .text.Spi_SlaveReceiveByte
                0x00002ed4       0x22 MCAL/Spi Module/Spi.o
                0x00002ed4                Spi_SlaveReceiveByte
 .text.Spi_SlaveReceivePacket
                0x00002ef6       0x5a MCAL/Spi Module/Spi.o
                0x00002ef6                Spi_SlaveReceivePacket
 .text.__vector_12
                0x00002f50       0x4e MCAL/Spi Module/Spi.o
                0x00002f50                __vector_12
 .text.stringLength
                0x00002f9e       0x18 MCAL/StringManipulation.o
                0x00002f9e                stringLength
 .text.stringCompare
                0x00002fb6       0x66 MCAL/StringManipulation.o
                0x00002fb6                stringCompare
 .text.EmptyString
                0x0000301c       0x18 MCAL/StringManipulation.o
                0x0000301c                EmptyString
 .text.stringCopy
                0x00003034       0x22 MCAL/StringManipulation.o
                0x00003034                stringCopy
 .text.integerToString
                0x00003056       0x9c MCAL/StringManipulation.o
                0x00003056                integerToString
 .text.stringToFloat
                0x000030f2       0xfc MCAL/StringManipulation.o
                0x000030f2                stringToFloat
 .text.floatToString
                0x000031ee      0x11e MCAL/StringManipulation.o
                0x000031ee                floatToString
 .text.waveFunction
                0x0000330c      0x110 MCAL/SWPwm Module/SWPwm.o
                0x0000330c                waveFunction
 .text.SWPwm_Init
                0x0000341c       0x38 MCAL/SWPwm Module/SWPwm.o
                0x0000341c                SWPwm_Init
 .text.SWPwm_Start
                0x00003454      0x268 MCAL/SWPwm Module/SWPwm.o
                0x00003454                SWPwm_Start
 .text.SWPwm_Stop
                0x000036bc       0x90 MCAL/SWPwm Module/SWPwm.o
                0x000036bc                SWPwm_Stop
 .text.Uart_init
                0x0000374c       0x2c MCAL/Uart Module/Uart.o
                0x0000374c                Uart_init
 .text.Uart_sendByte
                0x00003778       0x16 MCAL/Uart Module/Uart.o
                0x00003778                Uart_sendByte
 .text.Uart_sendPacket
                0x0000378e       0x4e MCAL/Uart Module/Uart.o
                0x0000378e                Uart_sendPacket
 .text.Uart_EnableNotification_RXC
                0x000037dc       0x2a MCAL/Uart Module/Uart.o
                0x000037dc                Uart_EnableNotification_RXC
 .text.Uart_DataRegister
                0x00003806        0x4 MCAL/Uart Module/Uart.o
                0x00003806                Uart_DataRegister
 .text.__vector_15
                0x0000380a       0x4e MCAL/Uart Module/Uart.o
                0x0000380a                __vector_15
 .text.__vector_13
                0x00003858       0x4e MCAL/Uart Module/Uart.o
                0x00003858                __vector_13
 .text.__vector_14
                0x000038a6       0x4e MCAL/Uart Module/Uart.o
                0x000038a6                __vector_14
 .text.avr-libc.fplib
                0x000038f4        0xe c:/program files (x86)/atmel/studio/7.0/toolchain/avr8/avr8-gnu-toolchain/bin/../lib/gcc/avr/5.4.0/../../../../avr/lib/avr5\libm.a(addsf3.o)
                0x000038f4                __subsf3
                0x000038f6                __addsf3
 .text.avr-libc.fplib
                0x00003902       0xcc c:/program files (x86)/atmel/studio/7.0/toolchain/avr8/avr8-gnu-toolchain/bin/../lib/gcc/avr/5.4.0/../../../../avr/lib/avr5\libm.a(addsf3x.o)
                0x00003924                __addsf3x
 .text.avr-libc.fplib
                0x000039ce        0xa c:/program files (x86)/atmel/studio/7.0/toolchain/avr8/avr8-gnu-toolchain/bin/../lib/gcc/avr/5.4.0/../../../../avr/lib/avr5\libm.a(cmpsf2.o)
                0x000039ce                __nesf2
                0x000039ce                __eqsf2
                0x000039ce                __cmpsf2
                0x000039ce                __ltsf2
                0x000039ce                __lesf2
 .text.avr-libc.fplib
                0x000039d8        0x8 c:/program files (x86)/atmel/studio/7.0/toolchain/avr8/avr8-gnu-toolchain/bin/../lib/gcc/avr/5.4.0/../../../../avr/lib/avr5\libm.a(divsf3.o)
                0x000039d8                __divsf3
 .text.avr-libc.fplib
                0x000039e0       0xdc c:/program files (x86)/atmel/studio/7.0/toolchain/avr8/avr8-gnu-toolchain/bin/../lib/gcc/avr/5.4.0/../../../../avr/lib/avr5\libm.a(divsf3x.o)
                0x00003a00                __divsf3x
                0x00003a06                __divsf3_pse
 .text.avr-libc.fplib
                0x00003abc       0x5e c:/program files (x86)/atmel/studio/7.0/toolchain/avr8/avr8-gnu-toolchain/bin/../lib/gcc/avr/5.4.0/../../../../avr/lib/avr5\libm.a(fixunssfsi.o)
                0x00003abc                __fixunssfsi
 .text.avr-libc.fplib
                0x00003b1a       0x7a c:/program files (x86)/atmel/studio/7.0/toolchain/avr8/avr8-gnu-toolchain/bin/../lib/gcc/avr/5.4.0/../../../../avr/lib/avr5\libm.a(floatsisf.o)
                0x00003b1a                __floatunsisf
                0x00003b1e                __floatsisf
 .text.avr-libc.fplib
                0x00003b94       0x48 c:/program files (x86)/atmel/studio/7.0/toolchain/avr8/avr8-gnu-toolchain/bin/../lib/gcc/avr/5.4.0/../../../../avr/lib/avr5\libm.a(fp_cmp.o)
                0x00003b94                __fp_cmp
 .text.avr-libc.fplib
                0x00003bdc        0xc c:/program files (x86)/atmel/studio/7.0/toolchain/avr8/avr8-gnu-toolchain/bin/../lib/gcc/avr/5.4.0/../../../../avr/lib/avr5\libm.a(fp_inf.o)
                0x00003bdc                __fp_inf
 .text.avr-libc.fplib
                0x00003be8        0x6 c:/program files (x86)/atmel/studio/7.0/toolchain/avr8/avr8-gnu-toolchain/bin/../lib/gcc/avr/5.4.0/../../../../avr/lib/avr5\libm.a(fp_nan.o)
                0x00003be8                __fp_nan
 .text.avr-libc.fplib
                0x00003bee        0xe c:/program files (x86)/atmel/studio/7.0/toolchain/avr8/avr8-gnu-toolchain/bin/../lib/gcc/avr/5.4.0/../../../../avr/lib/avr5\libm.a(fp_pscA.o)
                0x00003bee                __fp_pscA
 .text.avr-libc.fplib
                0x00003bfc        0xe c:/program files (x86)/atmel/studio/7.0/toolchain/avr8/avr8-gnu-toolchain/bin/../lib/gcc/avr/5.4.0/../../../../avr/lib/avr5\libm.a(fp_pscB.o)
                0x00003bfc                __fp_pscB
 .text.avr-libc.fplib
                0x00003c0a       0x22 c:/program files (x86)/atmel/studio/7.0/toolchain/avr8/avr8-gnu-toolchain/bin/../lib/gcc/avr/5.4.0/../../../../avr/lib/avr5\libm.a(fp_round.o)
                0x00003c0a                __fp_round
 .text.avr-libc.fplib
                0x00003c2c       0x44 c:/program files (x86)/atmel/studio/7.0/toolchain/avr8/avr8-gnu-toolchain/bin/../lib/gcc/avr/5.4.0/../../../../avr/lib/avr5\libm.a(fp_split3.o)
                0x00003c2c                __fp_split3
                0x00003c3c                __fp_splitA
 .text.avr-libc.fplib
                0x00003c70        0xe c:/program files (x86)/atmel/studio/7.0/toolchain/avr8/avr8-gnu-toolchain/bin/../lib/gcc/avr/5.4.0/../../../../avr/lib/avr5\libm.a(fp_zero.o)
                0x00003c70                __fp_zero
                0x00003c72                __fp_szero
 .text.avr-libc.fplib
                0x00003c7e        0x8 c:/program files (x86)/atmel/studio/7.0/toolchain/avr8/avr8-gnu-toolchain/bin/../lib/gcc/avr/5.4.0/../../../../avr/lib/avr5\libm.a(mulsf3.o)
                0x00003c7e                __mulsf3
 .text.avr-libc.fplib
                0x00003c86       0xd2 c:/program files (x86)/atmel/studio/7.0/toolchain/avr8/avr8-gnu-toolchain/bin/../lib/gcc/avr/5.4.0/../../../../avr/lib/avr5\libm.a(mulsf3x.o)
                0x00003ca4                __mulsf3x
                0x00003caa                __mulsf3_pse
 .text.libgcc.div
                0x00003d58       0x28 c:/program files (x86)/atmel/studio/7.0/toolchain/avr8/avr8-gnu-toolchain/bin/../lib/gcc/avr/5.4.0/avr5\libgcc.a(_divmodhi4.o)
                0x00003d58                _div
                0x00003d58                __divmodhi4
 .text.libgcc.div
                0x00003d80       0x44 c:/program files (x86)/atmel/studio/7.0/toolchain/avr8/avr8-gnu-toolchain/bin/../lib/gcc/avr/5.4.0/avr5\libgcc.a(_udivmodsi4.o)
                0x00003d80                __udivmodsi4
 .text.libgcc   0x00003dc4        0xc c:/program files (x86)/atmel/studio/7.0/toolchain/avr8/avr8-gnu-toolchain/bin/../lib/gcc/avr/5.4.0/avr5\libgcc.a(_tablejump2.o)
                0x00003dc4                __tablejump2__
 .text.libgcc.mul
                0x00003dd0       0x1e c:/program files (x86)/atmel/studio/7.0/toolchain/avr8/avr8-gnu-toolchain/bin/../lib/gcc/avr/5.4.0/avr5\libgcc.a(_umulhisi3.o)
                0x00003dd0                __umulhisi3
 .text.libgcc   0x00003dee       0x18 c:/program files (x86)/atmel/studio/7.0/toolchain/avr8/avr8-gnu-toolchain/bin/../lib/gcc/avr/5.4.0/avr5\libgcc.a(_adddi3_s8.o)
                0x00003dee                __adddi3_s8
 .text.libgcc   0x00003e06       0x12 c:/program files (x86)/atmel/studio/7.0/toolchain/avr8/avr8-gnu-toolchain/bin/../lib/gcc/avr/5.4.0/avr5\libgcc.a(_cmpdi2.o)
                0x00003e06                __cmpdi2
 .text.libgcc.div
                0x00003e18       0x28 c:/program files (x86)/atmel/studio/7.0/toolchain/avr8/avr8-gnu-toolchain/bin/../lib/gcc/avr/5.4.0/avr5\libgcc.a(_udivmodhi4.o)
                0x00003e18                __udivmodhi4
                0x00003e40                . = ALIGN (0x2)
 *(.fini9)
 .fini9         0x00003e40        0x0 c:/program files (x86)/atmel/studio/7.0/toolchain/avr8/avr8-gnu-toolchain/bin/../lib/gcc/avr/5.4.0/avr5\libgcc.a(_exit.o)
                0x00003e40                _exit
                0x00003e40                exit
 *(.fini9)
 *(.fini8)
 *(.fini8)
 *(.fini7)
 *(.fini7)
 *(.fini6)
 *(.fini6)
 *(.fini5)
 *(.fini5)
 *(.fini4)
 *(.fini4)
 *(.fini3)
 *(.fini3)
 *(.fini2)
 *(.fini2)
 *(.fini1)
 *(.fini1)
 *(.fini0)
 .fini0         0x00003e40        0x4 c:/program files (x86)/atmel/studio/7.0/toolchain/avr8/avr8-gnu-toolchain/bin/../lib/gcc/avr/5.4.0/avr5\libgcc.a(_exit.o)
 *(.fini0)
                0x00003e44                _etext = .

.data           0x00800060      0x490 load address 0x00003e44
                0x00800060                PROVIDE (__data_start, .)
 *(.data)
 *(.data*)
 .data.gu8_ATMMode
                0x00800060        0x1 APPL/App.o
 .data.enuCurrentAppStatus
                0x00800061        0x1 APPL/App.o
 .data.genu_BttnModuleState
                0x00800062        0x1 ECUAL/Button Module/Button.o
 .data.gau8_buttonsUsed
                0x00800063        0x1 ECUAL/Button Module/Button_Cfg.o
                0x00800063                gau8_buttonsUsed
 .data.genu_eepromModuleState
                0x00800064        0x1 ECUAL/Eeprom_I2C Module/Eeprom_24.o
 .data.genu_KeypadModuleState
                0x00800065        0x1 ECUAL/Keypad Module/Keypad.o
 .data.gau8_ButtonSymbols
                0x00800066       0x10 ECUAL/Keypad Module/Keypad_Cfg.o
                0x00800066                gau8_ButtonSymbols
 .data.gau8_Rows
                0x00800076        0x4 ECUAL/Keypad Module/Keypad_Cfg.o
                0x00800076                gau8_Rows
 .data.gau8_Columns
                0x0080007a        0x4 ECUAL/Keypad Module/Keypad_Cfg.o
                0x0080007a                gau8_Columns
 .data.genu_LcdModuleState
                0x0080007e        0x1 ECUAL/Lcd Module/Lcd.o
 .data.genu_LM35ModuleState
                0x0080007f        0x1 ECUAL/LM35 Module/LM35.o
 .data.gu8_MotorModuleStatus
                0x00800080        0x1 ECUAL/Motor Module/Motor.o
                0x00800080                gu8_MotorModuleStatus
 .data.genu_TerminalModuleState
                0x00800081        0x1 ECUAL/Terminal Module/Terminal.o
 .data.genuAdc_Status
                0x00800082        0x1 MCAL/Adc Module/Adc.o
 .data.str_ADCchannels
                0x00800083        0x2 MCAL/Adc Module/Adc_Cfg.o
                0x00800083                str_ADCchannels
 .data.strDio_pins
                0x00800085       0x50 MCAL/Dio Module/Dio_Cfg.o
                0x00800085                strDio_pins
 .data.genuI2C_Status
                0x008000d5        0x1 MCAL/I2C Module/I2C.o
 .data.genuSpi_Status
                0x008000d6        0x1 MCAL/Spi Module/Spi.o
 *(.gnu.linkonce.d*)
 *(.rodata)
 *(.rodata*)
 .rodata.str1.1
                0x008000d7      0x3ec APPL/App.o
                                0x3fa (size before relaxing)
 .rodata.cgau8_ATMString
                0x008004c3        0xe APPL/App.o
                0x008004c3                cgau8_ATMString
 .rodata.cgau8_LoadingString
                0x008004d1        0xa APPL/App.o
                0x008004d1                cgau8_LoadingString
 .rodata.ATM_DB_ATM_PIN_VAL
                0x008004db        0x5 APPL/App.o
                0x008004db                ATM_DB_ATM_PIN_VAL
 .rodata.cgau8_ADMIN_Word
                0x008004e0        0x6 APPL/App.o
                0x008004e0                cgau8_ADMIN_Word
 .rodata.str_MotorsConfig
                0x008004e6        0x5 ECUAL/Motor Module/Motor_Cfg.o
                0x008004e6                str_MotorsConfig
 .rodata.Timers_Configurations
                0x008004eb        0x3 MCAL/Gpt Module/Gpt_Cfg.o
                0x008004eb                Timers_Configurations
 .rodata.SWPwm_Channels
                0x008004ee        0x2 MCAL/SWPwm Module/SWPwm_Cfg.o
                0x008004ee                SWPwm_Channels
 *(.gnu.linkonce.r*)
                0x008004f0                . = ALIGN (0x2)
                0x008004f0                _edata = .
                0x008004f0                PROVIDE (__data_end, .)

.bss            0x008004f0      0x17b
                0x008004f0                PROVIDE (__bss_start, .)
 *(.bss)
 *(.bss*)
 .bss.u8_passFlag.2293
                0x008004f0        0x1 APPL/App.o
 .bss.sau8_data.2264
                0x008004f1        0xa APPL/App.o
 .bss.u8_index.2263
                0x008004fb        0x1 APPL/App.o
 .bss.Kpd_enablePass
                0x008004fc        0x1 APPL/App.o
                0x008004fc                Kpd_enablePass
 .bss.gu8_clientIndex
                0x008004fd        0x1 APPL/App.o
                0x008004fd                gu8_clientIndex
 .bss.gau8_maxAmount
                0x008004fe        0x8 APPL/App.o
                0x008004fe                gau8_maxAmount
 .bss.gu8_ATMPin
                0x00800506        0x5 APPL/App.o
                0x00800506                gu8_ATMPin
 .bss.gu8_registeredAccNum
                0x0080050b        0x1 APPL/App.o
                0x0080050b                gu8_registeredAccNum
 .bss.gu8_initData
                0x0080050c        0x1 APPL/App.o
                0x0080050c                gu8_initData
 .bss.gstr_clientdata
                0x0080050d       0x12 APPL/App.o
                0x0080050d                gstr_clientdata
 .bss.gstr_userCardData
                0x0080051f       0x19 APPL/App.o
 .bss.gu8_displayFlag
                0x00800538        0x1 APPL/App.o
                0x00800538                gu8_displayFlag
 .bss.gu8_ADMIN_Request
                0x00800539        0x1 APPL/App.o
 .bss.gu8_USER_Mode_State
                0x0080053a        0x1 APPL/App.o
 .bss.gu8_ButtonsState
                0x0080053b        0x1 ECUAL/Button Module/Button.o
 .bss.gau8_MotorsState
                0x0080053c        0x1 ECUAL/Motor Module/Motor.o
                0x0080053c                gau8_MotorsState
 .bss.gu8_flag  0x0080053d        0x1 ECUAL/Terminal Module/Terminal.o
                0x0080053d                gu8_flag
 .bss.gu8_counter
                0x0080053e        0x1 ECUAL/Terminal Module/Terminal.o
                0x0080053e                gu8_counter
 .bss.gau8_data
                0x0080053f       0xff ECUAL/Terminal Module/Terminal.o
                0x0080053f                gau8_data
 .bss.gu8_visibility
                0x0080063e        0x1 ECUAL/Terminal Module/Terminal.o
 .bss.ADC_CallBackPtr
                0x0080063f        0x2 MCAL/Adc Module/Adc.o
 .bss.u8_Dio_Status
                0x00800641        0x1 MCAL/Dio Module/Dio.o
 .bss.pstrDio_pinsConfig
                0x00800642        0x2 MCAL/Dio Module/Dio.o
 .bss.INT2_CallBackPtr
                0x00800644        0x2 MCAL/Ext Interrupt Module/Ext_INT.o
 .bss.INT1_CallBackPtr
                0x00800646        0x2 MCAL/Ext Interrupt Module/Ext_INT.o
 .bss.INT0_CallBackPtr
                0x00800648        0x2 MCAL/Ext Interrupt Module/Ext_INT.o
 .bss.genu_GPTModStatus
                0x0080064a        0x1 MCAL/Gpt Module/Gpt.o
                0x0080064a                genu_GPTModStatus
 .bss.u32_Channels_ISR_Count
                0x0080064b        0x4 MCAL/Gpt Module/Gpt.o
                0x0080064b                u32_Channels_ISR_Count
 .bss.enuChannelsState
                0x0080064f        0x1 MCAL/Gpt Module/Gpt.o
                0x0080064f                enuChannelsState
 .bss.Gpt_Timer0_CallBackPtr
                0x00800650        0x2 MCAL/Gpt Module/Gpt.o
 .bss.SPI_STC_CallBackPtr
                0x00800652        0x2 MCAL/Spi Module/Spi.o
 .bss.genu_SWPwmModStatus
                0x00800654        0x1 MCAL/SWPwm Module/SWPwm.o
                0x00800654                genu_SWPwmModStatus
 .bss.gu8_currentPwmChannel
                0x00800655        0x1 MCAL/SWPwm Module/SWPwm.o
                0x00800655                gu8_currentPwmChannel
 .bss.gstr_ChannelsData
                0x00800656        0xe MCAL/SWPwm Module/SWPwm.o
                0x00800656                gstr_ChannelsData
 .bss.u8_Uart_Status
                0x00800664        0x1 MCAL/Uart Module/Uart.o
 .bss.Uart_UDRE_CallBackPtr
                0x00800665        0x2 MCAL/Uart Module/Uart.o
 .bss.Uart_RXC_CallBackPtr
                0x00800667        0x2 MCAL/Uart Module/Uart.o
 .bss.Uart_TXC_CallBackPtr
                0x00800669        0x2 MCAL/Uart Module/Uart.o
 *(COMMON)
                0x0080066b                PROVIDE (__bss_end, .)
                0x00003e44                __data_load_start = LOADADDR (.data)
                0x000042d4                __data_load_end = (__data_load_start + SIZEOF (.data))

.noinit         0x0080066b        0x0
                [!provide]                PROVIDE (__noinit_start, .)
 *(.noinit*)
                [!provide]                PROVIDE (__noinit_end, .)
                0x0080066b                _end = .
                [!provide]                PROVIDE (__heap_start, .)

.eeprom         0x00810000        0x0
 *(.eeprom*)
                0x00810000                __eeprom_end = .

.fuse
 *(.fuse)
 *(.lfuse)
 *(.hfuse)
 *(.efuse)

.lock
 *(.lock*)

.signature
 *(.signature*)

.user_signatures
 *(.user_signatures*)

.stab
 *(.stab)

.stabstr
 *(.stabstr)

.stab.excl
 *(.stab.excl)

.stab.exclstr
 *(.stab.exclstr)

.stab.index
 *(.stab.index)

.stab.indexstr
 *(.stab.indexstr)

.comment        0x00000000       0x30
 *(.comment)
 .comment       0x00000000       0x30 APPL/App.o
                                 0x31 (size before relaxing)
 .comment       0x00000030       0x31 ECUAL/Button Module/Button.o
 .comment       0x00000030       0x31 ECUAL/Button Module/Button_Cfg.o
 .comment       0x00000030       0x31 ECUAL/Eeprom_I2C Module/Eeprom_24.o
 .comment       0x00000030       0x31 ECUAL/Keypad Module/Keypad.o
 .comment       0x00000030       0x31 ECUAL/Keypad Module/Keypad_Cfg.o
 .comment       0x00000030       0x31 ECUAL/Lcd Module/Lcd.o
 .comment       0x00000030       0x31 ECUAL/LM35 Module/LM35.o
 .comment       0x00000030       0x31 ECUAL/Motor Module/Motor.o
 .comment       0x00000030       0x31 ECUAL/Motor Module/Motor_Cfg.o
 .comment       0x00000030       0x31 ECUAL/Terminal Module/Terminal.o
 .comment       0x00000030       0x31 main.o
 .comment       0x00000030       0x31 MCAL/Adc Module/Adc.o
 .comment       0x00000030       0x31 MCAL/Adc Module/Adc_Cfg.o
 .comment       0x00000030       0x31 MCAL/Delay Module/Delay.o
 .comment       0x00000030       0x31 MCAL/Dio Module/Dio.o
 .comment       0x00000030       0x31 MCAL/Dio Module/Dio_Cfg.o
 .comment       0x00000030       0x31 MCAL/Ext Interrupt Module/Ext_INT.o
 .comment       0x00000030       0x31 MCAL/Gpt Module/Gpt.o
 .comment       0x00000030       0x31 MCAL/Gpt Module/Gpt_Cfg.o
 .comment       0x00000030       0x31 MCAL/I2C Module/I2C.o
 .comment       0x00000030       0x31 MCAL/Spi Module/Spi.o
 .comment       0x00000030       0x31 MCAL/StringManipulation.o
 .comment       0x00000030       0x31 MCAL/SWPwm Module/SWPwm.o
 .comment       0x00000030       0x31 MCAL/SWPwm Module/SWPwm_Cfg.o
 .comment       0x00000030       0x31 MCAL/Uart Module/Uart.o

.note.gnu.avr.deviceinfo
                0x00000000       0x3c
 .note.gnu.avr.deviceinfo
                0x00000000       0x3c C:/Program Files (x86)/Atmel/Studio/7.0/Packs/atmel/ATmega_DFP/1.6.364/gcc/dev/atmega32/avr5/crtatmega32.o

.note.gnu.build-id
 *(.note.gnu.build-id)

.debug
 *(.debug)

.line
 *(.line)

.debug_srcinfo
 *(.debug_srcinfo)

.debug_sfnames
 *(.debug_sfnames)

.debug_aranges  0x00000000      0x6f0
 *(.debug_aranges)
 .debug_aranges
                0x00000000       0xb0 APPL/App.o
 .debug_aranges
                0x000000b0       0x30 ECUAL/Button Module/Button.o
 .debug_aranges
                0x000000e0       0x18 ECUAL/Button Module/Button_Cfg.o
 .debug_aranges
                0x000000f8       0x58 ECUAL/Eeprom_I2C Module/Eeprom_24.o
 .debug_aranges
                0x00000150       0x28 ECUAL/Keypad Module/Keypad.o
 .debug_aranges
                0x00000178       0x18 ECUAL/Keypad Module/Keypad_Cfg.o
 .debug_aranges
                0x00000190       0x88 ECUAL/Lcd Module/Lcd.o
 .debug_aranges
                0x00000218       0x28 ECUAL/LM35 Module/LM35.o
 .debug_aranges
                0x00000240       0x30 ECUAL/Motor Module/Motor.o
 .debug_aranges
                0x00000270       0x18 ECUAL/Motor Module/Motor_Cfg.o
 .debug_aranges
                0x00000288       0x48 ECUAL/Terminal Module/Terminal.o
 .debug_aranges
                0x000002d0       0x20 main.o
 .debug_aranges
                0x000002f0       0x48 MCAL/Adc Module/Adc.o
 .debug_aranges
                0x00000338       0x18 MCAL/Adc Module/Adc_Cfg.o
 .debug_aranges
                0x00000350       0x30 MCAL/Delay Module/Delay.o
 .debug_aranges
                0x00000380       0x38 MCAL/Dio Module/Dio.o
 .debug_aranges
                0x000003b8       0x18 MCAL/Dio Module/Dio_Cfg.o
 .debug_aranges
                0x000003d0       0x60 MCAL/Ext Interrupt Module/Ext_INT.o
 .debug_aranges
                0x00000430       0x80 MCAL/Gpt Module/Gpt.o
 .debug_aranges
                0x000004b0       0x18 MCAL/Gpt Module/Gpt_Cfg.o
 .debug_aranges
                0x000004c8       0x88 MCAL/I2C Module/I2C.o
 .debug_aranges
                0x00000550       0x58 MCAL/Spi Module/Spi.o
 .debug_aranges
                0x000005a8       0x78 MCAL/StringManipulation.o
 .debug_aranges
                0x00000620       0x38 MCAL/SWPwm Module/SWPwm.o
 .debug_aranges
                0x00000658       0x18 MCAL/SWPwm Module/SWPwm_Cfg.o
 .debug_aranges
                0x00000670       0x80 MCAL/Uart Module/Uart.o

.debug_pubnames
 *(.debug_pubnames)

.debug_info     0x00000000     0x72d6
 *(.debug_info .gnu.linkonce.wi.*)
 .debug_info    0x00000000      0x4e6 C:/Program Files (x86)/Atmel/Studio/7.0/Packs/atmel/ATmega_DFP/1.6.364/gcc/dev/atmega32/avr5/crtatmega32.o
 .debug_info    0x000004e6     0x1fae APPL/App.o
 .debug_info    0x00002494      0x327 ECUAL/Button Module/Button.o
 .debug_info    0x000027bb       0x98 ECUAL/Button Module/Button_Cfg.o
 .debug_info    0x00002853      0x8dd ECUAL/Eeprom_I2C Module/Eeprom_24.o
 .debug_info    0x00003130      0x30a ECUAL/Keypad Module/Keypad.o
 .debug_info    0x0000343a       0xd2 ECUAL/Keypad Module/Keypad_Cfg.o
 .debug_info    0x0000350c      0x893 ECUAL/Lcd Module/Lcd.o
 .debug_info    0x00003d9f      0x1c0 ECUAL/LM35 Module/LM35.o
 .debug_info    0x00003f5f      0x379 ECUAL/Motor Module/Motor.o
 .debug_info    0x000042d8       0xf9 ECUAL/Motor Module/Motor_Cfg.o
 .debug_info    0x000043d1      0x38b ECUAL/Terminal Module/Terminal.o
 .debug_info    0x0000475c       0xb4 main.o
 .debug_info    0x00004810      0x2ec MCAL/Adc Module/Adc.o
 .debug_info    0x00004afc       0xc8 MCAL/Adc Module/Adc_Cfg.o
 .debug_info    0x00004bc4      0x138 MCAL/Delay Module/Delay.o
 .debug_info    0x00004cfc      0x247 MCAL/Dio Module/Dio.o
 .debug_info    0x00004f43      0x108 MCAL/Dio Module/Dio_Cfg.o
 .debug_info    0x0000504b      0x1fd MCAL/Ext Interrupt Module/Ext_INT.o
 .debug_info    0x00005248      0x54f MCAL/Gpt Module/Gpt.o
 .debug_info    0x00005797      0x169 MCAL/Gpt Module/Gpt_Cfg.o
 .debug_info    0x00005900      0x68d MCAL/I2C Module/I2C.o
 .debug_info    0x00005f8d      0x269 MCAL/Spi Module/Spi.o
 .debug_info    0x000061f6      0x5fd MCAL/StringManipulation.o
 .debug_info    0x000067f3      0x627 MCAL/SWPwm Module/SWPwm.o
 .debug_info    0x00006e1a       0xd2 MCAL/SWPwm Module/SWPwm_Cfg.o
 .debug_info    0x00006eec      0x3ea MCAL/Uart Module/Uart.o

.debug_abbrev   0x00000000     0x1e86
 *(.debug_abbrev)
 .debug_abbrev  0x00000000      0x4a3 C:/Program Files (x86)/Atmel/Studio/7.0/Packs/atmel/ATmega_DFP/1.6.364/gcc/dev/atmega32/avr5/crtatmega32.o
 .debug_abbrev  0x000004a3      0x1e6 APPL/App.o
 .debug_abbrev  0x00000689      0x143 ECUAL/Button Module/Button.o
 .debug_abbrev  0x000007cc       0x4b ECUAL/Button Module/Button_Cfg.o
 .debug_abbrev  0x00000817      0x17f ECUAL/Eeprom_I2C Module/Eeprom_24.o
 .debug_abbrev  0x00000996      0x134 ECUAL/Keypad Module/Keypad.o
 .debug_abbrev  0x00000aca       0x4b ECUAL/Keypad Module/Keypad_Cfg.o
 .debug_abbrev  0x00000b15      0x19e ECUAL/Lcd Module/Lcd.o
 .debug_abbrev  0x00000cb3       0xd9 ECUAL/LM35 Module/LM35.o
 .debug_abbrev  0x00000d8c      0x134 ECUAL/Motor Module/Motor.o
 .debug_abbrev  0x00000ec0       0x6e ECUAL/Motor Module/Motor_Cfg.o
 .debug_abbrev  0x00000f2e      0x14c ECUAL/Terminal Module/Terminal.o
 .debug_abbrev  0x0000107a       0x68 main.o
 .debug_abbrev  0x000010e2      0x13b MCAL/Adc Module/Adc.o
 .debug_abbrev  0x0000121d       0x67 MCAL/Adc Module/Adc_Cfg.o
 .debug_abbrev  0x00001284       0xa7 MCAL/Delay Module/Delay.o
 .debug_abbrev  0x0000132b       0xc3 MCAL/Dio Module/Dio.o
 .debug_abbrev  0x000013ee       0x7f MCAL/Dio Module/Dio_Cfg.o
 .debug_abbrev  0x0000146d       0x9d MCAL/Ext Interrupt Module/Ext_INT.o
 .debug_abbrev  0x0000150a      0x1a4 MCAL/Gpt Module/Gpt.o
 .debug_abbrev  0x000016ae       0x86 MCAL/Gpt Module/Gpt_Cfg.o
 .debug_abbrev  0x00001734      0x137 MCAL/I2C Module/I2C.o
 .debug_abbrev  0x0000186b      0x149 MCAL/Spi Module/Spi.o
 .debug_abbrev  0x000019b4      0x174 MCAL/StringManipulation.o
 .debug_abbrev  0x00001b28      0x16a MCAL/SWPwm Module/SWPwm.o
 .debug_abbrev  0x00001c92       0x6e MCAL/SWPwm Module/SWPwm_Cfg.o
 .debug_abbrev  0x00001d00      0x186 MCAL/Uart Module/Uart.o

.debug_line     0x00000000     0x44f7
 *(.debug_line .debug_line.* .debug_line_end)
 .debug_line    0x00000000      0x116 C:/Program Files (x86)/Atmel/Studio/7.0/Packs/atmel/ATmega_DFP/1.6.364/gcc/dev/atmega32/avr5/crtatmega32.o
 .debug_line    0x00000116      0xfb1 APPL/App.o
 .debug_line    0x000010c7      0x1f9 ECUAL/Button Module/Button.o
 .debug_line    0x000012c0       0x85 ECUAL/Button Module/Button_Cfg.o
 .debug_line    0x00001345      0x4bd ECUAL/Eeprom_I2C Module/Eeprom_24.o
 .debug_line    0x00001802      0x1b8 ECUAL/Keypad Module/Keypad.o
 .debug_line    0x000019ba       0x85 ECUAL/Keypad Module/Keypad_Cfg.o
 .debug_line    0x00001a3f      0x469 ECUAL/Lcd Module/Lcd.o
 .debug_line    0x00001ea8      0x139 ECUAL/LM35 Module/LM35.o
 .debug_line    0x00001fe1      0x247 ECUAL/Motor Module/Motor.o
 .debug_line    0x00002228       0x8d ECUAL/Motor Module/Motor_Cfg.o
 .debug_line    0x000022b5      0x296 ECUAL/Terminal Module/Terminal.o
 .debug_line    0x0000254b       0x52 main.o
 .debug_line    0x0000259d      0x278 MCAL/Adc Module/Adc.o
 .debug_line    0x00002815       0x6d MCAL/Adc Module/Adc_Cfg.o
 .debug_line    0x00002882       0xd4 MCAL/Delay Module/Delay.o
 .debug_line    0x00002956      0x2f6 MCAL/Dio Module/Dio.o
 .debug_line    0x00002c4c       0x6d MCAL/Dio Module/Dio_Cfg.o
 .debug_line    0x00002cb9      0x15c MCAL/Ext Interrupt Module/Ext_INT.o
 .debug_line    0x00002e15      0x39c MCAL/Gpt Module/Gpt.o
 .debug_line    0x000031b1       0x6d MCAL/Gpt Module/Gpt_Cfg.o
 .debug_line    0x0000321e      0x5aa MCAL/I2C Module/I2C.o
 .debug_line    0x000037c8      0x22e MCAL/Spi Module/Spi.o
 .debug_line    0x000039f6      0x4a3 MCAL/StringManipulation.o
 .debug_line    0x00003e99      0x2ce MCAL/SWPwm Module/SWPwm.o
 .debug_line    0x00004167       0x75 MCAL/SWPwm Module/SWPwm_Cfg.o
 .debug_line    0x000041dc      0x31b MCAL/Uart Module/Uart.o

.debug_frame    0x00000000     0x1678
 *(.debug_frame)
 .debug_frame   0x00000000      0x290 APPL/App.o
 .debug_frame   0x00000290       0x60 ECUAL/Button Module/Button.o
 .debug_frame   0x000002f0      0x1a4 ECUAL/Eeprom_I2C Module/Eeprom_24.o
 .debug_frame   0x00000494       0x6c ECUAL/Keypad Module/Keypad.o
 .debug_frame   0x00000500      0x15c ECUAL/Lcd Module/Lcd.o
 .debug_frame   0x0000065c       0x50 ECUAL/LM35 Module/LM35.o
 .debug_frame   0x000006ac       0x84 ECUAL/Motor Module/Motor.o
 .debug_frame   0x00000730       0x8c ECUAL/Terminal Module/Terminal.o
 .debug_frame   0x000007bc       0x24 main.o
 .debug_frame   0x000007e0       0xfc MCAL/Adc Module/Adc.o
 .debug_frame   0x000008dc       0xa4 MCAL/Delay Module/Delay.o
 .debug_frame   0x00000980       0x54 MCAL/Dio Module/Dio.o
 .debug_frame   0x000009d4      0x17c MCAL/Ext Interrupt Module/Ext_INT.o
 .debug_frame   0x00000b50      0x344 MCAL/Gpt Module/Gpt.o
 .debug_frame   0x00000e94      0x210 MCAL/I2C Module/I2C.o
 .debug_frame   0x000010a4      0x100 MCAL/Spi Module/Spi.o
 .debug_frame   0x000011a4      0x214 MCAL/StringManipulation.o
 .debug_frame   0x000013b8       0xc4 MCAL/SWPwm Module/SWPwm.o
 .debug_frame   0x0000147c      0x1fc MCAL/Uart Module/Uart.o

.debug_str      0x00000000     0x2c30
 *(.debug_str)
 .debug_str     0x00000000      0x196 C:/Program Files (x86)/Atmel/Studio/7.0/Packs/atmel/ATmega_DFP/1.6.364/gcc/dev/atmega32/avr5/crtatmega32.o
 .debug_str     0x00000196      0xf97 APPL/App.o
                                0xfd4 (size before relaxing)
 .debug_str     0x0000112d      0x216 ECUAL/Button Module/Button.o
                                0x47f (size before relaxing)
 .debug_str     0x00001343       0x24 ECUAL/Button Module/Button_Cfg.o
                                0x1c7 (size before relaxing)
 .debug_str     0x00001367      0x317 ECUAL/Eeprom_I2C Module/Eeprom_24.o
                                0x5c8 (size before relaxing)
 .debug_str     0x0000167e       0x8b ECUAL/Keypad Module/Keypad.o
                                0x496 (size before relaxing)
 .debug_str     0x00001709       0x24 ECUAL/Keypad Module/Keypad_Cfg.o
                                0x1e0 (size before relaxing)
 .debug_str     0x0000172d      0x104 ECUAL/Lcd Module/Lcd.o
                                0x52d (size before relaxing)
 .debug_str     0x00001831      0x13f ECUAL/LM35 Module/LM35.o
                                0x39a (size before relaxing)
 .debug_str     0x00001970      0x1a8 ECUAL/Motor Module/Motor.o
                                0x43a (size before relaxing)
 .debug_str     0x00001b18       0x22 ECUAL/Motor Module/Motor_Cfg.o
                                0x221 (size before relaxing)
 .debug_str     0x00001b3a      0x1ce ECUAL/Terminal Module/Terminal.o
                                0x493 (size before relaxing)
 .debug_str     0x00001d08       0x11 main.o
                                0x1a5 (size before relaxing)
 .debug_str     0x00001d19      0x10e MCAL/Adc Module/Adc.o
                                0x3ab (size before relaxing)
 .debug_str     0x00001e27       0x1d MCAL/Adc Module/Adc_Cfg.o
                                0x1e0 (size before relaxing)
 .debug_str     0x00001e44       0x5a MCAL/Delay Module/Delay.o
                                0x1ed (size before relaxing)
 .debug_str     0x00001e9e       0x62 MCAL/Dio Module/Dio.o
                                0x375 (size before relaxing)
 .debug_str     0x00001f00       0x1d MCAL/Dio Module/Dio_Cfg.o
                                0x232 (size before relaxing)
 .debug_str     0x00001f1d       0xe7 MCAL/Ext Interrupt Module/Ext_INT.o
                                0x270 (size before relaxing)
 .debug_str     0x00002004      0x474 MCAL/Gpt Module/Gpt.o
                                0x62e (size before relaxing)
 .debug_str     0x00002478       0x1d MCAL/Gpt Module/Gpt_Cfg.o
                                0x358 (size before relaxing)
 .debug_str     0x00002495      0x18f MCAL/I2C Module/I2C.o
                                0x505 (size before relaxing)
 .debug_str     0x00002624       0xf5 MCAL/Spi Module/Spi.o
                                0x394 (size before relaxing)
 .debug_str     0x00002719      0x14f MCAL/StringManipulation.o
                                0x39a (size before relaxing)
 .debug_str     0x00002868      0x207 MCAL/SWPwm Module/SWPwm.o
                                0x8b7 (size before relaxing)
 .debug_str     0x00002a6f       0x21 MCAL/SWPwm Module/SWPwm_Cfg.o
                                0x1fb (size before relaxing)
 .debug_str     0x00002a90      0x1a0 MCAL/Uart Module/Uart.o
                                0x48e (size before relaxing)

.debug_loc      0x00000000     0x5eb5
 *(.debug_loc)
 .debug_loc     0x00000000      0xabc APPL/App.o
 .debug_loc     0x00000abc      0x1bf ECUAL/Button Module/Button.o
 .debug_loc     0x00000c7b      0xb2c ECUAL/Eeprom_I2C Module/Eeprom_24.o
 .debug_loc     0x000017a7      0x18f ECUAL/Keypad Module/Keypad.o
 .debug_loc     0x00001936      0x43a ECUAL/Lcd Module/Lcd.o
 .debug_loc     0x00001d70       0xb8 ECUAL/LM35 Module/LM35.o
 .debug_loc     0x00001e28      0x265 ECUAL/Motor Module/Motor.o
 .debug_loc     0x0000208d      0x136 ECUAL/Terminal Module/Terminal.o
 .debug_loc     0x000021c3      0x3c2 MCAL/Adc Module/Adc.o
 .debug_loc     0x00002585      0x2f4 MCAL/Delay Module/Delay.o
 .debug_loc     0x00002879      0x178 MCAL/Dio Module/Dio.o
 .debug_loc     0x000029f1      0x2c4 MCAL/Ext Interrupt Module/Ext_INT.o
 .debug_loc     0x00002cb5      0x99b MCAL/Gpt Module/Gpt.o
 .debug_loc     0x00003650      0xcbb MCAL/I2C Module/I2C.o
 .debug_loc     0x0000430b      0x2ad MCAL/Spi Module/Spi.o
 .debug_loc     0x000045b8      0xe10 MCAL/StringManipulation.o
 .debug_loc     0x000053c8      0x4c2 MCAL/SWPwm Module/SWPwm.o
 .debug_loc     0x0000588a      0x62b MCAL/Uart Module/Uart.o

.debug_macinfo
 *(.debug_macinfo)

.debug_weaknames
 *(.debug_weaknames)

.debug_funcnames
 *(.debug_funcnames)

.debug_typenames
 *(.debug_typenames)

.debug_varnames
 *(.debug_varnames)

.debug_pubtypes
 *(.debug_pubtypes)

.debug_ranges   0x00000000      0x5d8
 *(.debug_ranges)
 .debug_ranges  0x00000000      0x100 APPL/App.o
 .debug_ranges  0x00000100       0x20 ECUAL/Button Module/Button.o
 .debug_ranges  0x00000120       0xa8 ECUAL/Eeprom_I2C Module/Eeprom_24.o
 .debug_ranges  0x000001c8       0x18 ECUAL/Keypad Module/Keypad.o
 .debug_ranges  0x000001e0       0x78 ECUAL/Lcd Module/Lcd.o
 .debug_ranges  0x00000258       0x18 ECUAL/LM35 Module/LM35.o
 .debug_ranges  0x00000270       0x20 ECUAL/Motor Module/Motor.o
 .debug_ranges  0x00000290       0x38 ECUAL/Terminal Module/Terminal.o
 .debug_ranges  0x000002c8       0x10 main.o
 .debug_ranges  0x000002d8       0x38 MCAL/Adc Module/Adc.o
 .debug_ranges  0x00000310       0x20 MCAL/Delay Module/Delay.o
 .debug_ranges  0x00000330       0x28 MCAL/Dio Module/Dio.o
 .debug_ranges  0x00000358       0x50 MCAL/Ext Interrupt Module/Ext_INT.o
 .debug_ranges  0x000003a8       0x70 MCAL/Gpt Module/Gpt.o
 .debug_ranges  0x00000418       0x78 MCAL/I2C Module/I2C.o
 .debug_ranges  0x00000490       0x48 MCAL/Spi Module/Spi.o
 .debug_ranges  0x000004d8       0x68 MCAL/StringManipulation.o
 .debug_ranges  0x00000540       0x28 MCAL/SWPwm Module/SWPwm.o
 .debug_ranges  0x00000568       0x70 MCAL/Uart Module/Uart.o

.debug_macro
 *(.debug_macro)
OUTPUT(ATM.elf elf32-avr)
LOAD linker stubs
