Archive member included to satisfy reference by file (symbol)

c:/program files (x86)/atmel/studio/7.0/toolchain/avr8/avr8-gnu-toolchain/bin/../lib/gcc/avr/5.4.0/../../../../avr/lib/avr5\libm.a(addsf3.o)
                              APPL/App.o (__subsf3)
c:/program files (x86)/atmel/studio/7.0/toolchain/avr8/avr8-gnu-toolchain/bin/../lib/gcc/avr/5.4.0/../../../../avr/lib/avr5\libm.a(addsf3x.o)
                              c:/program files (x86)/atmel/studio/7.0/toolchain/avr8/avr8-gnu-toolchain/bin/../lib/gcc/avr/5.4.0/../../../../avr/lib/avr5\libm.a(addsf3.o) (__addsf3x)
c:/program files (x86)/atmel/studio/7.0/toolchain/avr8/avr8-gnu-toolchain/bin/../lib/gcc/avr/5.4.0/../../../../avr/lib/avr5\libm.a(cmpsf2.o)
                              APPL/App.o (__ltsf2)
c:/program files (x86)/atmel/studio/7.0/toolchain/avr8/avr8-gnu-toolchain/bin/../lib/gcc/avr/5.4.0/../../../../avr/lib/avr5\libm.a(divsf3.o)
                              MCAL/StringManipulation.o (__divsf3)
c:/program files (x86)/atmel/studio/7.0/toolchain/avr8/avr8-gnu-toolchain/bin/../lib/gcc/avr/5.4.0/../../../../avr/lib/avr5\libm.a(divsf3x.o)
                              c:/program files (x86)/atmel/studio/7.0/toolchain/avr8/avr8-gnu-toolchain/bin/../lib/gcc/avr/5.4.0/../../../../avr/lib/avr5\libm.a(divsf3.o) (__divsf3x)
c:/program files (x86)/atmel/studio/7.0/toolchain/avr8/avr8-gnu-toolchain/bin/../lib/gcc/avr/5.4.0/../../../../avr/lib/avr5\libm.a(fixunssfsi.o)
                              MCAL/Adc Module/Adc.o (__fixunssfsi)
c:/program files (x86)/atmel/studio/7.0/toolchain/avr8/avr8-gnu-toolchain/bin/../lib/gcc/avr/5.4.0/../../../../avr/lib/avr5\libm.a(floatsisf.o)
                              MCAL/Adc Module/Adc.o (__floatunsisf)
c:/program files (x86)/atmel/studio/7.0/toolchain/avr8/avr8-gnu-toolchain/bin/../lib/gcc/avr/5.4.0/../../../../avr/lib/avr5\libm.a(fp_cmp.o)
                              c:/program files (x86)/atmel/studio/7.0/toolchain/avr8/avr8-gnu-toolchain/bin/../lib/gcc/avr/5.4.0/../../../../avr/lib/avr5\libm.a(cmpsf2.o) (__fp_cmp)
c:/program files (x86)/atmel/studio/7.0/toolchain/avr8/avr8-gnu-toolchain/bin/../lib/gcc/avr/5.4.0/../../../../avr/lib/avr5\libm.a(fp_inf.o)
                              c:/program files (x86)/atmel/studio/7.0/toolchain/avr8/avr8-gnu-toolchain/bin/../lib/gcc/avr/5.4.0/../../../../avr/lib/avr5\libm.a(addsf3x.o) (__fp_inf)
c:/program files (x86)/atmel/studio/7.0/toolchain/avr8/avr8-gnu-toolchain/bin/../lib/gcc/avr/5.4.0/../../../../avr/lib/avr5\libm.a(fp_nan.o)
                              c:/program files (x86)/atmel/studio/7.0/toolchain/avr8/avr8-gnu-toolchain/bin/../lib/gcc/avr/5.4.0/../../../../avr/lib/avr5\libm.a(addsf3x.o) (__fp_nan)
c:/program files (x86)/atmel/studio/7.0/toolchain/avr8/avr8-gnu-toolchain/bin/../lib/gcc/avr/5.4.0/../../../../avr/lib/avr5\libm.a(fp_pscA.o)
                              c:/program files (x86)/atmel/studio/7.0/toolchain/avr8/avr8-gnu-toolchain/bin/../lib/gcc/avr/5.4.0/../../../../avr/lib/avr5\libm.a(addsf3x.o) (__fp_pscA)
c:/program files (x86)/atmel/studio/7.0/toolchain/avr8/avr8-gnu-toolchain/bin/../lib/gcc/avr/5.4.0/../../../../avr/lib/avr5\libm.a(fp_pscB.o)
                              c:/program files (x86)/atmel/studio/7.0/toolchain/avr8/avr8-gnu-toolchain/bin/../lib/gcc/avr/5.4.0/../../../../avr/lib/avr5\libm.a(addsf3x.o) (__fp_pscB)
c:/program files (x86)/atmel/studio/7.0/toolchain/avr8/avr8-gnu-toolchain/bin/../lib/gcc/avr/5.4.0/../../../../avr/lib/avr5\libm.a(fp_round.o)
                              c:/program files (x86)/atmel/studio/7.0/toolchain/avr8/avr8-gnu-toolchain/bin/../lib/gcc/avr/5.4.0/../../../../avr/lib/avr5\libm.a(addsf3.o) (__fp_round)
c:/program files (x86)/atmel/studio/7.0/toolchain/avr8/avr8-gnu-toolchain/bin/../lib/gcc/avr/5.4.0/../../../../avr/lib/avr5\libm.a(fp_split3.o)
                              c:/program files (x86)/atmel/studio/7.0/toolchain/avr8/avr8-gnu-toolchain/bin/../lib/gcc/avr/5.4.0/../../../../avr/lib/avr5\libm.a(addsf3x.o) (__fp_split3)
c:/program files (x86)/atmel/studio/7.0/toolchain/avr8/avr8-gnu-toolchain/bin/../lib/gcc/avr/5.4.0/../../../../avr/lib/avr5\libm.a(fp_zero.o)
                              c:/program files (x86)/atmel/studio/7.0/toolchain/avr8/avr8-gnu-toolchain/bin/../lib/gcc/avr/5.4.0/../../../../avr/lib/avr5\libm.a(addsf3x.o) (__fp_zero)
c:/program files (x86)/atmel/studio/7.0/toolchain/avr8/avr8-gnu-toolchain/bin/../lib/gcc/avr/5.4.0/../../../../avr/lib/avr5\libm.a(mulsf3.o)
                              MCAL/Adc Module/Adc.o (__mulsf3)
c:/program files (x86)/atmel/studio/7.0/toolchain/avr8/avr8-gnu-toolchain/bin/../lib/gcc/avr/5.4.0/../../../../avr/lib/avr5\libm.a(mulsf3x.o)
                              c:/program files (x86)/atmel/studio/7.0/toolchain/avr8/avr8-gnu-toolchain/bin/../lib/gcc/avr/5.4.0/../../../../avr/lib/avr5\libm.a(mulsf3.o) (__mulsf3x)
c:/program files (x86)/atmel/studio/7.0/toolchain/avr8/avr8-gnu-toolchain/bin/../lib/gcc/avr/5.4.0/avr5\libgcc.a(_divmodhi4.o)
[...]
Memory Configuration

Name             Origin             Length             Attributes
text             0x00000000         0x00008000         xr
data             0x00800060         0x00000800         rw !x
eeprom           0x00810000         0x00000400         rw !x
fuse             0x00820000         0x00000002         rw !x
lock             0x00830000         0x00000400         rw !x
signature        0x00840000         0x00000400         rw !x
user_signatures  0x00850000         0x00000400         rw !x
*default*        0x00000000         0xffffffff

Linker script and memory map

LOAD C:/Program Files (x86)/Atmel/Studio/7.0/Packs/atmel/ATmega_DFP/1.6.364/gcc/dev/atmega32/avr5/crtatmega32.o
LOAD APPL/App.o
LOAD ECUAL/Button Module/Button.o
LOAD ECUAL/Button Module/Button_Cfg.o
LOAD ECUAL/Eeprom_I2C Module/Eeprom_24.o
LOAD ECUAL/Keypad Module/Keypad.o
LOAD ECUAL/Keypad Module/Keypad_Cfg.o
LOAD ECUAL/Lcd Module/Lcd.o
LOAD ECUAL/LM35 Module/LM35.o
LOAD ECUAL/Motor Module/Motor.o
LOAD ECUAL/Motor Module/Motor_Cfg.o
LOAD ECUAL/Terminal Module/Terminal.o
LOAD main.o
LOAD MCAL/Adc Module/Adc.o
LOAD MCAL/Adc Module/Adc_Cfg.o
LOAD MCAL/Delay Module/Delay.o
LOAD MCAL/Dio Module/Dio.o
LOAD MCAL/Dio Module/Dio_Cfg.o
LOAD MCAL/Ext Interrupt Module/Ext_INT.o
LOAD MCAL/Gpt Module/Gpt.o
LOAD MCAL/Gpt Module/Gpt_Cfg.o
LOAD MCAL/I2C Module/I2C.o
LOAD MCAL/Spi Module/Spi.o
LOAD MCAL/StringManipulation.o
LOAD MCAL/SWPwm Module/SWPwm.o
LOAD MCAL/SWPwm Module/SWPwm_Cfg.o
LOAD MCAL/Uart Module/Uart.o
START GROUP
LOAD c:/program files (x86)/atmel/studio/7.0/toolchain/avr8/avr8-gnu-toolchain/bin/../lib/gcc/avr/5.4.0/../../../../avr/lib/avr5\libm.a
END GROUP
START GROUP
LOAD c:/program files (x86)/atmel/studio/7.0/toolchain/avr8/avr8-gnu-toolchain/bin/../lib/gcc/avr/5.4.0/avr5\libgcc.a
LOAD c:/program files (x86)/atmel/studio/7.0/toolchain/avr8/avr8-gnu-toolchain/bin/../lib/gcc/avr/5.4.0/../../../../avr/lib/avr5\libm.a
LOAD c:/program files (x86)/atmel/studio/7.0/toolchain/avr8/avr8-gnu-toolchain/bin/../lib/gcc/avr/5.4.0/../../../../avr/lib/avr5\libc.a
LOAD C:/Program Files (x86)/Atmel/Studio/7.0/Packs/atmel/ATmega_DFP/1.6.364/gcc/dev/atmega32/avr5\libatmega32.a
END GROUP
                0x00000000                __TEXT_REGION_ORIGIN__ = DEFINED (__TEXT_REGION_ORIGIN__)?__TEXT_REGION_ORIGIN__:0x0
                [0x00800060]                __DATA_REGION_ORIGIN__ = DEFINED (__DATA_REGION_ORIGIN__)?__DATA_REGION_ORIGIN__:0x800060
                [0x00008000]                __TEXT_REGION_LENGTH__ = DEFINED (__TEXT_REGION_LENGTH__)?__TEXT_REGION_LENGTH__:0x20000
                [0x00000800]                __DATA_REGION_LENGTH__ = DEFINED (__DATA_REGION_LENGTH__)?__DATA_REGION_LENGTH__:0xffa0
                [0x00000400]                __EEPROM_REGION_LENGTH__ = DEFINED (__EEPROM_REGION_LENGTH__)?__EEPROM_REGION_LENGTH__:0x10000
                [0x00000002]                __FUSE_REGION_LENGTH__ = DEFINED (__FUSE_REGION_LENGTH__)?__FUSE_REGION_LENGTH__:0x400
                0x00000400                __LOCK_REGION_LENGTH__ = DEFINED (__LOCK_REGION_LENGTH__)?__LOCK_REGION_LENGTH__:0x400
                0x00000400                __SIGNATURE_REGION_LENGTH__ = DEFINED (__SIGNATURE_REGION_LENGTH__)?__SIGNATURE_REGION_LENGTH__:0x400
                0x00000400                __USER_SIGNATURE_REGION_LENGTH__ = DEFINED (__USER_SIGNATURE_REGION_LENGTH__)?__USER_SIGNATURE_REGION_LENGTH__:0x400

.hash
 *(.hash)

.dynsym
 *(.dynsym)

.dynstr
 *(.dynstr)

.gnu.version
 *(.gnu.version)

.gnu.version_d
 *(.gnu.version_d)

.gnu.version_r
 *(.gnu.version_r)

.rel.init
 *(.rel.init)

.rela.init
 *(.rela.init)

.rel.text
 *(.rel.text)
 *(.rel.text.*)
 *(.rel.gnu.linkonce.t*)

.rela.text
 *(.rela.text)
 *(.rela.text.*)
 *(.rela.gnu.linkonce.t*)

.rel.fini
 *(.rel.fini)

.rela.fini
 *(.rela.fini)

.rel.rodata
 *(.rel.rodata)
 *(.rel.rodata.*)
 *(.rel.gnu.linkonce.r*)

.rela.rodata
 *(.rela.rodata)
 *(.rela.rodata.*)
 *(.rela.gnu.linkonce.r*)

.rel.data
 *(.rel.data)
 *(.rel.data.*)
 *(.rel.gnu.linkonce.d*)

.rela.data
 *(.rela.data)
 *(.rela.data.*)
 *(.rela.gnu.linkonce.d*)

.rel.ctors
 *(.rel.ctors)

.rela.ctors
 *(.rela.ctors)

.rel.dtors
 *(.rel.dtors)

.rela.dtors
 *(.rela.dtors)

.rel.got
 *(.rel.got)

.rela.got
 *(.rela.got)

.rel.bss
 *(.rel.bss)

.rela.bss
 *(.rela.bss)

.rel.plt
 *(.rel.plt)

.rela.plt
 *(.rela.plt)

.text           0x00000000     0x3c96
 *(.vectors)
 .vectors       0x00000000       0x54 C:/Program Files (x86)/Atmel/Studio/7.0/Packs/atmel/ATmega_DFP/1.6.364/gcc/dev/atmega32/avr5/crtatmega32.o
                0x00000000                __vector_default
                0x00000000                __vectors
 *(.vectors)
 *(.progmem.gcc*)
 .progmem.gcc_sw_table.SWPwm_Start
                0x00000054        0xe MCAL/SWPwm Module/SWPwm.o
                0x00000062                . = ALIGN (0x2)
                0x00000062                __trampolines_start = .
 *(.trampolines)
 .trampolines   0x00000062        0x0 linker stubs
 *(.trampolines*)
                0x00000062                __trampolines_end = .
 *libprintf_flt.a:*(.progmem.data)
 *libc.a:*(.progmem.data)
 *(.progmem*)
                0x00000062                . = ALIGN (0x2)
 *(.jumptables)
 *(.jumptables*)
 *(.lowtext)
 *(.lowtext*)
                0x00000062                __ctors_start = .
 *(.ctors)
                0x00000062                __ctors_end = .
                0x00000062                __dtors_start = .
 *(.dtors)
                0x00000062                __dtors_end = .
 SORT(*)(.ctors)
 SORT(*)(.dtors)
 *(.init0)
 .init0         0x00000062        0x0 C:/Program Files (x86)/Atmel/Studio/7.0/Packs/atmel/ATmega_DFP/1.6.364/gcc/dev/atmega32/avr5/crtatmega32.o
                0x00000062                __init
 *(.init0)
 *(.init1)
 *(.init1)
 *(.init2)
 .init2         0x00000062        0xc C:/Program Files (x86)/Atmel/Studio/7.0/Packs/atmel/ATmega_DFP/1.6.364/gcc/dev/atmega32/avr5/crtatmega32.o
 *(.init2)
 *(.init3)
 *(.init3)
 *(.init4)
 .init4         0x0000006e       0x16 c:/program files (x86)/atmel/studio/7.0/toolchain/avr8/avr8-gnu-toolchain/bin/../lib/gcc/avr/5.4.0/avr5\libgcc.a(_copy_data.o)
                0x0000006e                __do_copy_data
 .init4         0x00000084       0x10 c:/program files (x86)/atmel/studio/7.0/toolchain/avr8/avr8-gnu-toolchain/bin/../lib/gcc/avr/5.4.0/avr5\libgcc.a(_clear_bss.o)
                0x00000084                __do_clear_bss
 *(.init4)
 *(.init5)
 *(.init5)
 *(.init6)
 *(.init6)
 *(.init7)
 *(.init7)
 *(.init8)
 *(.init8)
 *(.init9)
 .init9         0x00000094        0x8 C:/Program Files (x86)/Atmel/Studio/7.0/Packs/atmel/ATmega_DFP/1.6.364/gcc/dev/atmega32/avr5/crtatmega32.o
 *(.init9)
 *(.text)
 .text          0x0000009c        0x4 C:/Program Files (x86)/Atmel/Studio/7.0/Packs/atmel/ATmega_DFP/1.6.364/gcc/dev/atmega32/avr5/crtatmega32.o
                0x0000009c                __vector_17
                0x0000009c                __vector_19
                0x0000009c                __vector_18
                0x0000009c                __vector_20
                0x0000009c                __bad_interrupt
                0x000000a0                . = ALIGN (0x2)
 *(.text.*)
 .text.AppADMIN_saveNewCustomerData
                0x000000a0       0x80 APPL/App.o
                0x000000a0                AppADMIN_saveNewCustomerData
 .text.AppUSER_displayTemp
                0x00000120       0x7a APPL/App.o
                0x00000120                AppUSER_displayTemp
 .text.AppUSER_checkPan
                0x0000019a       0xc6 APPL/App.o
                0x0000019a                AppUSER_checkPan
 .text.AppUSER_ReportKeypad
                0x00000260      0x118 APPL/App.o
                0x00000260                AppUSER_ReportKeypad
 .text.AppUSER_startTransaction
                0x00000378      0x22c APPL/App.o
                0x00000378                AppUSER_startTransaction
 .text.AppUSER_checkPin
                0x000005a4       0xc2 APPL/App.o
                0x000005a4                AppUSER_checkPin
 .text.AppUSER_startProcess
                0x00000666       0x98 APPL/App.o
                0x00000666                AppUSER_startProcess
 .text.AppUSER_getCardData
                0x000006fe       0x78 APPL/App.o
                0x000006fe                AppUSER_getCardData
 .text.AppUSER_insertCard
                0x00000776      0x132 APPL/App.o
                0x00000776                AppUSER_insertCard
 .text.App_init
                0x000008a8      0x186 APPL/App.o
                0x000008a8                App_init
 .text.App_ReportTerminal
                0x00000a2e       0x62 APPL/App.o
                0x00000a2e                App_ReportTerminal
 .text.AppADMIN_getInput
                0x00000a90       0x52 APPL/App.o
                0x00000a90                AppADMIN_getInput
 .text.AppADMIN_getnewMaxAmount
                0x00000ae2       0x58 APPL/App.o
                0x00000ae2                AppADMIN_getnewMaxAmount
 .text.AppADMIN_getCustomerPAN
                0x00000b3a       0x52 APPL/App.o
                0x00000b3a                AppADMIN_getCustomerPAN
 .text.AppADMIN_getCustomerBalance
                0x00000b8c       0x52 APPL/App.o
                0x00000b8c                AppADMIN_getCustomerBalance
 .text.AppADMIN_processNewCustomer
                0x00000bde       0xa8 APPL/App.o
                0x00000bde                AppADMIN_processNewCustomer
 .text.AppADMIN_getAtmPIN
                0x00000c86       0x88 APPL/App.o
                0x00000c86                AppADMIN_getAtmPIN
 .text.App_update
                0x00000d0e      0x23e APPL/App.o
                0x00000d0e                App_update
 .text.App_start
                0x00000f4c       0x1a APPL/App.o
                0x00000f4c                App_start
 .text.Button_init
                0x00000f66       0x26 ECUAL/Button Module/Button.o
                0x00000f66                Button_init
 .text.Button_getState
                0x00000f8c       0x24 ECUAL/Button Module/Button.o
                0x00000f8c                Button_getState
 .text.Button_updateState
                0x00000fb0       0xe6 ECUAL/Button Module/Button.o
                0x00000fb0                Button_updateState
 .text.EEPROM_getAddresses
                0x00001096       0x1e ECUAL/Eeprom_I2C Module/Eeprom_24.o
 .text.Eeprom_24_init
                0x000010b4       0x1e ECUAL/Eeprom_I2C Module/Eeprom_24.o
                0x000010b4                Eeprom_24_init
 .text.Eeprom_24_writeByte
                0x000010d2       0x78 ECUAL/Eeprom_I2C Module/Eeprom_24.o
                0x000010d2                Eeprom_24_writeByte
 .text.Eeprom_24_readByte
                0x0000114a       0x82 ECUAL/Eeprom_I2C Module/Eeprom_24.o
                0x0000114a                Eeprom_24_readByte
 .text.Eeprom_24_writePage
                0x000011cc       0x72 ECUAL/Eeprom_I2C Module/Eeprom_24.o
                0x000011cc                Eeprom_24_writePage
 .text.Eeprom_24_readPage
                0x0000123e       0x72 ECUAL/Eeprom_I2C Module/Eeprom_24.o
                0x0000123e                Eeprom_24_readPage
 .text.Eeprom_24_writePacket
                0x000012b0      0x1b2 ECUAL/Eeprom_I2C Module/Eeprom_24.o
                0x000012b0                Eeprom_24_writePacket
 .text.Eeprom_24_readPacket
                0x00001462      0x174 ECUAL/Eeprom_I2C Module/Eeprom_24.o
                0x00001462                Eeprom_24_readPacket
 .text.Keypad_init
                0x000015d6       0x26 ECUAL/Keypad Module/Keypad.o
                0x000015d6                Keypad_init
 .text.Keypad_readKey
                0x000015fc       0xf4 ECUAL/Keypad Module/Keypad.o
                0x000015fc                Keypad_readKey
 .text.Lcd_WriteData
                0x000016f0       0x60 ECUAL/Lcd Module/Lcd.o
 .text.Lcd_EnableToggle
                0x00001750       0x26 ECUAL/Lcd Module/Lcd.o
 .text.Lcd_sendCommand
                0x00001776       0x2c ECUAL/Lcd Module/Lcd.o
                0x00001776                Lcd_sendCommand
 .text.Lcd_init
                0x000017a2       0x74 ECUAL/Lcd Module/Lcd.o
                0x000017a2                Lcd_init
 .text.Lcd_setCursor
                0x00001816       0x36 ECUAL/Lcd Module/Lcd.o
                0x00001816                Lcd_setCursor
 .text.Lcd_printChar
                0x0000184c       0x38 ECUAL/Lcd Module/Lcd.o
                0x0000184c                Lcd_printChar
 .text.Lcd_printString
                0x00001884       0x28 ECUAL/Lcd Module/Lcd.o
                0x00001884                Lcd_printString
 .text.Lcd_clear
                0x000018ac        0xa ECUAL/Lcd Module/Lcd.o
                0x000018ac                Lcd_clear
 .text.Lcd_printLCD
                0x000018b6       0x52 ECUAL/Lcd Module/Lcd.o
                0x000018b6                Lcd_printLCD
 .text.Lcd_printDecimal
                0x00001908       0x3c ECUAL/Lcd Module/Lcd.o
                0x00001908                Lcd_printDecimal
 .text.LM35_init
                0x00001944       0x1e ECUAL/LM35 Module/LM35.o
                0x00001944                LM35_init
 .text.LM35_readTemp
                0x00001962       0x72 ECUAL/LM35 Module/LM35.o
                0x00001962                LM35_readTemp
 .text.Motor_init
                0x000019d4       0x22 ECUAL/Motor Module/Motor.o
                0x000019d4                Motor_init
 .text.Motor_stop
                0x000019f6       0xde ECUAL/Motor Module/Motor.o
                0x000019f6                Motor_stop
 .text.Motor_run
                0x00001ad4       0xe0 ECUAL/Motor Module/Motor.o
                0x00001ad4                Motor_run
 .text.Uart_RXC_ISR
                0x00001bb4       0x82 ECUAL/Terminal Module/Terminal.o
                0x00001bb4                Uart_RXC_ISR
 .text.Terminal_init
                0x00001c36       0x2a ECUAL/Terminal Module/Terminal.o
                0x00001c36                Terminal_init
 .text.Terminal_Out
                0x00001c60       0x36 ECUAL/Terminal Module/Terminal.o
                0x00001c60                Terminal_Out
 .text.Terminal_In
                0x00001c96       0x36 ECUAL/Terminal Module/Terminal.o
                0x00001c96                Terminal_In
 .text.Terminal_enablePasswordMode
                0x00001ccc        0x8 ECUAL/Terminal Module/Terminal.o
                0x00001ccc                Terminal_enablePasswordMode
 .text.Terminal_disablePasswordMode
                0x00001cd4        0x8 ECUAL/Terminal Module/Terminal.o
                0x00001cd4                Terminal_disablePasswordMode
 .text.main     0x00001cdc        0x6 main.o
                0x00001cdc                main
 .text.Adc_init
                0x00001ce2       0x50 MCAL/Adc Module/Adc.o
                0x00001ce2                Adc_init
 .text.Adc_start
                0x00001d32       0xec MCAL/Adc Module/Adc.o
                0x00001d32                Adc_start
 .text.__vector_16
                0x00001e1e       0x4e MCAL/Adc Module/Adc.o
                0x00001e1e                __vector_16
 .text.Delay_ms
                0x00001e6c      0x120 MCAL/Delay Module/Delay.o
                0x00001e6c                Delay_ms
 .text.Dio_init
                0x00001f8c      0x1dc MCAL/Dio Module/Dio.o
                0x00001f8c                Dio_init
 .text.Dio_writePin
                0x00002168      0x132 MCAL/Dio Module/Dio.o
                0x00002168                Dio_writePin
 .text.Dio_togglePin
                0x0000229a       0xb0 MCAL/Dio Module/Dio.o
                0x0000229a                Dio_togglePin
 .text.Dio_readPin
                0x0000234a      0x10a MCAL/Dio Module/Dio.o
                0x0000234a                Dio_readPin
 .text.__vector_1
                0x00002454       0x4e MCAL/Ext Interrupt Module/Ext_INT.o
                0x00002454                __vector_1
 .text.__vector_2
                0x000024a2       0x4e MCAL/Ext Interrupt Module/Ext_INT.o
                0x000024a2                __vector_2
 .text.__vector_3
                0x000024f0       0x4e MCAL/Ext Interrupt Module/Ext_INT.o
                0x000024f0                __vector_3
 .text.Gpt_ISRHandler
                0x0000253e       0x96 MCAL/Gpt Module/Gpt.o
 .text.GptInit  0x000025d4       0x68 MCAL/Gpt Module/Gpt.o
                0x000025d4                GptInit
 .text.GptStart_aSync
                0x0000263c       0xbe MCAL/Gpt Module/Gpt.o
                0x0000263c                GptStart_aSync
 .text.GptStop  0x000026fa       0x5a MCAL/Gpt Module/Gpt.o
                0x000026fa                GptStop
 .text.__vector_11
                0x00002754       0x4a MCAL/Gpt Module/Gpt.o
                0x00002754                __vector_11
 .text.__vector_10
                0x0000279e       0x4a MCAL/Gpt Module/Gpt.o
                0x0000279e                __vector_10
 .text.__vector_9
                0x000027e8       0x4a MCAL/Gpt Module/Gpt.o
                0x000027e8                __vector_9
 .text.__vector_6
                0x00002832       0x4a MCAL/Gpt Module/Gpt.o
                0x00002832                __vector_6
 .text.__vector_7
                0x0000287c       0x4a MCAL/Gpt Module/Gpt.o
                0x0000287c                __vector_7
 .text.__vector_8
                0x000028c6       0x4a MCAL/Gpt Module/Gpt.o
                0x000028c6                __vector_8
 .text.__vector_4
                0x00002910       0x4a MCAL/Gpt Module/Gpt.o
                0x00002910                __vector_4
 .text.__vector_5
                0x0000295a       0x4a MCAL/Gpt Module/Gpt.o
                0x0000295a                __vector_5
 .text.I2C_MasterInit
                0x000029a4       0x1c MCAL/I2C Module/I2C.o
                0x000029a4                I2C_MasterInit
 .text.I2C_MasterSendSTART
                0x000029c0       0x26 MCAL/I2C Module/I2C.o
                0x000029c0                I2C_MasterSendSTART
 .text.I2C_MasterSendSlaveAddress
                0x000029e6       0x62 MCAL/I2C Module/I2C.o
                0x000029e6                I2C_MasterSendSlaveAddress
 .text.I2C_MasterSendRepSTART
                0x00002a48       0x26 MCAL/I2C Module/I2C.o
                0x00002a48                I2C_MasterSendRepSTART
 .text.I2C_MasterSendSTOP
                0x00002a6e       0x1a MCAL/I2C Module/I2C.o
                0x00002a6e                I2C_MasterSendSTOP
 .text.I2C_MasterSendByte
                0x00002a88       0x2e MCAL/I2C Module/I2C.o
                0x00002a88                I2C_MasterSendByte
 .text.I2C_MasterReceiveByte_ACK
                0x00002ab6       0x34 MCAL/I2C Module/I2C.o
                0x00002ab6                I2C_MasterReceiveByte_ACK
 .text.I2C_MasterReceiveByte_NACK
                0x00002aea       0x34 MCAL/I2C Module/I2C.o
                0x00002aea                I2C_MasterReceiveByte_NACK
 .text.I2C_MasterReceiveGeneral
                0x00002b1e       0xf8 MCAL/I2C Module/I2C.o
                0x00002b1e                I2C_MasterReceiveGeneral
 .text.I2C_MasterSendToLocation
                0x00002c16       0x9e MCAL/I2C Module/I2C.o
                0x00002c16                I2C_MasterSendToLocation
 .text.I2C_MasterReceiveFromLocation
                0x00002cb4       0x2e MCAL/I2C Module/I2C.o
                0x00002cb4                I2C_MasterReceiveFromLocation
 .text.Spi_init
                0x00002ce2       0x3a MCAL/Spi Module/Spi.o
                0x00002ce2                Spi_init
 .text.Spi_SlaveReceiveByte
                0x00002d1c       0x22 MCAL/Spi Module/Spi.o
                0x00002d1c                Spi_SlaveReceiveByte
 .text.Spi_SlaveReceivePacket
                0x00002d3e       0x5a MCAL/Spi Module/Spi.o
                0x00002d3e                Spi_SlaveReceivePacket
 .text.__vector_12
                0x00002d98       0x4e MCAL/Spi Module/Spi.o
                0x00002d98                __vector_12
 .text.stringLength
                0x00002de6       0x18 MCAL/StringManipulation.o
                0x00002de6                stringLength
 .text.stringCompare
                0x00002dfe       0x66 MCAL/StringManipulation.o
                0x00002dfe                stringCompare
 .text.EmptyString
                0x00002e64       0x18 MCAL/StringManipulation.o
                0x00002e64                EmptyString
 .text.stringCopy
                0x00002e7c       0x22 MCAL/StringManipulation.o
                0x00002e7c                stringCopy
 .text.integerToString
                0x00002e9e       0x8e MCAL/StringManipulation.o
                0x00002e9e                integerToString
 .text.stringToFloat
                0x00002f2c       0xfc MCAL/StringManipulation.o
                0x00002f2c                stringToFloat
 .text.floatToString
                0x00003028      0x11e MCAL/StringManipulation.o
                0x00003028                floatToString
 .text.waveFunction
                0x00003146      0x110 MCAL/SWPwm Module/SWPwm.o
                0x00003146                waveFunction
 .text.SWPwm_Init
                0x00003256       0x38 MCAL/SWPwm Module/SWPwm.o
                0x00003256                SWPwm_Init
 .text.SWPwm_Start
                0x0000328e      0x268 MCAL/SWPwm Module/SWPwm.o
                0x0000328e                SWPwm_Start
 .text.SWPwm_Stop
                0x000034f6       0x90 MCAL/SWPwm Module/SWPwm.o
                0x000034f6                SWPwm_Stop
 .text.Uart_init
                0x00003586       0x2c MCAL/Uart Module/Uart.o
                0x00003586                Uart_init
 .text.Uart_sendByte
                0x000035b2       0x16 MCAL/Uart Module/Uart.o
                0x000035b2                Uart_sendByte
 .text.Uart_sendPacket
                0x000035c8       0x4e MCAL/Uart Module/Uart.o
                0x000035c8                Uart_sendPacket
 .text.Uart_EnableNotification_RXC
                0x00003616       0x2a MCAL/Uart Module/Uart.o
                0x00003616                Uart_EnableNotification_RXC
 .text.Uart_DataRegister
                0x00003640        0x4 MCAL/Uart Module/Uart.o
                0x00003640                Uart_DataRegister
 .text.__vector_15
                0x00003644       0x4e MCAL/Uart Module/Uart.o
                0x00003644                __vector_15
 .text.__vector_13
                0x00003692       0x4e MCAL/Uart Module/Uart.o
                0x00003692                __vector_13
 .text.__vector_14
                0x000036e0       0x4e MCAL/Uart Module/Uart.o
                0x000036e0                __vector_14
 .text.avr-libc.fplib
                0x0000372e        0xe c:/program files (x86)/atmel/studio/7.0/toolchain/avr8/avr8-gnu-toolchain/bin/../lib/gcc/avr/5.4.0/../../../../avr/lib/avr5\libm.a(addsf3.o)
                0x0000372e                __subsf3
                0x00003730                __addsf3
 .text.avr-libc.fplib
                0x0000373c       0xcc c:/program files (x86)/atmel/studio/7.0/toolchain/avr8/avr8-gnu-toolchain/bin/../lib/gcc/avr/5.4.0/../../../../avr/lib/avr5\libm.a(addsf3x.o)
                0x0000375e                __addsf3x
 .text.avr-libc.fplib
                0x00003808        0xa c:/program files (x86)/atmel/studio/7.0/toolchain/avr8/avr8-gnu-toolchain/bin/../lib/gcc/avr/5.4.0/../../../../avr/lib/avr5\libm.a(cmpsf2.o)
                0x00003808                __nesf2
                0x00003808                __eqsf2
                0x00003808                __cmpsf2
                0x00003808                __ltsf2
                0x00003808                __lesf2
 .text.avr-libc.fplib
                0x00003812        0x8 c:/program files (x86)/atmel/studio/7.0/toolchain/avr8/avr8-gnu-toolchain/bin/../lib/gcc/avr/5.4.0/../../../../avr/lib/avr5\libm.a(divsf3.o)
                0x00003812                __divsf3
 .text.avr-libc.fplib
                0x0000381a       0xdc c:/program files (x86)/atmel/studio/7.0/toolchain/avr8/avr8-gnu-toolchain/bin/../lib/gcc/avr/5.4.0/../../../../avr/lib/avr5\libm.a(divsf3x.o)
                0x0000383a                __divsf3x
                0x00003840                __divsf3_pse
 .text.avr-libc.fplib
                0x000038f6       0x5e c:/program files (x86)/atmel/studio/7.0/toolchain/avr8/avr8-gnu-toolchain/bin/../lib/gcc/avr/5.4.0/../../../../avr/lib/avr5\libm.a(fixunssfsi.o)
                0x000038f6                __fixunssfsi
 .text.avr-libc.fplib
                0x00003954       0x7a c:/program files (x86)/atmel/studio/7.0/toolchain/avr8/avr8-gnu-toolchain/bin/../lib/gcc/avr/5.4.0/../../../../avr/lib/avr5\libm.a(floatsisf.o)
                0x00003954                __floatunsisf
                0x00003958                __floatsisf
 .text.avr-libc.fplib
                0x000039ce       0x48 c:/program files (x86)/atmel/studio/7.0/toolchain/avr8/avr8-gnu-toolchain/bin/../lib/gcc/avr/5.4.0/../../../../avr/lib/avr5\libm.a(fp_cmp.o)
                0x000039ce                __fp_cmp
 .text.avr-libc.fplib
                0x00003a16        0xc c:/program files (x86)/atmel/studio/7.0/toolchain/avr8/avr8-gnu-toolchain/bin/../lib/gcc/avr/5.4.0/../../../../avr/lib/avr5\libm.a(fp_inf.o)
                0x00003a16                __fp_inf
 .text.avr-libc.fplib
                0x00003a22        0x6 c:/program files (x86)/atmel/studio/7.0/toolchain/avr8/avr8-gnu-toolchain/bin/../lib/gcc/avr/5.4.0/../../../../avr/lib/avr5\libm.a(fp_nan.o)
                0x00003a22                __fp_nan
 .text.avr-libc.fplib
                0x00003a28        0xe c:/program files (x86)/atmel/studio/7.0/toolchain/avr8/avr8-gnu-toolchain/bin/../lib/gcc/avr/5.4.0/../../../../avr/lib/avr5\libm.a(fp_pscA.o)
                0x00003a28                __fp_pscA
 .text.avr-libc.fplib
                0x00003a36        0xe c:/program files (x86)/atmel/studio/7.0/toolchain/avr8/avr8-gnu-toolchain/bin/../lib/gcc/avr/5.4.0/../../../../avr/lib/avr5\libm.a(fp_pscB.o)
                0x00003a36                __fp_pscB
 .text.avr-libc.fplib
                0x00003a44       0x22 c:/program files (x86)/atmel/studio/7.0/toolchain/avr8/avr8-gnu-toolchain/bin/../lib/gcc/avr/5.4.0/../../../../avr/lib/avr5\libm.a(fp_round.o)
                0x00003a44                __fp_round
 .text.avr-libc.fplib
                0x00003a66       0x44 c:/program files (x86)/atmel/studio/7.0/toolchain/avr8/avr8-gnu-toolchain/bin/../lib/gcc/avr/5.4.0/../../../../avr/lib/avr5\libm.a(fp_split3.o)
                0x00003a66                __fp_split3
                0x00003a76                __fp_splitA
 .text.avr-libc.fplib
                0x00003aaa        0xe c:/program files (x86)/atmel/studio/7.0/toolchain/avr8/avr8-gnu-toolchain/bin/../lib/gcc/avr/5.4.0/../../../../avr/lib/avr5\libm.a(fp_zero.o)
                0x00003aaa                __fp_zero
                0x00003aac                __fp_szero
 .text.avr-libc.fplib
                0x00003ab8        0x8 c:/program files (x86)/atmel/studio/7.0/toolchain/avr8/avr8-gnu-toolchain/bin/../lib/gcc/avr/5.4.0/../../../../avr/lib/avr5\libm.a(mulsf3.o)
                0x00003ab8                __mulsf3
 .text.avr-libc.fplib
                0x00003ac0       0xd2 c:/program files (x86)/atmel/studio/7.0/toolchain/avr8/avr8-gnu-toolchain/bin/../lib/gcc/avr/5.4.0/../../../../avr/lib/avr5\libm.a(mulsf3x.o)
                0x00003ade                __mulsf3x
                0x00003ae4                __mulsf3_pse
 .text.libgcc.div
                0x00003b92       0x28 c:/program files (x86)/atmel/studio/7.0/toolchain/avr8/avr8-gnu-toolchain/bin/../lib/gcc/avr/5.4.0/avr5\libgcc.a(_divmodhi4.o)
                0x00003b92                _div
                0x00003b92                __divmodhi4
 .text.libgcc.div
                0x00003bba       0x44 c:/program files (x86)/atmel/studio/7.0/toolchain/avr8/avr8-gnu-toolchain/bin/../lib/gcc/avr/5.4.0/avr5\libgcc.a(_udivmodsi4.o)
                0x00003bba                __udivmodsi4
 .text.libgcc   0x00003bfe        0xc c:/program files (x86)/atmel/studio/7.0/toolchain/avr8/avr8-gnu-toolchain/bin/../lib/gcc/avr/5.4.0/avr5\libgcc.a(_tablejump2.o)
                0x00003bfe                __tablejump2__
 .text.libgcc.mul
                0x00003c0a       0x1e c:/program files (x86)/atmel/studio/7.0/toolchain/avr8/avr8-gnu-toolchain/bin/../lib/gcc/avr/5.4.0/avr5\libgcc.a(_umulhisi3.o)
                0x00003c0a                __umulhisi3
 .text.libgcc   0x00003c28       0x18 c:/program files (x86)/atmel/studio/7.0/toolchain/avr8/avr8-gnu-toolchain/bin/../lib/gcc/avr/5.4.0/avr5\libgcc.a(_adddi3_s8.o)
                0x00003c28                __adddi3_s8
 .text.libgcc   0x00003c40       0x12 c:/program files (x86)/atmel/studio/7.0/toolchain/avr8/avr8-gnu-toolchain/bin/../lib/gcc/avr/5.4.0/avr5\libgcc.a(_cmpdi2.o)
                0x00003c40                __cmpdi2
 .text.libgcc   0x00003c52       0x18 c:/program files (x86)/atmel/studio/7.0/toolchain/avr8/avr8-gnu-toolchain/bin/../lib/gcc/avr/5.4.0/avr5\libgcc.a(_cmpdi2_s8.o)
                0x00003c52                __cmpdi2_s8
 .text.libgcc.div
                0x00003c6a       0x28 c:/program files (x86)/atmel/studio/7.0/toolchain/avr8/avr8-gnu-toolchain/bin/../lib/gcc/avr/5.4.0/avr5\libgcc.a(_udivmodhi4.o)
                0x00003c6a                __udivmodhi4
                0x00003c92                . = ALIGN (0x2)
 *(.fini9)
 .fini9         0x00003c92        0x0 c:/program files (x86)/atmel/studio/7.0/toolchain/avr8/avr8-gnu-toolchain/bin/../lib/gcc/avr/5.4.0/avr5\libgcc.a(_exit.o)
                0x00003c92                _exit
                0x00003c92                exit
 *(.fini9)
 *(.fini8)
 *(.fini8)
 *(.fini7)
 *(.fini7)
 *(.fini6)
 *(.fini6)
 *(.fini5)
 *(.fini5)
 *(.fini4)
 *(.fini4)
 *(.fini3)
 *(.fini3)
 *(.fini2)
 *(.fini2)
 *(.fini1)
 *(.fini1)
 *(.fini0)
 .fini0         0x00003c92        0x4 c:/program files (x86)/atmel/studio/7.0/toolchain/avr8/avr8-gnu-toolchain/bin/../lib/gcc/avr/5.4.0/avr5\libgcc.a(_exit.o)
 *(.fini0)
                0x00003c96                _etext = .

.data           0x00800060      0x3ea load address 0x00003c96
                0x00800060                PROVIDE (__data_start, .)
 *(.data)
 *(.data*)
 .data.gu8_ATMMode
                0x00800060        0x1 APPL/App.o
 .data.enuCurrentAppStatus
                0x00800061        0x1 APPL/App.o
 .data.genu_BttnModuleState
                0x00800062        0x1 ECUAL/Button Module/Button.o
 .data.gau8_buttonsUsed
                0x00800063        0x1 ECUAL/Button Module/Button_Cfg.o
                0x00800063                gau8_buttonsUsed
 .data.genu_eepromModuleState
                0x00800064        0x1 ECUAL/Eeprom_I2C Module/Eeprom_24.o
 .data.genu_KeypadModuleState
                0x00800065        0x1 ECUAL/Keypad Module/Keypad.o
 .data.gau8_ButtonSymbols
                0x00800066       0x10 ECUAL/Keypad Module/Keypad_Cfg.o
                0x00800066                gau8_ButtonSymbols
 .data.gau8_Rows
                0x00800076        0x4 ECUAL/Keypad Module/Keypad_Cfg.o
                0x00800076                gau8_Rows
 .data.gau8_Columns
                0x0080007a        0x4 ECUAL/Keypad Module/Keypad_Cfg.o
                0x0080007a                gau8_Columns
 .data.genu_LcdModuleState
                0x0080007e        0x1 ECUAL/Lcd Module/Lcd.o
 .data.genu_LM35ModuleState
                0x0080007f        0x1 ECUAL/LM35 Module/LM35.o
 .data.gu8_MotorModuleStatus
                0x00800080        0x1 ECUAL/Motor Module/Motor.o
                0x00800080                gu8_MotorModuleStatus
 .data.genu_TerminalModuleState
                0x00800081        0x1 ECUAL/Terminal Module/Terminal.o
 .data.genuAdc_Status
                0x00800082        0x1 MCAL/Adc Module/Adc.o
 .data.str_ADCchannels
                0x00800083        0x2 MCAL/Adc Module/Adc_Cfg.o
                0x00800083                str_ADCchannels
 .data.strDio_pins
                0x00800085       0x50 MCAL/Dio Module/Dio_Cfg.o
                0x00800085                strDio_pins
 .data.genuI2C_Status
                0x008000d5        0x1 MCAL/I2C Module/I2C.o
 .data.genuSpi_Status
                0x008000d6        0x1 MCAL/Spi Module/Spi.o
 *(.gnu.linkonce.d*)
 *(.rodata)
 *(.rodata*)
 .rodata.str1.1
                0x008000d7      0x345 APPL/App.o
 .rodata.cgau8_ATMString
                0x0080041c        0xe APPL/App.o
                0x0080041c                cgau8_ATMString
 .rodata.cgau8_LoadingString
                0x0080042a        0xa APPL/App.o
                0x0080042a                cgau8_LoadingString
 .rodata.ATM_DB_ATM_PIN_VAL
                0x00800434        0x5 APPL/App.o
                0x00800434                ATM_DB_ATM_PIN_VAL
 .rodata.cgau8_ADMIN_Word
                0x00800439        0x6 APPL/App.o
                0x00800439                cgau8_ADMIN_Word
 .rodata.str_MotorsConfig
                0x0080043f        0x5 ECUAL/Motor Module/Motor_Cfg.o
                0x0080043f                str_MotorsConfig
 .rodata.Timers_Configurations
                0x00800444        0x3 MCAL/Gpt Module/Gpt_Cfg.o
                0x00800444                Timers_Configurations
 .rodata.SWPwm_Channels
                0x00800447        0x2 MCAL/SWPwm Module/SWPwm_Cfg.o
                0x00800447                SWPwm_Channels
 *(.gnu.linkonce.r*)
                0x0080044a                . = ALIGN (0x2)
 *fill*         0x00800449        0x1 
                0x0080044a                _edata = .
                0x0080044a                PROVIDE (__data_end, .)

.bss            0x0080044a      0x17b
                0x0080044a                PROVIDE (__bss_start, .)
 *(.bss)
 *(.bss*)
 .bss.u8_passFlag.2281
                0x0080044a        0x1 APPL/App.o
 .bss.sau8_data.2252
                0x0080044b        0xa APPL/App.o
 .bss.u8_index.2251
                0x00800455        0x1 APPL/App.o
 .bss.Kpd_enablePass
                0x00800456        0x1 APPL/App.o
                0x00800456                Kpd_enablePass
 .bss.gu8_clientIndex
                0x00800457        0x1 APPL/App.o
                0x00800457                gu8_clientIndex
 .bss.gau8_maxAmount
                0x00800458        0x8 APPL/App.o
                0x00800458                gau8_maxAmount
 .bss.gu8_ATMPin
                0x00800460        0x5 APPL/App.o
                0x00800460                gu8_ATMPin
 .bss.gu8_registeredAccNum
                0x00800465        0x1 APPL/App.o
                0x00800465                gu8_registeredAccNum
 .bss.gu8_initData
                0x00800466        0x1 APPL/App.o
                0x00800466                gu8_initData
 .bss.gstr_clientdata
                0x00800467       0x12 APPL/App.o
                0x00800467                gstr_clientdata
 .bss.gstr_userCardData
                0x00800479       0x19 APPL/App.o
 .bss.gu8_displayFlag
                0x00800492        0x1 APPL/App.o
                0x00800492                gu8_displayFlag
 .bss.gu8_ADMIN_Request
                0x00800493        0x1 APPL/App.o
 .bss.gu8_USER_Mode_State
                0x00800494        0x1 APPL/App.o
 .bss.gu8_ButtonsState
                0x00800495        0x1 ECUAL/Button Module/Button.o
 .bss.gau8_MotorsState
                0x00800496        0x1 ECUAL/Motor Module/Motor.o
                0x00800496                gau8_MotorsState
 .bss.gu8_flag  0x00800497        0x1 ECUAL/Terminal Module/Terminal.o
                0x00800497                gu8_flag
 .bss.gu8_counter
                0x00800498        0x1 ECUAL/Terminal Module/Terminal.o
                0x00800498                gu8_counter
 .bss.gau8_data
                0x00800499       0xff ECUAL/Terminal Module/Terminal.o
                0x00800499                gau8_data
 .bss.gu8_visibility
                0x00800598        0x1 ECUAL/Terminal Module/Terminal.o
 .bss.ADC_CallBackPtr
                0x00800599        0x2 MCAL/Adc Module/Adc.o
 .bss.u8_Dio_Status
                0x0080059b        0x1 MCAL/Dio Module/Dio.o
 .bss.pstrDio_pinsConfig
                0x0080059c        0x2 MCAL/Dio Module/Dio.o
 .bss.INT2_CallBackPtr
                0x0080059e        0x2 MCAL/Ext Interrupt Module/Ext_INT.o
 .bss.INT1_CallBackPtr
                0x008005a0        0x2 MCAL/Ext Interrupt Module/Ext_INT.o
 .bss.INT0_CallBackPtr
                0x008005a2        0x2 MCAL/Ext Interrupt Module/Ext_INT.o
 .bss.genu_GPTModStatus
                0x008005a4        0x1 MCAL/Gpt Module/Gpt.o
                0x008005a4                genu_GPTModStatus
 .bss.u32_Channels_ISR_Count
                0x008005a5        0x4 MCAL/Gpt Module/Gpt.o
                0x008005a5                u32_Channels_ISR_Count
 .bss.enuChannelsState
                0x008005a9        0x1 MCAL/Gpt Module/Gpt.o
                0x008005a9                enuChannelsState
 .bss.Gpt_Timer0_CallBackPtr
                0x008005aa        0x2 MCAL/Gpt Module/Gpt.o
 .bss.SPI_STC_CallBackPtr
                0x008005ac        0x2 MCAL/Spi Module/Spi.o
 .bss.genu_SWPwmModStatus
                0x008005ae        0x1 MCAL/SWPwm Module/SWPwm.o
                0x008005ae                genu_SWPwmModStatus
 .bss.gu8_currentPwmChannel
                0x008005af        0x1 MCAL/SWPwm Module/SWPwm.o
                0x008005af                gu8_currentPwmChannel
 .bss.gstr_ChannelsData
                0x008005b0        0xe MCAL/SWPwm Module/SWPwm.o
                0x008005b0                gstr_ChannelsData
 .bss.u8_Uart_Status
                0x008005be        0x1 MCAL/Uart Module/Uart.o
 .bss.Uart_UDRE_CallBackPtr
                0x008005bf        0x2 MCAL/Uart Module/Uart.o
 .bss.Uart_RXC_CallBackPtr
                0x008005c1        0x2 MCAL/Uart Module/Uart.o
 .bss.Uart_TXC_CallBackPtr
                0x008005c3        0x2 MCAL/Uart Module/Uart.o
 *(COMMON)
                0x008005c5                PROVIDE (__bss_end, .)
                0x00003c96                __data_load_start = LOADADDR (.data)
                0x00004080                __data_load_end = (__data_load_start + SIZEOF (.data))

.noinit         0x008005c5        0x0
                [!provide]                PROVIDE (__noinit_start, .)
 *(.noinit*)
                [!provide]                PROVIDE (__noinit_end, .)
                0x008005c5                _end = .
                [!provide]                PROVIDE (__heap_start, .)

.eeprom         0x00810000        0x0
 *(.eeprom*)
                0x00810000                __eeprom_end = .

.fuse
 *(.fuse)
 *(.lfuse)
 *(.hfuse)
 *(.efuse)

.lock
 *(.lock*)

.signature
 *(.signature*)

.user_signatures
 *(.user_signatures*)

.stab
 *(.stab)

.stabstr
 *(.stabstr)

.stab.excl
 *(.stab.excl)

.stab.exclstr
 *(.stab.exclstr)

.stab.index
 *(.stab.index)

.stab.indexstr
 *(.stab.indexstr)

.comment        0x00000000       0x30
 *(.comment)
 .comment       0x00000000       0x30 APPL/App.o
                                 0x31 (size before relaxing)
 .comment       0x00000030       0x31 ECUAL/Button Module/Button.o
 .comment       0x00000030       0x31 ECUAL/Button Module/Button_Cfg.o
 .comment       0x00000030       0x31 ECUAL/Eeprom_I2C Module/Eeprom_24.o
 .comment       0x00000030       0x31 ECUAL/Keypad Module/Keypad.o
 .comment       0x00000030       0x31 ECUAL/Keypad Module/Keypad_Cfg.o
 .comment       0x00000030       0x31 ECUAL/Lcd Module/Lcd.o
 .comment       0x00000030       0x31 ECUAL/LM35 Module/LM35.o
 .comment       0x00000030       0x31 ECUAL/Motor Module/Motor.o
 .comment       0x00000030       0x31 ECUAL/Motor Module/Motor_Cfg.o
 .comment       0x00000030       0x31 ECUAL/Terminal Module/Terminal.o
 .comment       0x00000030       0x31 main.o
 .comment       0x00000030       0x31 MCAL/Adc Module/Adc.o
 .comment       0x00000030       0x31 MCAL/Adc Module/Adc_Cfg.o
 .comment       0x00000030       0x31 MCAL/Delay Module/Delay.o
 .comment       0x00000030       0x31 MCAL/Dio Module/Dio.o
 .comment       0x00000030       0x31 MCAL/Dio Module/Dio_Cfg.o
 .comment       0x00000030       0x31 MCAL/Ext Interrupt Module/Ext_INT.o
 .comment       0x00000030       0x31 MCAL/Gpt Module/Gpt.o
 .comment       0x00000030       0x31 MCAL/Gpt Module/Gpt_Cfg.o
 .comment       0x00000030       0x31 MCAL/I2C Module/I2C.o
 .comment       0x00000030       0x31 MCAL/Spi Module/Spi.o
 .comment       0x00000030       0x31 MCAL/StringManipulation.o
 .comment       0x00000030       0x31 MCAL/SWPwm Module/SWPwm.o
 .comment       0x00000030       0x31 MCAL/SWPwm Module/SWPwm_Cfg.o
 .comment       0x00000030       0x31 MCAL/Uart Module/Uart.o

.note.gnu.avr.deviceinfo
                0x00000000       0x3c
 .note.gnu.avr.deviceinfo
                0x00000000       0x3c C:/Program Files (x86)/Atmel/Studio/7.0/Packs/atmel/ATmega_DFP/1.6.364/gcc/dev/atmega32/avr5/crtatmega32.o

.note.gnu.build-id
 *(.note.gnu.build-id)

.debug
 *(.debug)

.line
 *(.line)

.debug_srcinfo
 *(.debug_srcinfo)

.debug_sfnames
 *(.debug_sfnames)

.debug_aranges  0x00000000      0x6f0
 *(.debug_aranges)
 .debug_aranges
                0x00000000       0xb0 APPL/App.o
 .debug_aranges
                0x000000b0       0x30 ECUAL/Button Module/Button.o
 .debug_aranges
                0x000000e0       0x18 ECUAL/Button Module/Button_Cfg.o
 .debug_aranges
                0x000000f8       0x58 ECUAL/Eeprom_I2C Module/Eeprom_24.o
 .debug_aranges
                0x00000150       0x28 ECUAL/Keypad Module/Keypad.o
 .debug_aranges
                0x00000178       0x18 ECUAL/Keypad Module/Keypad_Cfg.o
 .debug_aranges
                0x00000190       0x88 ECUAL/Lcd Module/Lcd.o
 .debug_aranges
                0x00000218       0x28 ECUAL/LM35 Module/LM35.o
 .debug_aranges
                0x00000240       0x30 ECUAL/Motor Module/Motor.o
 .debug_aranges
                0x00000270       0x18 ECUAL/Motor Module/Motor_Cfg.o
 .debug_aranges
                0x00000288       0x48 ECUAL/Terminal Module/Terminal.o
 .debug_aranges
                0x000002d0       0x20 main.o
 .debug_aranges
                0x000002f0       0x48 MCAL/Adc Module/Adc.o
 .debug_aranges
                0x00000338       0x18 MCAL/Adc Module/Adc_Cfg.o
 .debug_aranges
                0x00000350       0x30 MCAL/Delay Module/Delay.o
 .debug_aranges
                0x00000380       0x38 MCAL/Dio Module/Dio.o
 .debug_aranges
                0x000003b8       0x18 MCAL/Dio Module/Dio_Cfg.o
 .debug_aranges
                0x000003d0       0x60 MCAL/Ext Interrupt Module/Ext_INT.o
 .debug_aranges
                0x00000430       0x80 MCAL/Gpt Module/Gpt.o
 .debug_aranges
                0x000004b0       0x18 MCAL/Gpt Module/Gpt_Cfg.o
 .debug_aranges
                0x000004c8       0x88 MCAL/I2C Module/I2C.o
 .debug_aranges
                0x00000550       0x58 MCAL/Spi Module/Spi.o
 .debug_aranges
                0x000005a8       0x78 MCAL/StringManipulation.o
 .debug_aranges
                0x00000620       0x38 MCAL/SWPwm Module/SWPwm.o
 .debug_aranges
                0x00000658       0x18 MCAL/SWPwm Module/SWPwm_Cfg.o
 .debug_aranges
                0x00000670       0x80 MCAL/Uart Module/Uart.o

.debug_pubnames
 *(.debug_pubnames)

.debug_info     0x00000000     0x7094
 *(.debug_info .gnu.linkonce.wi.*)
 .debug_info    0x00000000      0x4e6 C:/Program Files (x86)/Atmel/Studio/7.0/Packs/atmel/ATmega_DFP/1.6.364/gcc/dev/atmega32/avr5/crtatmega32.o
 .debug_info    0x000004e6     0x1d7b APPL/App.o
 .debug_info    0x00002261      0x327 ECUAL/Button Module/Button.o
 .debug_info    0x00002588       0x98 ECUAL/Button Module/Button_Cfg.o
 .debug_info    0x00002620      0x8dd ECUAL/Eeprom_I2C Module/Eeprom_24.o
 .debug_info    0x00002efd      0x30a ECUAL/Keypad Module/Keypad.o
 .debug_info    0x00003207       0xd2 ECUAL/Keypad Module/Keypad_Cfg.o
 .debug_info    0x000032d9      0x884 ECUAL/Lcd Module/Lcd.o
 .debug_info    0x00003b5d      0x1c0 ECUAL/LM35 Module/LM35.o
 .debug_info    0x00003d1d      0x379 ECUAL/Motor Module/Motor.o
 .debug_info    0x00004096       0xf9 ECUAL/Motor Module/Motor_Cfg.o
 .debug_info    0x0000418f      0x38b ECUAL/Terminal Module/Terminal.o
 .debug_info    0x0000451a       0xb4 main.o
 .debug_info    0x000045ce      0x2ec MCAL/Adc Module/Adc.o
 .debug_info    0x000048ba       0xc8 MCAL/Adc Module/Adc_Cfg.o
 .debug_info    0x00004982      0x138 MCAL/Delay Module/Delay.o
 .debug_info    0x00004aba      0x247 MCAL/Dio Module/Dio.o
 .debug_info    0x00004d01      0x108 MCAL/Dio Module/Dio_Cfg.o
 .debug_info    0x00004e09      0x1fd MCAL/Ext Interrupt Module/Ext_INT.o
 .debug_info    0x00005006      0x54f MCAL/Gpt Module/Gpt.o
 .debug_info    0x00005555      0x169 MCAL/Gpt Module/Gpt_Cfg.o
 .debug_info    0x000056be      0x68d MCAL/I2C Module/I2C.o
 .debug_info    0x00005d4b      0x269 MCAL/Spi Module/Spi.o
 .debug_info    0x00005fb4      0x5fd MCAL/StringManipulation.o
 .debug_info    0x000065b1      0x627 MCAL/SWPwm Module/SWPwm.o
 .debug_info    0x00006bd8       0xd2 MCAL/SWPwm Module/SWPwm_Cfg.o
 .debug_info    0x00006caa      0x3ea MCAL/Uart Module/Uart.o

.debug_abbrev   0x00000000     0x1e7f
 *(.debug_abbrev)
 .debug_abbrev  0x00000000      0x4a3 C:/Program Files (x86)/Atmel/Studio/7.0/Packs/atmel/ATmega_DFP/1.6.364/gcc/dev/atmega32/avr5/crtatmega32.o
 .debug_abbrev  0x000004a3      0x1df APPL/App.o
 .debug_abbrev  0x00000682      0x143 ECUAL/Button Module/Button.o
 .debug_abbrev  0x000007c5       0x4b ECUAL/Button Module/Button_Cfg.o
 .debug_abbrev  0x00000810      0x17f ECUAL/Eeprom_I2C Module/Eeprom_24.o
 .debug_abbrev  0x0000098f      0x134 ECUAL/Keypad Module/Keypad.o
 .debug_abbrev  0x00000ac3       0x4b ECUAL/Keypad Module/Keypad_Cfg.o
 .debug_abbrev  0x00000b0e      0x19e ECUAL/Lcd Module/Lcd.o
 .debug_abbrev  0x00000cac       0xd9 ECUAL/LM35 Module/LM35.o
 .debug_abbrev  0x00000d85      0x134 ECUAL/Motor Module/Motor.o
 .debug_abbrev  0x00000eb9       0x6e ECUAL/Motor Module/Motor_Cfg.o
 .debug_abbrev  0x00000f27      0x14c ECUAL/Terminal Module/Terminal.o
 .debug_abbrev  0x00001073       0x68 main.o
 .debug_abbrev  0x000010db      0x13b MCAL/Adc Module/Adc.o
 .debug_abbrev  0x00001216       0x67 MCAL/Adc Module/Adc_Cfg.o
 .debug_abbrev  0x0000127d       0xa7 MCAL/Delay Module/Delay.o
 .debug_abbrev  0x00001324       0xc3 MCAL/Dio Module/Dio.o
 .debug_abbrev  0x000013e7       0x7f MCAL/Dio Module/Dio_Cfg.o
 .debug_abbrev  0x00001466       0x9d MCAL/Ext Interrupt Module/Ext_INT.o
 .debug_abbrev  0x00001503      0x1a4 MCAL/Gpt Module/Gpt.o
 .debug_abbrev  0x000016a7       0x86 MCAL/Gpt Module/Gpt_Cfg.o
 .debug_abbrev  0x0000172d      0x137 MCAL/I2C Module/I2C.o
 .debug_abbrev  0x00001864      0x149 MCAL/Spi Module/Spi.o
 .debug_abbrev  0x000019ad      0x174 MCAL/StringManipulation.o
 .debug_abbrev  0x00001b21      0x16a MCAL/SWPwm Module/SWPwm.o
 .debug_abbrev  0x00001c8b       0x6e MCAL/SWPwm Module/SWPwm_Cfg.o
 .debug_abbrev  0x00001cf9      0x186 MCAL/Uart Module/Uart.o

.debug_line     0x00000000     0x43b3
 *(.debug_line .debug_line.* .debug_line_end)
 .debug_line    0x00000000      0x116 C:/Program Files (x86)/Atmel/Studio/7.0/Packs/atmel/ATmega_DFP/1.6.364/gcc/dev/atmega32/avr5/crtatmega32.o
 .debug_line    0x00000116      0xe91 APPL/App.o
 .debug_line    0x00000fa7      0x1f9 ECUAL/Button Module/Button.o
 .debug_line    0x000011a0       0x85 ECUAL/Button Module/Button_Cfg.o
 .debug_line    0x00001225      0x4bd ECUAL/Eeprom_I2C Module/Eeprom_24.o
 .debug_line    0x000016e2      0x1b8 ECUAL/Keypad Module/Keypad.o
 .debug_line    0x0000189a       0x85 ECUAL/Keypad Module/Keypad_Cfg.o
 .debug_line    0x0000191f      0x457 ECUAL/Lcd Module/Lcd.o
 .debug_line    0x00001d76      0x139 ECUAL/LM35 Module/LM35.o
 .debug_line    0x00001eaf      0x247 ECUAL/Motor Module/Motor.o
 .debug_line    0x000020f6       0x8d ECUAL/Motor Module/Motor_Cfg.o
 .debug_line    0x00002183      0x296 ECUAL/Terminal Module/Terminal.o
 .debug_line    0x00002419       0x52 main.o
 .debug_line    0x0000246b      0x278 MCAL/Adc Module/Adc.o
 .debug_line    0x000026e3       0x6d MCAL/Adc Module/Adc_Cfg.o
 .debug_line    0x00002750       0xd4 MCAL/Delay Module/Delay.o
 .debug_line    0x00002824      0x2f6 MCAL/Dio Module/Dio.o
 .debug_line    0x00002b1a       0x6d MCAL/Dio Module/Dio_Cfg.o
 .debug_line    0x00002b87      0x15c MCAL/Ext Interrupt Module/Ext_INT.o
 .debug_line    0x00002ce3      0x39c MCAL/Gpt Module/Gpt.o
 .debug_line    0x0000307f       0x6d MCAL/Gpt Module/Gpt_Cfg.o
 .debug_line    0x000030ec      0x5a4 MCAL/I2C Module/I2C.o
 .debug_line    0x00003690      0x22e MCAL/Spi Module/Spi.o
 .debug_line    0x000038be      0x497 MCAL/StringManipulation.o
 .debug_line    0x00003d55      0x2ce MCAL/SWPwm Module/SWPwm.o
 .debug_line    0x00004023       0x75 MCAL/SWPwm Module/SWPwm_Cfg.o
 .debug_line    0x00004098      0x31b MCAL/Uart Module/Uart.o

.debug_frame    0x00000000     0x1660
 *(.debug_frame)
 .debug_frame   0x00000000      0x278 APPL/App.o
 .debug_frame   0x00000278       0x60 ECUAL/Button Module/Button.o
 .debug_frame   0x000002d8      0x1a4 ECUAL/Eeprom_I2C Module/Eeprom_24.o
 .debug_frame   0x0000047c       0x6c ECUAL/Keypad Module/Keypad.o
 .debug_frame   0x000004e8      0x15c ECUAL/Lcd Module/Lcd.o
 .debug_frame   0x00000644       0x50 ECUAL/LM35 Module/LM35.o
 .debug_frame   0x00000694       0x84 ECUAL/Motor Module/Motor.o
 .debug_frame   0x00000718       0x8c ECUAL/Terminal Module/Terminal.o
 .debug_frame   0x000007a4       0x24 main.o
 .debug_frame   0x000007c8       0xfc MCAL/Adc Module/Adc.o
 .debug_frame   0x000008c4       0xa4 MCAL/Delay Module/Delay.o
 .debug_frame   0x00000968       0x54 MCAL/Dio Module/Dio.o
 .debug_frame   0x000009bc      0x17c MCAL/Ext Interrupt Module/Ext_INT.o
 .debug_frame   0x00000b38      0x344 MCAL/Gpt Module/Gpt.o
 .debug_frame   0x00000e7c      0x210 MCAL/I2C Module/I2C.o
 .debug_frame   0x0000108c      0x100 MCAL/Spi Module/Spi.o
 .debug_frame   0x0000118c      0x214 MCAL/StringManipulation.o
 .debug_frame   0x000013a0       0xc4 MCAL/SWPwm Module/SWPwm.o
 .debug_frame   0x00001464      0x1fc MCAL/Uart Module/Uart.o

.debug_str      0x00000000     0x2bfb
 *(.debug_str)
 .debug_str     0x00000000      0x196 C:/Program Files (x86)/Atmel/Studio/7.0/Packs/atmel/ATmega_DFP/1.6.364/gcc/dev/atmega32/avr5/crtatmega32.o
 .debug_str     0x00000196      0xf62 APPL/App.o
                                0xf9f (size before relaxing)
 .debug_str     0x000010f8      0x216 ECUAL/Button Module/Button.o
                                0x47f (size before relaxing)
 .debug_str     0x0000130e       0x24 ECUAL/Button Module/Button_Cfg.o
                                0x1c7 (size before relaxing)
 .debug_str     0x00001332      0x317 ECUAL/Eeprom_I2C Module/Eeprom_24.o
                                0x5c8 (size before relaxing)
 .debug_str     0x00001649       0x8b ECUAL/Keypad Module/Keypad.o
                                0x496 (size before relaxing)
 .debug_str     0x000016d4       0x24 ECUAL/Keypad Module/Keypad_Cfg.o
                                0x1e0 (size before relaxing)
 .debug_str     0x000016f8      0x104 ECUAL/Lcd Module/Lcd.o
                                0x52d (size before relaxing)
 .debug_str     0x000017fc      0x13f ECUAL/LM35 Module/LM35.o
                                0x39a (size before relaxing)
 .debug_str     0x0000193b      0x1a8 ECUAL/Motor Module/Motor.o
                                0x43a (size before relaxing)
 .debug_str     0x00001ae3       0x22 ECUAL/Motor Module/Motor_Cfg.o
                                0x221 (size before relaxing)
 .debug_str     0x00001b05      0x1ce ECUAL/Terminal Module/Terminal.o
                                0x493 (size before relaxing)
 .debug_str     0x00001cd3       0x11 main.o
                                0x1a5 (size before relaxing)
 .debug_str     0x00001ce4      0x10e MCAL/Adc Module/Adc.o
                                0x3ab (size before relaxing)
 .debug_str     0x00001df2       0x1d MCAL/Adc Module/Adc_Cfg.o
                                0x1e0 (size before relaxing)
 .debug_str     0x00001e0f       0x5a MCAL/Delay Module/Delay.o
                                0x1ed (size before relaxing)
 .debug_str     0x00001e69       0x62 MCAL/Dio Module/Dio.o
                                0x375 (size before relaxing)
 .debug_str     0x00001ecb       0x1d MCAL/Dio Module/Dio_Cfg.o
                                0x232 (size before relaxing)
 .debug_str     0x00001ee8       0xe7 MCAL/Ext Interrupt Module/Ext_INT.o
                                0x270 (size before relaxing)
 .debug_str     0x00001fcf      0x474 MCAL/Gpt Module/Gpt.o
                                0x62e (size before relaxing)
 .debug_str     0x00002443       0x1d MCAL/Gpt Module/Gpt_Cfg.o
                                0x358 (size before relaxing)
 .debug_str     0x00002460      0x18f MCAL/I2C Module/I2C.o
                                0x505 (size before relaxing)
 .debug_str     0x000025ef       0xf5 MCAL/Spi Module/Spi.o
                                0x394 (size before relaxing)
 .debug_str     0x000026e4      0x14f MCAL/StringManipulation.o
                                0x39a (size before relaxing)
 .debug_str     0x00002833      0x207 MCAL/SWPwm Module/SWPwm.o
                                0x8b7 (size before relaxing)
 .debug_str     0x00002a3a       0x21 MCAL/SWPwm Module/SWPwm_Cfg.o
                                0x1fb (size before relaxing)
 .debug_str     0x00002a5b      0x1a0 MCAL/Uart Module/Uart.o
                                0x48e (size before relaxing)

.debug_loc      0x00000000     0x5dca
 *(.debug_loc)
 .debug_loc     0x00000000      0x9e3 APPL/App.o
 .debug_loc     0x000009e3      0x1bf ECUAL/Button Module/Button.o
 .debug_loc     0x00000ba2      0xb2c ECUAL/Eeprom_I2C Module/Eeprom_24.o
 .debug_loc     0x000016ce      0x18f ECUAL/Keypad Module/Keypad.o
 .debug_loc     0x0000185d      0x43a ECUAL/Lcd Module/Lcd.o
 .debug_loc     0x00001c97       0xb8 ECUAL/LM35 Module/LM35.o
 .debug_loc     0x00001d4f      0x265 ECUAL/Motor Module/Motor.o
 .debug_loc     0x00001fb4      0x136 ECUAL/Terminal Module/Terminal.o
 .debug_loc     0x000020ea      0x3c2 MCAL/Adc Module/Adc.o
 .debug_loc     0x000024ac      0x2f2 MCAL/Delay Module/Delay.o
 .debug_loc     0x0000279e      0x178 MCAL/Dio Module/Dio.o
 .debug_loc     0x00002916      0x2c4 MCAL/Ext Interrupt Module/Ext_INT.o
 .debug_loc     0x00002bda      0x99b MCAL/Gpt Module/Gpt.o
 .debug_loc     0x00003575      0xcab MCAL/I2C Module/I2C.o
 .debug_loc     0x00004220      0x2ad MCAL/Spi Module/Spi.o
 .debug_loc     0x000044cd      0xe10 MCAL/StringManipulation.o
 .debug_loc     0x000052dd      0x4c2 MCAL/SWPwm Module/SWPwm.o
 .debug_loc     0x0000579f      0x62b MCAL/Uart Module/Uart.o

.debug_macinfo
 *(.debug_macinfo)

.debug_weaknames
 *(.debug_weaknames)

.debug_funcnames
 *(.debug_funcnames)

.debug_typenames
 *(.debug_typenames)

.debug_varnames
 *(.debug_varnames)

.debug_pubtypes
 *(.debug_pubtypes)

.debug_ranges   0x00000000      0x5a8
 *(.debug_ranges)
 .debug_ranges  0x00000000       0xd0 APPL/App.o
 .debug_ranges  0x000000d0       0x20 ECUAL/Button Module/Button.o
 .debug_ranges  0x000000f0       0xa8 ECUAL/Eeprom_I2C Module/Eeprom_24.o
 .debug_ranges  0x00000198       0x18 ECUAL/Keypad Module/Keypad.o
 .debug_ranges  0x000001b0       0x78 ECUAL/Lcd Module/Lcd.o
 .debug_ranges  0x00000228       0x18 ECUAL/LM35 Module/LM35.o
 .debug_ranges  0x00000240       0x20 ECUAL/Motor Module/Motor.o
 .debug_ranges  0x00000260       0x38 ECUAL/Terminal Module/Terminal.o
 .debug_ranges  0x00000298       0x10 main.o
 .debug_ranges  0x000002a8       0x38 MCAL/Adc Module/Adc.o
 .debug_ranges  0x000002e0       0x20 MCAL/Delay Module/Delay.o
 .debug_ranges  0x00000300       0x28 MCAL/Dio Module/Dio.o
 .debug_ranges  0x00000328       0x50 MCAL/Ext Interrupt Module/Ext_INT.o
 .debug_ranges  0x00000378       0x70 MCAL/Gpt Module/Gpt.o
 .debug_ranges  0x000003e8       0x78 MCAL/I2C Module/I2C.o
 .debug_ranges  0x00000460       0x48 MCAL/Spi Module/Spi.o
 .debug_ranges  0x000004a8       0x68 MCAL/StringManipulation.o
 .debug_ranges  0x00000510       0x28 MCAL/SWPwm Module/SWPwm.o
 .debug_ranges  0x00000538       0x70 MCAL/Uart Module/Uart.o

.debug_macro
 *(.debug_macro)
OUTPUT(ATM.elf elf32-avr)
LOAD linker stubs
