Archive member included to satisfy reference by file (symbol)

c:/program files (x86)/atmel/studio/7.0/toolchain/avr8/avr8-gnu-toolchain/bin/../lib/gcc/avr/5.4.0/../../../../avr/lib/avr5\libm.a(addsf3.o)
                              APPL/App.o (__subsf3)
c:/program files (x86)/atmel/studio/7.0/toolchain/avr8/avr8-gnu-toolchain/bin/../lib/gcc/avr/5.4.0/../../../../avr/lib/avr5\libm.a(addsf3x.o)
                              c:/program files (x86)/atmel/studio/7.0/toolchain/avr8/avr8-gnu-toolchain/bin/../lib/gcc/avr/5.4.0/../../../../avr/lib/avr5\libm.a(addsf3.o) (__addsf3x)
c:/program files (x86)/atmel/studio/7.0/toolchain/avr8/avr8-gnu-toolchain/bin/../lib/gcc/avr/5.4.0/../../../../avr/lib/avr5\libm.a(cmpsf2.o)
                              APPL/App.o (__ltsf2)
c:/program files (x86)/atmel/studio/7.0/toolchain/avr8/avr8-gnu-toolchain/bin/../lib/gcc/avr/5.4.0/../../../../avr/lib/avr5\libm.a(divsf3.o)
                              MCAL/StringManipulation.o (__divsf3)
c:/program files (x86)/atmel/studio/7.0/toolchain/avr8/avr8-gnu-toolchain/bin/../lib/gcc/avr/5.4.0/../../../../avr/lib/avr5\libm.a(divsf3x.o)
                              c:/program files (x86)/atmel/studio/7.0/toolchain/avr8/avr8-gnu-toolchain/bin/../lib/gcc/avr/5.4.0/../../../../avr/lib/avr5\libm.a(divsf3.o) (__divsf3x)
c:/program files (x86)/atmel/studio/7.0/toolchain/avr8/avr8-gnu-toolchain/bin/../lib/gcc/avr/5.4.0/../../../../avr/lib/avr5\libm.a(fixunssfsi.o)
                              MCAL/Adc Module/Adc.o (__fixunssfsi)
c:/program files (x86)/atmel/studio/7.0/toolchain/avr8/avr8-gnu-toolchain/bin/../lib/gcc/avr/5.4.0/../../../../avr/lib/avr5\libm.a(floatsisf.o)
                              MCAL/Adc Module/Adc.o (__floatunsisf)
c:/program files (x86)/atmel/studio/7.0/toolchain/avr8/avr8-gnu-toolchain/bin/../lib/gcc/avr/5.4.0/../../../../avr/lib/avr5\libm.a(fp_cmp.o)
                              c:/program files (x86)/atmel/studio/7.0/toolchain/avr8/avr8-gnu-toolchain/bin/../lib/gcc/avr/5.4.0/../../../../avr/lib/avr5\libm.a(cmpsf2.o) (__fp_cmp)
c:/program files (x86)/atmel/studio/7.0/toolchain/avr8/avr8-gnu-toolchain/bin/../lib/gcc/avr/5.4.0/../../../../avr/lib/avr5\libm.a(fp_inf.o)
                              c:/program files (x86)/atmel/studio/7.0/toolchain/avr8/avr8-gnu-toolchain/bin/../lib/gcc/avr/5.4.0/../../../../avr/lib/avr5\libm.a(addsf3x.o) (__fp_inf)
c:/program files (x86)/atmel/studio/7.0/toolchain/avr8/avr8-gnu-toolchain/bin/../lib/gcc/avr/5.4.0/../../../../avr/lib/avr5\libm.a(fp_nan.o)
                              c:/program files (x86)/atmel/studio/7.0/toolchain/avr8/avr8-gnu-toolchain/bin/../lib/gcc/avr/5.4.0/../../../../avr/lib/avr5\libm.a(addsf3x.o) (__fp_nan)
c:/program files (x86)/atmel/studio/7.0/toolchain/avr8/avr8-gnu-toolchain/bin/../lib/gcc/avr/5.4.0/../../../../avr/lib/avr5\libm.a(fp_pscA.o)
                              c:/program files (x86)/atmel/studio/7.0/toolchain/avr8/avr8-gnu-toolchain/bin/../lib/gcc/avr/5.4.0/../../../../avr/lib/avr5\libm.a(addsf3x.o) (__fp_pscA)
c:/program files (x86)/atmel/studio/7.0/toolchain/avr8/avr8-gnu-toolchain/bin/../lib/gcc/avr/5.4.0/../../../../avr/lib/avr5\libm.a(fp_pscB.o)
                              c:/program files (x86)/atmel/studio/7.0/toolchain/avr8/avr8-gnu-toolchain/bin/../lib/gcc/avr/5.4.0/../../../../avr/lib/avr5\libm.a(addsf3x.o) (__fp_pscB)
c:/program files (x86)/atmel/studio/7.0/toolchain/avr8/avr8-gnu-toolchain/bin/../lib/gcc/avr/5.4.0/../../../../avr/lib/avr5\libm.a(fp_round.o)
                              c:/program files (x86)/atmel/studio/7.0/toolchain/avr8/avr8-gnu-toolchain/bin/../lib/gcc/avr/5.4.0/../../../../avr/lib/avr5\libm.a(addsf3.o) (__fp_round)
c:/program files (x86)/atmel/studio/7.0/toolchain/avr8/avr8-gnu-toolchain/bin/../lib/gcc/avr/5.4.0/../../../../avr/lib/avr5\libm.a(fp_split3.o)
                              c:/program files (x86)/atmel/studio/7.0/toolchain/avr8/avr8-gnu-toolchain/bin/../lib/gcc/avr/5.4.0/../../../../avr/lib/avr5\libm.a(addsf3x.o) (__fp_split3)
c:/program files (x86)/atmel/studio/7.0/toolchain/avr8/avr8-gnu-toolchain/bin/../lib/gcc/avr/5.4.0/../../../../avr/lib/avr5\libm.a(fp_zero.o)
                              c:/program files (x86)/atmel/studio/7.0/toolchain/avr8/avr8-gnu-toolchain/bin/../lib/gcc/avr/5.4.0/../../../../avr/lib/avr5\libm.a(addsf3x.o) (__fp_zero)
c:/program files (x86)/atmel/studio/7.0/toolchain/avr8/avr8-gnu-toolchain/bin/../lib/gcc/avr/5.4.0/../../../../avr/lib/avr5\libm.a(mulsf3.o)
                              MCAL/Adc Module/Adc.o (__mulsf3)
c:/program files (x86)/atmel/studio/7.0/toolchain/avr8/avr8-gnu-toolchain/bin/../lib/gcc/avr/5.4.0/../../../../avr/lib/avr5\libm.a(mulsf3x.o)
                              c:/program files (x86)/atmel/studio/7.0/toolchain/avr8/avr8-gnu-toolchain/bin/../lib/gcc/avr/5.4.0/../../../../avr/lib/avr5\libm.a(mulsf3.o) (__mulsf3x)
c:/program files (x86)/atmel/studio/7.0/toolchain/avr8/avr8-gnu-toolchain/bin/../lib/gcc/avr/5.4.0/avr5\libgcc.a(_divmodhi4.o)
[...]
Memory Configuration

Name             Origin             Length             Attributes
text             0x00000000         0x00008000         xr
data             0x00800060         0x00000800         rw !x
eeprom           0x00810000         0x00000400         rw !x
fuse             0x00820000         0x00000002         rw !x
lock             0x00830000         0x00000400         rw !x
signature        0x00840000         0x00000400         rw !x
user_signatures  0x00850000         0x00000400         rw !x
*default*        0x00000000         0xffffffff

Linker script and memory map

LOAD C:/Program Files (x86)/Atmel/Studio/7.0/Packs/atmel/ATmega_DFP/1.6.364/gcc/dev/atmega32/avr5/crtatmega32.o
LOAD APPL/App.o
LOAD ECUAL/Button Module/Button.o
LOAD ECUAL/Button Module/Button_Cfg.o
LOAD ECUAL/Eeprom_I2C Module/Eeprom_24.o
LOAD ECUAL/Keypad Module/Keypad.o
LOAD ECUAL/Keypad Module/Keypad_Cfg.o
LOAD ECUAL/Lcd Module/Lcd.o
LOAD ECUAL/LM35 Module/LM35.o
LOAD ECUAL/Motor Module/Motor.o
LOAD ECUAL/Motor Module/Motor_Cfg.o
LOAD ECUAL/Terminal Module/Terminal.o
LOAD main.o
LOAD MCAL/Adc Module/Adc.o
LOAD MCAL/Adc Module/Adc_Cfg.o
LOAD MCAL/Delay Module/Delay.o
LOAD MCAL/Dio Module/Dio.o
LOAD MCAL/Dio Module/Dio_Cfg.o
LOAD MCAL/Ext Interrupt Module/Ext_INT.o
LOAD MCAL/Gpt Module/Gpt.o
LOAD MCAL/Gpt Module/Gpt_Cfg.o
LOAD MCAL/I2C Module/I2C.o
LOAD MCAL/Spi Module/Spi.o
LOAD MCAL/StringManipulation.o
LOAD MCAL/SWPwm Module/SWPwm.o
LOAD MCAL/SWPwm Module/SWPwm_Cfg.o
LOAD MCAL/Uart Module/Uart.o
START GROUP
LOAD c:/program files (x86)/atmel/studio/7.0/toolchain/avr8/avr8-gnu-toolchain/bin/../lib/gcc/avr/5.4.0/../../../../avr/lib/avr5\libm.a
END GROUP
START GROUP
LOAD c:/program files (x86)/atmel/studio/7.0/toolchain/avr8/avr8-gnu-toolchain/bin/../lib/gcc/avr/5.4.0/avr5\libgcc.a
LOAD c:/program files (x86)/atmel/studio/7.0/toolchain/avr8/avr8-gnu-toolchain/bin/../lib/gcc/avr/5.4.0/../../../../avr/lib/avr5\libm.a
LOAD c:/program files (x86)/atmel/studio/7.0/toolchain/avr8/avr8-gnu-toolchain/bin/../lib/gcc/avr/5.4.0/../../../../avr/lib/avr5\libc.a
LOAD C:/Program Files (x86)/Atmel/Studio/7.0/Packs/atmel/ATmega_DFP/1.6.364/gcc/dev/atmega32/avr5\libatmega32.a
END GROUP
                0x00000000                __TEXT_REGION_ORIGIN__ = DEFINED (__TEXT_REGION_ORIGIN__)?__TEXT_REGION_ORIGIN__:0x0
                [0x00800060]                __DATA_REGION_ORIGIN__ = DEFINED (__DATA_REGION_ORIGIN__)?__DATA_REGION_ORIGIN__:0x800060
                [0x00008000]                __TEXT_REGION_LENGTH__ = DEFINED (__TEXT_REGION_LENGTH__)?__TEXT_REGION_LENGTH__:0x20000
                [0x00000800]                __DATA_REGION_LENGTH__ = DEFINED (__DATA_REGION_LENGTH__)?__DATA_REGION_LENGTH__:0xffa0
                [0x00000400]                __EEPROM_REGION_LENGTH__ = DEFINED (__EEPROM_REGION_LENGTH__)?__EEPROM_REGION_LENGTH__:0x10000
                [0x00000002]                __FUSE_REGION_LENGTH__ = DEFINED (__FUSE_REGION_LENGTH__)?__FUSE_REGION_LENGTH__:0x400
                0x00000400                __LOCK_REGION_LENGTH__ = DEFINED (__LOCK_REGION_LENGTH__)?__LOCK_REGION_LENGTH__:0x400
                0x00000400                __SIGNATURE_REGION_LENGTH__ = DEFINED (__SIGNATURE_REGION_LENGTH__)?__SIGNATURE_REGION_LENGTH__:0x400
                0x00000400                __USER_SIGNATURE_REGION_LENGTH__ = DEFINED (__USER_SIGNATURE_REGION_LENGTH__)?__USER_SIGNATURE_REGION_LENGTH__:0x400

.hash
 *(.hash)

.dynsym
 *(.dynsym)

.dynstr
 *(.dynstr)

.gnu.version
 *(.gnu.version)

.gnu.version_d
 *(.gnu.version_d)

.gnu.version_r
 *(.gnu.version_r)

.rel.init
 *(.rel.init)

.rela.init
 *(.rela.init)

.rel.text
 *(.rel.text)
 *(.rel.text.*)
 *(.rel.gnu.linkonce.t*)

.rela.text
 *(.rela.text)
 *(.rela.text.*)
 *(.rela.gnu.linkonce.t*)

.rel.fini
 *(.rel.fini)

.rela.fini
 *(.rela.fini)

.rel.rodata
 *(.rel.rodata)
 *(.rel.rodata.*)
 *(.rel.gnu.linkonce.r*)

.rela.rodata
 *(.rela.rodata)
 *(.rela.rodata.*)
 *(.rela.gnu.linkonce.r*)

.rel.data
 *(.rel.data)
 *(.rel.data.*)
 *(.rel.gnu.linkonce.d*)

.rela.data
 *(.rela.data)
 *(.rela.data.*)
 *(.rela.gnu.linkonce.d*)

.rel.ctors
 *(.rel.ctors)

.rela.ctors
 *(.rela.ctors)

.rel.dtors
 *(.rel.dtors)

.rela.dtors
 *(.rela.dtors)

.rel.got
 *(.rel.got)

.rela.got
 *(.rela.got)

.rel.bss
 *(.rel.bss)

.rela.bss
 *(.rela.bss)

.rel.plt
 *(.rel.plt)

.rela.plt
 *(.rela.plt)

.text           0x00000000     0x41c6
 *(.vectors)
 .vectors       0x00000000       0x54 C:/Program Files (x86)/Atmel/Studio/7.0/Packs/atmel/ATmega_DFP/1.6.364/gcc/dev/atmega32/avr5/crtatmega32.o
                0x00000000                __vector_default
                0x00000000                __vectors
 *(.vectors)
 *(.progmem.gcc*)
 .progmem.gcc_sw_table.SWPwm_Start
                0x00000054        0xe MCAL/SWPwm Module/SWPwm.o
                0x00000062                . = ALIGN (0x2)
                0x00000062                __trampolines_start = .
 *(.trampolines)
 .trampolines   0x00000062        0x0 linker stubs
 *(.trampolines*)
                0x00000062                __trampolines_end = .
 *libprintf_flt.a:*(.progmem.data)
 *libc.a:*(.progmem.data)
 *(.progmem*)
                0x00000062                . = ALIGN (0x2)
 *(.jumptables)
 *(.jumptables*)
 *(.lowtext)
 *(.lowtext*)
                0x00000062                __ctors_start = .
 *(.ctors)
                0x00000062                __ctors_end = .
                0x00000062                __dtors_start = .
 *(.dtors)
                0x00000062                __dtors_end = .
 SORT(*)(.ctors)
 SORT(*)(.dtors)
 *(.init0)
 .init0         0x00000062        0x0 C:/Program Files (x86)/Atmel/Studio/7.0/Packs/atmel/ATmega_DFP/1.6.364/gcc/dev/atmega32/avr5/crtatmega32.o
                0x00000062                __init
 *(.init0)
 *(.init1)
 *(.init1)
 *(.init2)
 .init2         0x00000062        0xc C:/Program Files (x86)/Atmel/Studio/7.0/Packs/atmel/ATmega_DFP/1.6.364/gcc/dev/atmega32/avr5/crtatmega32.o
 *(.init2)
 *(.init3)
 *(.init3)
 *(.init4)
 .init4         0x0000006e       0x16 c:/program files (x86)/atmel/studio/7.0/toolchain/avr8/avr8-gnu-toolchain/bin/../lib/gcc/avr/5.4.0/avr5\libgcc.a(_copy_data.o)
                0x0000006e                __do_copy_data
 .init4         0x00000084       0x10 c:/program files (x86)/atmel/studio/7.0/toolchain/avr8/avr8-gnu-toolchain/bin/../lib/gcc/avr/5.4.0/avr5\libgcc.a(_clear_bss.o)
                0x00000084                __do_clear_bss
 *(.init4)
 *(.init5)
 *(.init5)
 *(.init6)
 *(.init6)
 *(.init7)
 *(.init7)
 *(.init8)
 *(.init8)
 *(.init9)
 .init9         0x00000094        0x8 C:/Program Files (x86)/Atmel/Studio/7.0/Packs/atmel/ATmega_DFP/1.6.364/gcc/dev/atmega32/avr5/crtatmega32.o
 *(.init9)
 *(.text)
 .text          0x0000009c        0x4 C:/Program Files (x86)/Atmel/Studio/7.0/Packs/atmel/ATmega_DFP/1.6.364/gcc/dev/atmega32/avr5/crtatmega32.o
                0x0000009c                __vector_17
                0x0000009c                __vector_19
                0x0000009c                __vector_18
                0x0000009c                __vector_20
                0x0000009c                __bad_interrupt
                0x000000a0                . = ALIGN (0x2)
 *(.text.*)
 .text.AppADMIN_searchPan
                0x000000a0       0x98 APPL/App.o
                0x000000a0                AppADMIN_searchPan
 .text.AppUSER_displayTemp
                0x00000138       0x7a APPL/App.o
                0x00000138                AppUSER_displayTemp
 .text.AppUSER_checkPan
                0x000001b2       0xc6 APPL/App.o
                0x000001b2                AppUSER_checkPan
 .text.AppUSER_ReportKeypad
                0x00000278      0x12a APPL/App.o
                0x00000278                AppUSER_ReportKeypad
 .text.AppUSER_startTransaction
                0x000003a2      0x22a APPL/App.o
                0x000003a2                AppUSER_startTransaction
 .text.AppUSER_checkPin
                0x000005cc      0x118 APPL/App.o
                0x000005cc                AppUSER_checkPin
 .text.AppUSER_startProcess
                0x000006e4       0xc2 APPL/App.o
                0x000006e4                AppUSER_startProcess
 .text.AppUSER_getCardData
                0x000007a6       0x78 APPL/App.o
                0x000007a6                AppUSER_getCardData
 .text.AppUSER_insertCard
                0x0000081e      0x17c APPL/App.o
                0x0000081e                AppUSER_insertCard
 .text.App_init
                0x0000099a      0x186 APPL/App.o
                0x0000099a                App_init
 .text.App_ReportTerminal
                0x00000b20       0x62 APPL/App.o
                0x00000b20                App_ReportTerminal
 .text.AppADMIN_getInput
                0x00000b82       0x52 APPL/App.o
                0x00000b82                AppADMIN_getInput
 .text.AppADMIN_getnewMaxAmount
                0x00000bd4       0x78 APPL/App.o
                0x00000bd4                AppADMIN_getnewMaxAmount
 .text.AppADMIN_getCustomerPAN
                0x00000c4c       0x90 APPL/App.o
                0x00000c4c                AppADMIN_getCustomerPAN
 .text.AppADMIN_getCustomerBalance
                0x00000cdc       0x78 APPL/App.o
                0x00000cdc                AppADMIN_getCustomerBalance
 .text.AppADMIN_processNewCustomer
                0x00000d54      0x1f6 APPL/App.o
                0x00000d54                AppADMIN_processNewCustomer
 .text.AppADMIN_processExistingCustomer
                0x00000f4a      0x1f6 APPL/App.o
                0x00000f4a                AppADMIN_processExistingCustomer
 .text.AppADMIN_getAtmPIN
                0x00001140       0x88 APPL/App.o
                0x00001140                AppADMIN_getAtmPIN
 .text.App_update
                0x000011c8      0x260 APPL/App.o
                0x000011c8                App_update
 .text.App_start
                0x00001428       0x1a APPL/App.o
                0x00001428                App_start
 .text.Button_init
                0x00001442       0x26 ECUAL/Button Module/Button.o
                0x00001442                Button_init
 .text.Button_getState
                0x00001468       0x24 ECUAL/Button Module/Button.o
                0x00001468                Button_getState
 .text.Button_updateState
                0x0000148c       0xe6 ECUAL/Button Module/Button.o
                0x0000148c                Button_updateState
 .text.EEPROM_getAddresses
                0x00001572       0x1e ECUAL/Eeprom_I2C Module/Eeprom_24.o
 .text.Eeprom_24_init
                0x00001590       0x1e ECUAL/Eeprom_I2C Module/Eeprom_24.o
                0x00001590                Eeprom_24_init
 .text.Eeprom_24_writeByte
                0x000015ae       0x78 ECUAL/Eeprom_I2C Module/Eeprom_24.o
                0x000015ae                Eeprom_24_writeByte
 .text.Eeprom_24_readByte
                0x00001626       0x82 ECUAL/Eeprom_I2C Module/Eeprom_24.o
                0x00001626                Eeprom_24_readByte
 .text.Eeprom_24_writePage
                0x000016a8       0x72 ECUAL/Eeprom_I2C Module/Eeprom_24.o
                0x000016a8                Eeprom_24_writePage
 .text.Eeprom_24_readPage
                0x0000171a       0x72 ECUAL/Eeprom_I2C Module/Eeprom_24.o
                0x0000171a                Eeprom_24_readPage
 .text.Eeprom_24_writePacket
                0x0000178c      0x1b2 ECUAL/Eeprom_I2C Module/Eeprom_24.o
                0x0000178c                Eeprom_24_writePacket
 .text.Eeprom_24_readPacket
                0x0000193e      0x174 ECUAL/Eeprom_I2C Module/Eeprom_24.o
                0x0000193e                Eeprom_24_readPacket
 .text.Keypad_init
                0x00001ab2       0x26 ECUAL/Keypad Module/Keypad.o
                0x00001ab2                Keypad_init
 .text.Keypad_readKey
                0x00001ad8       0xf4 ECUAL/Keypad Module/Keypad.o
                0x00001ad8                Keypad_readKey
 .text.Lcd_WriteData
                0x00001bcc       0x60 ECUAL/Lcd Module/Lcd.o
 .text.Lcd_EnableToggle
                0x00001c2c       0x26 ECUAL/Lcd Module/Lcd.o
 .text.Lcd_sendCommand
                0x00001c52       0x54 ECUAL/Lcd Module/Lcd.o
                0x00001c52                Lcd_sendCommand
 .text.Lcd_init
                0x00001ca6       0x6e ECUAL/Lcd Module/Lcd.o
                0x00001ca6                Lcd_init
 .text.Lcd_setCursor
                0x00001d14       0x36 ECUAL/Lcd Module/Lcd.o
                0x00001d14                Lcd_setCursor
 .text.Lcd_printChar
                0x00001d4a       0x60 ECUAL/Lcd Module/Lcd.o
                0x00001d4a                Lcd_printChar
 .text.Lcd_printString
                0x00001daa       0x28 ECUAL/Lcd Module/Lcd.o
                0x00001daa                Lcd_printString
 .text.Lcd_clear
                0x00001dd2        0xa ECUAL/Lcd Module/Lcd.o
                0x00001dd2                Lcd_clear
 .text.Lcd_printLCD
                0x00001ddc       0x52 ECUAL/Lcd Module/Lcd.o
                0x00001ddc                Lcd_printLCD
 .text.Lcd_printDecimal
                0x00001e2e       0x3c ECUAL/Lcd Module/Lcd.o
                0x00001e2e                Lcd_printDecimal
 .text.LM35_init
                0x00001e6a       0x1e ECUAL/LM35 Module/LM35.o
                0x00001e6a                LM35_init
 .text.LM35_readTemp
                0x00001e88       0x72 ECUAL/LM35 Module/LM35.o
                0x00001e88                LM35_readTemp
 .text.Motor_init
                0x00001efa       0x22 ECUAL/Motor Module/Motor.o
                0x00001efa                Motor_init
 .text.Motor_stop
                0x00001f1c       0xde ECUAL/Motor Module/Motor.o
                0x00001f1c                Motor_stop
 .text.Motor_run
                0x00001ffa       0xe0 ECUAL/Motor Module/Motor.o
                0x00001ffa                Motor_run
 .text.Uart_RXC_ISR
                0x000020da       0x82 ECUAL/Terminal Module/Terminal.o
                0x000020da                Uart_RXC_ISR
 .text.Terminal_init
                0x0000215c       0x2a ECUAL/Terminal Module/Terminal.o
                0x0000215c                Terminal_init
 .text.Terminal_Out
                0x00002186       0x36 ECUAL/Terminal Module/Terminal.o
                0x00002186                Terminal_Out
 .text.Terminal_In
                0x000021bc       0x36 ECUAL/Terminal Module/Terminal.o
                0x000021bc                Terminal_In
 .text.Terminal_enablePasswordMode
                0x000021f2        0x8 ECUAL/Terminal Module/Terminal.o
                0x000021f2                Terminal_enablePasswordMode
 .text.Terminal_disablePasswordMode
                0x000021fa        0x8 ECUAL/Terminal Module/Terminal.o
                0x000021fa                Terminal_disablePasswordMode
 .text.main     0x00002202        0x6 main.o
                0x00002202                main
 .text.Adc_init
                0x00002208       0x50 MCAL/Adc Module/Adc.o
                0x00002208                Adc_init
 .text.Adc_start
                0x00002258       0xec MCAL/Adc Module/Adc.o
                0x00002258                Adc_start
 .text.__vector_16
                0x00002344       0x4e MCAL/Adc Module/Adc.o
                0x00002344                __vector_16
 .text.Delay_ms
                0x00002392      0x132 MCAL/Delay Module/Delay.o
                0x00002392                Delay_ms
 .text.Dio_init
                0x000024c4      0x1dc MCAL/Dio Module/Dio.o
                0x000024c4                Dio_init
 .text.Dio_writePin
                0x000026a0      0x132 MCAL/Dio Module/Dio.o
                0x000026a0                Dio_writePin
 .text.Dio_togglePin
                0x000027d2       0xb0 MCAL/Dio Module/Dio.o
                0x000027d2                Dio_togglePin
 .text.Dio_readPin
                0x00002882      0x10a MCAL/Dio Module/Dio.o
                0x00002882                Dio_readPin
 .text.__vector_1
                0x0000298c       0x4e MCAL/Ext Interrupt Module/Ext_INT.o
                0x0000298c                __vector_1
 .text.__vector_2
                0x000029da       0x4e MCAL/Ext Interrupt Module/Ext_INT.o
                0x000029da                __vector_2
 .text.__vector_3
                0x00002a28       0x4e MCAL/Ext Interrupt Module/Ext_INT.o
                0x00002a28                __vector_3
 .text.Gpt_ISRHandler
                0x00002a76       0x96 MCAL/Gpt Module/Gpt.o
 .text.GptInit  0x00002b0c       0x68 MCAL/Gpt Module/Gpt.o
                0x00002b0c                GptInit
 .text.GptStart_aSync
                0x00002b74       0xbe MCAL/Gpt Module/Gpt.o
                0x00002b74                GptStart_aSync
 .text.GptStop  0x00002c32       0x5a MCAL/Gpt Module/Gpt.o
                0x00002c32                GptStop
 .text.__vector_11
                0x00002c8c       0x4a MCAL/Gpt Module/Gpt.o
                0x00002c8c                __vector_11
 .text.__vector_10
                0x00002cd6       0x4a MCAL/Gpt Module/Gpt.o
                0x00002cd6                __vector_10
 .text.__vector_9
                0x00002d20       0x4a MCAL/Gpt Module/Gpt.o
                0x00002d20                __vector_9
 .text.__vector_6
                0x00002d6a       0x4a MCAL/Gpt Module/Gpt.o
                0x00002d6a                __vector_6
 .text.__vector_7
                0x00002db4       0x4a MCAL/Gpt Module/Gpt.o
                0x00002db4                __vector_7
 .text.__vector_8
                0x00002dfe       0x4a MCAL/Gpt Module/Gpt.o
                0x00002dfe                __vector_8
 .text.__vector_4
                0x00002e48       0x4a MCAL/Gpt Module/Gpt.o
                0x00002e48                __vector_4
 .text.__vector_5
                0x00002e92       0x4a MCAL/Gpt Module/Gpt.o
                0x00002e92                __vector_5
 .text.I2C_MasterInit
                0x00002edc       0x1e MCAL/I2C Module/I2C.o
                0x00002edc                I2C_MasterInit
 .text.I2C_MasterSendSTART
                0x00002efa       0x26 MCAL/I2C Module/I2C.o
                0x00002efa                I2C_MasterSendSTART
 .text.I2C_MasterSendSlaveAddress
                0x00002f20       0x62 MCAL/I2C Module/I2C.o
                0x00002f20                I2C_MasterSendSlaveAddress
 .text.I2C_MasterSendRepSTART
                0x00002f82       0x26 MCAL/I2C Module/I2C.o
                0x00002f82                I2C_MasterSendRepSTART
 .text.I2C_MasterSendSTOP
                0x00002fa8       0x1a MCAL/I2C Module/I2C.o
                0x00002fa8                I2C_MasterSendSTOP
 .text.I2C_MasterSendByte
                0x00002fc2       0x2e MCAL/I2C Module/I2C.o
                0x00002fc2                I2C_MasterSendByte
 .text.I2C_MasterReceiveByte_ACK
                0x00002ff0       0x34 MCAL/I2C Module/I2C.o
                0x00002ff0                I2C_MasterReceiveByte_ACK
 .text.I2C_MasterReceiveByte_NACK
                0x00003024       0x34 MCAL/I2C Module/I2C.o
                0x00003024                I2C_MasterReceiveByte_NACK
 .text.I2C_MasterReceiveGeneral
                0x00003058       0xf8 MCAL/I2C Module/I2C.o
                0x00003058                I2C_MasterReceiveGeneral
 .text.I2C_MasterSendToLocation
                0x00003150       0x9e MCAL/I2C Module/I2C.o
                0x00003150                I2C_MasterSendToLocation
 .text.I2C_MasterReceiveFromLocation
                0x000031ee       0x2e MCAL/I2C Module/I2C.o
                0x000031ee                I2C_MasterReceiveFromLocation
 .text.Spi_init
                0x0000321c       0x3a MCAL/Spi Module/Spi.o
                0x0000321c                Spi_init
 .text.Spi_SlaveReceiveByte
                0x00003256       0x22 MCAL/Spi Module/Spi.o
                0x00003256                Spi_SlaveReceiveByte
 .text.Spi_SlaveReceivePacket
                0x00003278       0x5a MCAL/Spi Module/Spi.o
                0x00003278                Spi_SlaveReceivePacket
 .text.__vector_12
                0x000032d2       0x4e MCAL/Spi Module/Spi.o
                0x000032d2                __vector_12
 .text.stringLength
                0x00003320       0x18 MCAL/StringManipulation.o
                0x00003320                stringLength
 .text.stringCompare
                0x00003338       0x66 MCAL/StringManipulation.o
                0x00003338                stringCompare
 .text.EmptyString
                0x0000339e       0x18 MCAL/StringManipulation.o
                0x0000339e                EmptyString
 .text.stringCopy
                0x000033b6       0x22 MCAL/StringManipulation.o
                0x000033b6                stringCopy
 .text.integerToString
                0x000033d8       0x9c MCAL/StringManipulation.o
                0x000033d8                integerToString
 .text.stringToFloat
                0x00003474       0xfc MCAL/StringManipulation.o
                0x00003474                stringToFloat
 .text.floatToString
                0x00003570      0x11e MCAL/StringManipulation.o
                0x00003570                floatToString
 .text.waveFunction
                0x0000368e      0x110 MCAL/SWPwm Module/SWPwm.o
                0x0000368e                waveFunction
 .text.SWPwm_Init
                0x0000379e       0x38 MCAL/SWPwm Module/SWPwm.o
                0x0000379e                SWPwm_Init
 .text.SWPwm_Start
                0x000037d6      0x268 MCAL/SWPwm Module/SWPwm.o
                0x000037d6                SWPwm_Start
 .text.SWPwm_Stop
                0x00003a3e       0x90 MCAL/SWPwm Module/SWPwm.o
                0x00003a3e                SWPwm_Stop
 .text.Uart_init
                0x00003ace       0x2c MCAL/Uart Module/Uart.o
                0x00003ace                Uart_init
 .text.Uart_sendByte
                0x00003afa       0x16 MCAL/Uart Module/Uart.o
                0x00003afa                Uart_sendByte
 .text.Uart_sendPacket
                0x00003b10       0x4e MCAL/Uart Module/Uart.o
                0x00003b10                Uart_sendPacket
 .text.Uart_EnableNotification_RXC
                0x00003b5e       0x2a MCAL/Uart Module/Uart.o
                0x00003b5e                Uart_EnableNotification_RXC
 .text.Uart_DataRegister
                0x00003b88        0x4 MCAL/Uart Module/Uart.o
                0x00003b88                Uart_DataRegister
 .text.__vector_15
                0x00003b8c       0x4e MCAL/Uart Module/Uart.o
                0x00003b8c                __vector_15
 .text.__vector_13
                0x00003bda       0x4e MCAL/Uart Module/Uart.o
                0x00003bda                __vector_13
 .text.__vector_14
                0x00003c28       0x4e MCAL/Uart Module/Uart.o
                0x00003c28                __vector_14
 .text.avr-libc.fplib
                0x00003c76        0xe c:/program files (x86)/atmel/studio/7.0/toolchain/avr8/avr8-gnu-toolchain/bin/../lib/gcc/avr/5.4.0/../../../../avr/lib/avr5\libm.a(addsf3.o)
                0x00003c76                __subsf3
                0x00003c78                __addsf3
 .text.avr-libc.fplib
                0x00003c84       0xcc c:/program files (x86)/atmel/studio/7.0/toolchain/avr8/avr8-gnu-toolchain/bin/../lib/gcc/avr/5.4.0/../../../../avr/lib/avr5\libm.a(addsf3x.o)
                0x00003ca6                __addsf3x
 .text.avr-libc.fplib
                0x00003d50        0xa c:/program files (x86)/atmel/studio/7.0/toolchain/avr8/avr8-gnu-toolchain/bin/../lib/gcc/avr/5.4.0/../../../../avr/lib/avr5\libm.a(cmpsf2.o)
                0x00003d50                __nesf2
                0x00003d50                __eqsf2
                0x00003d50                __cmpsf2
                0x00003d50                __ltsf2
                0x00003d50                __lesf2
 .text.avr-libc.fplib
                0x00003d5a        0x8 c:/program files (x86)/atmel/studio/7.0/toolchain/avr8/avr8-gnu-toolchain/bin/../lib/gcc/avr/5.4.0/../../../../avr/lib/avr5\libm.a(divsf3.o)
                0x00003d5a                __divsf3
 .text.avr-libc.fplib
                0x00003d62       0xdc c:/program files (x86)/atmel/studio/7.0/toolchain/avr8/avr8-gnu-toolchain/bin/../lib/gcc/avr/5.4.0/../../../../avr/lib/avr5\libm.a(divsf3x.o)
                0x00003d82                __divsf3x
                0x00003d88                __divsf3_pse
 .text.avr-libc.fplib
                0x00003e3e       0x5e c:/program files (x86)/atmel/studio/7.0/toolchain/avr8/avr8-gnu-toolchain/bin/../lib/gcc/avr/5.4.0/../../../../avr/lib/avr5\libm.a(fixunssfsi.o)
                0x00003e3e                __fixunssfsi
 .text.avr-libc.fplib
                0x00003e9c       0x7a c:/program files (x86)/atmel/studio/7.0/toolchain/avr8/avr8-gnu-toolchain/bin/../lib/gcc/avr/5.4.0/../../../../avr/lib/avr5\libm.a(floatsisf.o)
                0x00003e9c                __floatunsisf
                0x00003ea0                __floatsisf
 .text.avr-libc.fplib
                0x00003f16       0x48 c:/program files (x86)/atmel/studio/7.0/toolchain/avr8/avr8-gnu-toolchain/bin/../lib/gcc/avr/5.4.0/../../../../avr/lib/avr5\libm.a(fp_cmp.o)
                0x00003f16                __fp_cmp
 .text.avr-libc.fplib
                0x00003f5e        0xc c:/program files (x86)/atmel/studio/7.0/toolchain/avr8/avr8-gnu-toolchain/bin/../lib/gcc/avr/5.4.0/../../../../avr/lib/avr5\libm.a(fp_inf.o)
                0x00003f5e                __fp_inf
 .text.avr-libc.fplib
                0x00003f6a        0x6 c:/program files (x86)/atmel/studio/7.0/toolchain/avr8/avr8-gnu-toolchain/bin/../lib/gcc/avr/5.4.0/../../../../avr/lib/avr5\libm.a(fp_nan.o)
                0x00003f6a                __fp_nan
 .text.avr-libc.fplib
                0x00003f70        0xe c:/program files (x86)/atmel/studio/7.0/toolchain/avr8/avr8-gnu-toolchain/bin/../lib/gcc/avr/5.4.0/../../../../avr/lib/avr5\libm.a(fp_pscA.o)
                0x00003f70                __fp_pscA
 .text.avr-libc.fplib
                0x00003f7e        0xe c:/program files (x86)/atmel/studio/7.0/toolchain/avr8/avr8-gnu-toolchain/bin/../lib/gcc/avr/5.4.0/../../../../avr/lib/avr5\libm.a(fp_pscB.o)
                0x00003f7e                __fp_pscB
 .text.avr-libc.fplib
                0x00003f8c       0x22 c:/program files (x86)/atmel/studio/7.0/toolchain/avr8/avr8-gnu-toolchain/bin/../lib/gcc/avr/5.4.0/../../../../avr/lib/avr5\libm.a(fp_round.o)
                0x00003f8c                __fp_round
 .text.avr-libc.fplib
                0x00003fae       0x44 c:/program files (x86)/atmel/studio/7.0/toolchain/avr8/avr8-gnu-toolchain/bin/../lib/gcc/avr/5.4.0/../../../../avr/lib/avr5\libm.a(fp_split3.o)
                0x00003fae                __fp_split3
                0x00003fbe                __fp_splitA
 .text.avr-libc.fplib
                0x00003ff2        0xe c:/program files (x86)/atmel/studio/7.0/toolchain/avr8/avr8-gnu-toolchain/bin/../lib/gcc/avr/5.4.0/../../../../avr/lib/avr5\libm.a(fp_zero.o)
                0x00003ff2                __fp_zero
                0x00003ff4                __fp_szero
 .text.avr-libc.fplib
                0x00004000        0x8 c:/program files (x86)/atmel/studio/7.0/toolchain/avr8/avr8-gnu-toolchain/bin/../lib/gcc/avr/5.4.0/../../../../avr/lib/avr5\libm.a(mulsf3.o)
                0x00004000                __mulsf3
 .text.avr-libc.fplib
                0x00004008       0xd2 c:/program files (x86)/atmel/studio/7.0/toolchain/avr8/avr8-gnu-toolchain/bin/../lib/gcc/avr/5.4.0/../../../../avr/lib/avr5\libm.a(mulsf3x.o)
                0x00004026                __mulsf3x
                0x0000402c                __mulsf3_pse
 .text.libgcc.div
                0x000040da       0x28 c:/program files (x86)/atmel/studio/7.0/toolchain/avr8/avr8-gnu-toolchain/bin/../lib/gcc/avr/5.4.0/avr5\libgcc.a(_divmodhi4.o)
                0x000040da                _div
                0x000040da                __divmodhi4
 .text.libgcc.div
                0x00004102       0x44 c:/program files (x86)/atmel/studio/7.0/toolchain/avr8/avr8-gnu-toolchain/bin/../lib/gcc/avr/5.4.0/avr5\libgcc.a(_udivmodsi4.o)
                0x00004102                __udivmodsi4
 .text.libgcc   0x00004146        0xc c:/program files (x86)/atmel/studio/7.0/toolchain/avr8/avr8-gnu-toolchain/bin/../lib/gcc/avr/5.4.0/avr5\libgcc.a(_tablejump2.o)
                0x00004146                __tablejump2__
 .text.libgcc.mul
                0x00004152       0x1e c:/program files (x86)/atmel/studio/7.0/toolchain/avr8/avr8-gnu-toolchain/bin/../lib/gcc/avr/5.4.0/avr5\libgcc.a(_umulhisi3.o)
                0x00004152                __umulhisi3
 .text.libgcc   0x00004170       0x18 c:/program files (x86)/atmel/studio/7.0/toolchain/avr8/avr8-gnu-toolchain/bin/../lib/gcc/avr/5.4.0/avr5\libgcc.a(_adddi3_s8.o)
                0x00004170                __adddi3_s8
 .text.libgcc   0x00004188       0x12 c:/program files (x86)/atmel/studio/7.0/toolchain/avr8/avr8-gnu-toolchain/bin/../lib/gcc/avr/5.4.0/avr5\libgcc.a(_cmpdi2.o)
                0x00004188                __cmpdi2
 .text.libgcc.div
                0x0000419a       0x28 c:/program files (x86)/atmel/studio/7.0/toolchain/avr8/avr8-gnu-toolchain/bin/../lib/gcc/avr/5.4.0/avr5\libgcc.a(_udivmodhi4.o)
                0x0000419a                __udivmodhi4
                0x000041c2                . = ALIGN (0x2)
 *(.fini9)
 .fini9         0x000041c2        0x0 c:/program files (x86)/atmel/studio/7.0/toolchain/avr8/avr8-gnu-toolchain/bin/../lib/gcc/avr/5.4.0/avr5\libgcc.a(_exit.o)
                0x000041c2                _exit
                0x000041c2                exit
 *(.fini9)
 *(.fini8)
 *(.fini8)
 *(.fini7)
 *(.fini7)
 *(.fini6)
 *(.fini6)
 *(.fini5)
 *(.fini5)
 *(.fini4)
 *(.fini4)
 *(.fini3)
 *(.fini3)
 *(.fini2)
 *(.fini2)
 *(.fini1)
 *(.fini1)
 *(.fini0)
 .fini0         0x000041c2        0x4 c:/program files (x86)/atmel/studio/7.0/toolchain/avr8/avr8-gnu-toolchain/bin/../lib/gcc/avr/5.4.0/avr5\libgcc.a(_exit.o)
 *(.fini0)
                0x000041c6                _etext = .

.data           0x00800060      0x520 load address 0x000041c6
                0x00800060                PROVIDE (__data_start, .)
 *(.data)
 *(.data*)
 .data.gu8_ATMMode
                0x00800060        0x1 APPL/App.o
 .data.enuCurrentAppStatus
                0x00800061        0x1 APPL/App.o
 .data.genu_BttnModuleState
                0x00800062        0x1 ECUAL/Button Module/Button.o
 .data.gau8_buttonsUsed
                0x00800063        0x1 ECUAL/Button Module/Button_Cfg.o
                0x00800063                gau8_buttonsUsed
 .data.genu_eepromModuleState
                0x00800064        0x1 ECUAL/Eeprom_I2C Module/Eeprom_24.o
 .data.genu_KeypadModuleState
                0x00800065        0x1 ECUAL/Keypad Module/Keypad.o
 .data.gau8_ButtonSymbols
                0x00800066       0x10 ECUAL/Keypad Module/Keypad_Cfg.o
                0x00800066                gau8_ButtonSymbols
 .data.gau8_Rows
                0x00800076        0x4 ECUAL/Keypad Module/Keypad_Cfg.o
                0x00800076                gau8_Rows
 .data.gau8_Columns
                0x0080007a        0x4 ECUAL/Keypad Module/Keypad_Cfg.o
                0x0080007a                gau8_Columns
 .data.genu_LcdModuleState
                0x0080007e        0x1 ECUAL/Lcd Module/Lcd.o
 .data.genu_LM35ModuleState
                0x0080007f        0x1 ECUAL/LM35 Module/LM35.o
 .data.gu8_MotorModuleStatus
                0x00800080        0x1 ECUAL/Motor Module/Motor.o
                0x00800080                gu8_MotorModuleStatus
 .data.genu_TerminalModuleState
                0x00800081        0x1 ECUAL/Terminal Module/Terminal.o
 .data.genuAdc_Status
                0x00800082        0x1 MCAL/Adc Module/Adc.o
 .data.str_ADCchannels
                0x00800083        0x2 MCAL/Adc Module/Adc_Cfg.o
                0x00800083                str_ADCchannels
 .data.strDio_pins
                0x00800085       0x50 MCAL/Dio Module/Dio_Cfg.o
                0x00800085                strDio_pins
 .data.genuI2C_Status
                0x008000d5        0x1 MCAL/I2C Module/I2C.o
 .data.genuSpi_Status
                0x008000d6        0x1 MCAL/Spi Module/Spi.o
 *(.gnu.linkonce.d*)
 *(.rodata)
 *(.rodata*)
 .rodata.str1.1
                0x008000d7      0x47c APPL/App.o
                                0x48a (size before relaxing)
 .rodata.cgau8_ATMString
                0x00800553        0xe APPL/App.o
                0x00800553                cgau8_ATMString
 .rodata.cgau8_LoadingString
                0x00800561        0xa APPL/App.o
                0x00800561                cgau8_LoadingString
 .rodata.ATM_DB_ATM_PIN_VAL
                0x0080056b        0x5 APPL/App.o
                0x0080056b                ATM_DB_ATM_PIN_VAL
 .rodata.cgau8_ADMIN_Word
                0x00800570        0x6 APPL/App.o
                0x00800570                cgau8_ADMIN_Word
 .rodata.str_MotorsConfig
                0x00800576        0x5 ECUAL/Motor Module/Motor_Cfg.o
                0x00800576                str_MotorsConfig
 .rodata.Timers_Configurations
                0x0080057b        0x3 MCAL/Gpt Module/Gpt_Cfg.o
                0x0080057b                Timers_Configurations
 .rodata.SWPwm_Channels
                0x0080057e        0x2 MCAL/SWPwm Module/SWPwm_Cfg.o
                0x0080057e                SWPwm_Channels
 *(.gnu.linkonce.r*)
                0x00800580                . = ALIGN (0x2)
                0x00800580                _edata = .
                0x00800580                PROVIDE (__data_end, .)

.bss            0x00800580      0x17b
                0x00800580                PROVIDE (__bss_start, .)
 *(.bss)
 *(.bss*)
 .bss.u8_passFlag.2324
                0x00800580        0x1 APPL/App.o
 .bss.sau8_data.2295
                0x00800581        0xa APPL/App.o
 .bss.u8_index.2294
                0x0080058b        0x1 APPL/App.o
 .bss.Kpd_enablePass
                0x0080058c        0x1 APPL/App.o
                0x0080058c                Kpd_enablePass
 .bss.gu8_clientIndex
                0x0080058d        0x1 APPL/App.o
                0x0080058d                gu8_clientIndex
 .bss.gau8_maxAmount
                0x0080058e        0x8 APPL/App.o
                0x0080058e                gau8_maxAmount
 .bss.gu8_ATMPin
                0x00800596        0x5 APPL/App.o
                0x00800596                gu8_ATMPin
 .bss.gu8_registeredAccNum
                0x0080059b        0x1 APPL/App.o
                0x0080059b                gu8_registeredAccNum
 .bss.gu8_initData
                0x0080059c        0x1 APPL/App.o
                0x0080059c                gu8_initData
 .bss.gstr_clientdata
                0x0080059d       0x12 APPL/App.o
                0x0080059d                gstr_clientdata
 .bss.gstr_userCardData
                0x008005af       0x19 APPL/App.o
 .bss.gu8_displayFlag
                0x008005c8        0x1 APPL/App.o
                0x008005c8                gu8_displayFlag
 .bss.gu8_ADMIN_Request
                0x008005c9        0x1 APPL/App.o
 .bss.gu8_USER_Mode_State
                0x008005ca        0x1 APPL/App.o
 .bss.gu8_ButtonsState
                0x008005cb        0x1 ECUAL/Button Module/Button.o
 .bss.gau8_MotorsState
                0x008005cc        0x1 ECUAL/Motor Module/Motor.o
                0x008005cc                gau8_MotorsState
 .bss.gu8_flag  0x008005cd        0x1 ECUAL/Terminal Module/Terminal.o
                0x008005cd                gu8_flag
 .bss.gu8_counter
                0x008005ce        0x1 ECUAL/Terminal Module/Terminal.o
                0x008005ce                gu8_counter
 .bss.gau8_data
                0x008005cf       0xff ECUAL/Terminal Module/Terminal.o
                0x008005cf                gau8_data
 .bss.gu8_visibility
                0x008006ce        0x1 ECUAL/Terminal Module/Terminal.o
 .bss.ADC_CallBackPtr
                0x008006cf        0x2 MCAL/Adc Module/Adc.o
 .bss.u8_Dio_Status
                0x008006d1        0x1 MCAL/Dio Module/Dio.o
 .bss.pstrDio_pinsConfig
                0x008006d2        0x2 MCAL/Dio Module/Dio.o
 .bss.INT2_CallBackPtr
                0x008006d4        0x2 MCAL/Ext Interrupt Module/Ext_INT.o
 .bss.INT1_CallBackPtr
                0x008006d6        0x2 MCAL/Ext Interrupt Module/Ext_INT.o
 .bss.INT0_CallBackPtr
                0x008006d8        0x2 MCAL/Ext Interrupt Module/Ext_INT.o
 .bss.genu_GPTModStatus
                0x008006da        0x1 MCAL/Gpt Module/Gpt.o
                0x008006da                genu_GPTModStatus
 .bss.u32_Channels_ISR_Count
                0x008006db        0x4 MCAL/Gpt Module/Gpt.o
                0x008006db                u32_Channels_ISR_Count
 .bss.enuChannelsState
                0x008006df        0x1 MCAL/Gpt Module/Gpt.o
                0x008006df                enuChannelsState
 .bss.Gpt_Timer0_CallBackPtr
                0x008006e0        0x2 MCAL/Gpt Module/Gpt.o
 .bss.SPI_STC_CallBackPtr
                0x008006e2        0x2 MCAL/Spi Module/Spi.o
 .bss.genu_SWPwmModStatus
                0x008006e4        0x1 MCAL/SWPwm Module/SWPwm.o
                0x008006e4                genu_SWPwmModStatus
 .bss.gu8_currentPwmChannel
                0x008006e5        0x1 MCAL/SWPwm Module/SWPwm.o
                0x008006e5                gu8_currentPwmChannel
 .bss.gstr_ChannelsData
                0x008006e6        0xe MCAL/SWPwm Module/SWPwm.o
                0x008006e6                gstr_ChannelsData
 .bss.u8_Uart_Status
                0x008006f4        0x1 MCAL/Uart Module/Uart.o
 .bss.Uart_UDRE_CallBackPtr
                0x008006f5        0x2 MCAL/Uart Module/Uart.o
 .bss.Uart_RXC_CallBackPtr
                0x008006f7        0x2 MCAL/Uart Module/Uart.o
 .bss.Uart_TXC_CallBackPtr
                0x008006f9        0x2 MCAL/Uart Module/Uart.o
 *(COMMON)
                0x008006fb                PROVIDE (__bss_end, .)
                0x000041c6                __data_load_start = LOADADDR (.data)
                0x000046e6                __data_load_end = (__data_load_start + SIZEOF (.data))

.noinit         0x008006fb        0x0
                [!provide]                PROVIDE (__noinit_start, .)
 *(.noinit*)
                [!provide]                PROVIDE (__noinit_end, .)
                0x008006fb                _end = .
                [!provide]                PROVIDE (__heap_start, .)

.eeprom         0x00810000        0x0
 *(.eeprom*)
                0x00810000                __eeprom_end = .

.fuse
 *(.fuse)
 *(.lfuse)
 *(.hfuse)
 *(.efuse)

.lock
 *(.lock*)

.signature
 *(.signature*)

.user_signatures
 *(.user_signatures*)

.stab
 *(.stab)

.stabstr
 *(.stabstr)

.stab.excl
 *(.stab.excl)

.stab.exclstr
 *(.stab.exclstr)

.stab.index
 *(.stab.index)

.stab.indexstr
 *(.stab.indexstr)

.comment        0x00000000       0x30
 *(.comment)
 .comment       0x00000000       0x30 APPL/App.o
                                 0x31 (size before relaxing)
 .comment       0x00000030       0x31 ECUAL/Button Module/Button.o
 .comment       0x00000030       0x31 ECUAL/Button Module/Button_Cfg.o
 .comment       0x00000030       0x31 ECUAL/Eeprom_I2C Module/Eeprom_24.o
 .comment       0x00000030       0x31 ECUAL/Keypad Module/Keypad.o
 .comment       0x00000030       0x31 ECUAL/Keypad Module/Keypad_Cfg.o
 .comment       0x00000030       0x31 ECUAL/Lcd Module/Lcd.o
 .comment       0x00000030       0x31 ECUAL/LM35 Module/LM35.o
 .comment       0x00000030       0x31 ECUAL/Motor Module/Motor.o
 .comment       0x00000030       0x31 ECUAL/Motor Module/Motor_Cfg.o
 .comment       0x00000030       0x31 ECUAL/Terminal Module/Terminal.o
 .comment       0x00000030       0x31 main.o
 .comment       0x00000030       0x31 MCAL/Adc Module/Adc.o
 .comment       0x00000030       0x31 MCAL/Adc Module/Adc_Cfg.o
 .comment       0x00000030       0x31 MCAL/Delay Module/Delay.o
 .comment       0x00000030       0x31 MCAL/Dio Module/Dio.o
 .comment       0x00000030       0x31 MCAL/Dio Module/Dio_Cfg.o
 .comment       0x00000030       0x31 MCAL/Ext Interrupt Module/Ext_INT.o
 .comment       0x00000030       0x31 MCAL/Gpt Module/Gpt.o
 .comment       0x00000030       0x31 MCAL/Gpt Module/Gpt_Cfg.o
 .comment       0x00000030       0x31 MCAL/I2C Module/I2C.o
 .comment       0x00000030       0x31 MCAL/Spi Module/Spi.o
 .comment       0x00000030       0x31 MCAL/StringManipulation.o
 .comment       0x00000030       0x31 MCAL/SWPwm Module/SWPwm.o
 .comment       0x00000030       0x31 MCAL/SWPwm Module/SWPwm_Cfg.o
 .comment       0x00000030       0x31 MCAL/Uart Module/Uart.o

.note.gnu.avr.deviceinfo
                0x00000000       0x3c
 .note.gnu.avr.deviceinfo
                0x00000000       0x3c C:/Program Files (x86)/Atmel/Studio/7.0/Packs/atmel/ATmega_DFP/1.6.364/gcc/dev/atmega32/avr5/crtatmega32.o

.note.gnu.build-id
 *(.note.gnu.build-id)

.debug
 *(.debug)

.line
 *(.line)

.debug_srcinfo
 *(.debug_srcinfo)

.debug_sfnames
 *(.debug_sfnames)

.debug_aranges  0x00000000      0x700
 *(.debug_aranges)
 .debug_aranges
                0x00000000       0xc0 APPL/App.o
 .debug_aranges
                0x000000c0       0x30 ECUAL/Button Module/Button.o
 .debug_aranges
                0x000000f0       0x18 ECUAL/Button Module/Button_Cfg.o
 .debug_aranges
                0x00000108       0x58 ECUAL/Eeprom_I2C Module/Eeprom_24.o
 .debug_aranges
                0x00000160       0x28 ECUAL/Keypad Module/Keypad.o
 .debug_aranges
                0x00000188       0x18 ECUAL/Keypad Module/Keypad_Cfg.o
 .debug_aranges
                0x000001a0       0x88 ECUAL/Lcd Module/Lcd.o
 .debug_aranges
                0x00000228       0x28 ECUAL/LM35 Module/LM35.o
 .debug_aranges
                0x00000250       0x30 ECUAL/Motor Module/Motor.o
 .debug_aranges
                0x00000280       0x18 ECUAL/Motor Module/Motor_Cfg.o
 .debug_aranges
                0x00000298       0x48 ECUAL/Terminal Module/Terminal.o
 .debug_aranges
                0x000002e0       0x20 main.o
 .debug_aranges
                0x00000300       0x48 MCAL/Adc Module/Adc.o
 .debug_aranges
                0x00000348       0x18 MCAL/Adc Module/Adc_Cfg.o
 .debug_aranges
                0x00000360       0x30 MCAL/Delay Module/Delay.o
 .debug_aranges
                0x00000390       0x38 MCAL/Dio Module/Dio.o
 .debug_aranges
                0x000003c8       0x18 MCAL/Dio Module/Dio_Cfg.o
 .debug_aranges
                0x000003e0       0x60 MCAL/Ext Interrupt Module/Ext_INT.o
 .debug_aranges
                0x00000440       0x80 MCAL/Gpt Module/Gpt.o
 .debug_aranges
                0x000004c0       0x18 MCAL/Gpt Module/Gpt_Cfg.o
 .debug_aranges
                0x000004d8       0x88 MCAL/I2C Module/I2C.o
 .debug_aranges
                0x00000560       0x58 MCAL/Spi Module/Spi.o
 .debug_aranges
                0x000005b8       0x78 MCAL/StringManipulation.o
 .debug_aranges
                0x00000630       0x38 MCAL/SWPwm Module/SWPwm.o
 .debug_aranges
                0x00000668       0x18 MCAL/SWPwm Module/SWPwm_Cfg.o
 .debug_aranges
                0x00000680       0x80 MCAL/Uart Module/Uart.o

.debug_pubnames
 *(.debug_pubnames)

.debug_info     0x00000000     0x7811
 *(.debug_info .gnu.linkonce.wi.*)
 .debug_info    0x00000000      0x4e6 C:/Program Files (x86)/Atmel/Studio/7.0/Packs/atmel/ATmega_DFP/1.6.364/gcc/dev/atmega32/avr5/crtatmega32.o
 .debug_info    0x000004e6     0x24e9 APPL/App.o
 .debug_info    0x000029cf      0x327 ECUAL/Button Module/Button.o
 .debug_info    0x00002cf6       0x98 ECUAL/Button Module/Button_Cfg.o
 .debug_info    0x00002d8e      0x8dd ECUAL/Eeprom_I2C Module/Eeprom_24.o
 .debug_info    0x0000366b      0x30a ECUAL/Keypad Module/Keypad.o
 .debug_info    0x00003975       0xd2 ECUAL/Keypad Module/Keypad_Cfg.o
 .debug_info    0x00003a47      0x893 ECUAL/Lcd Module/Lcd.o
 .debug_info    0x000042da      0x1c0 ECUAL/LM35 Module/LM35.o
 .debug_info    0x0000449a      0x379 ECUAL/Motor Module/Motor.o
 .debug_info    0x00004813       0xf9 ECUAL/Motor Module/Motor_Cfg.o
 .debug_info    0x0000490c      0x38b ECUAL/Terminal Module/Terminal.o
 .debug_info    0x00004c97       0xb4 main.o
 .debug_info    0x00004d4b      0x2ec MCAL/Adc Module/Adc.o
 .debug_info    0x00005037       0xc8 MCAL/Adc Module/Adc_Cfg.o
 .debug_info    0x000050ff      0x138 MCAL/Delay Module/Delay.o
 .debug_info    0x00005237      0x247 MCAL/Dio Module/Dio.o
 .debug_info    0x0000547e      0x108 MCAL/Dio Module/Dio_Cfg.o
 .debug_info    0x00005586      0x1fd MCAL/Ext Interrupt Module/Ext_INT.o
 .debug_info    0x00005783      0x54f MCAL/Gpt Module/Gpt.o
 .debug_info    0x00005cd2      0x169 MCAL/Gpt Module/Gpt_Cfg.o
 .debug_info    0x00005e3b      0x68d MCAL/I2C Module/I2C.o
 .debug_info    0x000064c8      0x269 MCAL/Spi Module/Spi.o
 .debug_info    0x00006731      0x5fd MCAL/StringManipulation.o
 .debug_info    0x00006d2e      0x627 MCAL/SWPwm Module/SWPwm.o
 .debug_info    0x00007355       0xd2 MCAL/SWPwm Module/SWPwm_Cfg.o
 .debug_info    0x00007427      0x3ea MCAL/Uart Module/Uart.o

.debug_abbrev   0x00000000     0x1e86
 *(.debug_abbrev)
 .debug_abbrev  0x00000000      0x4a3 C:/Program Files (x86)/Atmel/Studio/7.0/Packs/atmel/ATmega_DFP/1.6.364/gcc/dev/atmega32/avr5/crtatmega32.o
 .debug_abbrev  0x000004a3      0x1e6 APPL/App.o
 .debug_abbrev  0x00000689      0x143 ECUAL/Button Module/Button.o
 .debug_abbrev  0x000007cc       0x4b ECUAL/Button Module/Button_Cfg.o
 .debug_abbrev  0x00000817      0x17f ECUAL/Eeprom_I2C Module/Eeprom_24.o
 .debug_abbrev  0x00000996      0x134 ECUAL/Keypad Module/Keypad.o
 .debug_abbrev  0x00000aca       0x4b ECUAL/Keypad Module/Keypad_Cfg.o
 .debug_abbrev  0x00000b15      0x19e ECUAL/Lcd Module/Lcd.o
 .debug_abbrev  0x00000cb3       0xd9 ECUAL/LM35 Module/LM35.o
 .debug_abbrev  0x00000d8c      0x134 ECUAL/Motor Module/Motor.o
 .debug_abbrev  0x00000ec0       0x6e ECUAL/Motor Module/Motor_Cfg.o
 .debug_abbrev  0x00000f2e      0x14c ECUAL/Terminal Module/Terminal.o
 .debug_abbrev  0x0000107a       0x68 main.o
 .debug_abbrev  0x000010e2      0x13b MCAL/Adc Module/Adc.o
 .debug_abbrev  0x0000121d       0x67 MCAL/Adc Module/Adc_Cfg.o
 .debug_abbrev  0x00001284       0xa7 MCAL/Delay Module/Delay.o
 .debug_abbrev  0x0000132b       0xc3 MCAL/Dio Module/Dio.o
 .debug_abbrev  0x000013ee       0x7f MCAL/Dio Module/Dio_Cfg.o
 .debug_abbrev  0x0000146d       0x9d MCAL/Ext Interrupt Module/Ext_INT.o
 .debug_abbrev  0x0000150a      0x1a4 MCAL/Gpt Module/Gpt.o
 .debug_abbrev  0x000016ae       0x86 MCAL/Gpt Module/Gpt_Cfg.o
 .debug_abbrev  0x00001734      0x137 MCAL/I2C Module/I2C.o
 .debug_abbrev  0x0000186b      0x149 MCAL/Spi Module/Spi.o
 .debug_abbrev  0x000019b4      0x174 MCAL/StringManipulation.o
 .debug_abbrev  0x00001b28      0x16a MCAL/SWPwm Module/SWPwm.o
 .debug_abbrev  0x00001c92       0x6e MCAL/SWPwm Module/SWPwm_Cfg.o
 .debug_abbrev  0x00001d00      0x186 MCAL/Uart Module/Uart.o

.debug_line     0x00000000     0x474f
 *(.debug_line .debug_line.* .debug_line_end)
 .debug_line    0x00000000      0x116 C:/Program Files (x86)/Atmel/Studio/7.0/Packs/atmel/ATmega_DFP/1.6.364/gcc/dev/atmega32/avr5/crtatmega32.o
 .debug_line    0x00000116     0x1209 APPL/App.o
 .debug_line    0x0000131f      0x1f9 ECUAL/Button Module/Button.o
 .debug_line    0x00001518       0x85 ECUAL/Button Module/Button_Cfg.o
 .debug_line    0x0000159d      0x4bd ECUAL/Eeprom_I2C Module/Eeprom_24.o
 .debug_line    0x00001a5a      0x1b8 ECUAL/Keypad Module/Keypad.o
 .debug_line    0x00001c12       0x85 ECUAL/Keypad Module/Keypad_Cfg.o
 .debug_line    0x00001c97      0x469 ECUAL/Lcd Module/Lcd.o
 .debug_line    0x00002100      0x139 ECUAL/LM35 Module/LM35.o
 .debug_line    0x00002239      0x247 ECUAL/Motor Module/Motor.o
 .debug_line    0x00002480       0x8d ECUAL/Motor Module/Motor_Cfg.o
 .debug_line    0x0000250d      0x296 ECUAL/Terminal Module/Terminal.o
 .debug_line    0x000027a3       0x52 main.o
 .debug_line    0x000027f5      0x278 MCAL/Adc Module/Adc.o
 .debug_line    0x00002a6d       0x6d MCAL/Adc Module/Adc_Cfg.o
 .debug_line    0x00002ada       0xd4 MCAL/Delay Module/Delay.o
 .debug_line    0x00002bae      0x2f6 MCAL/Dio Module/Dio.o
 .debug_line    0x00002ea4       0x6d MCAL/Dio Module/Dio_Cfg.o
 .debug_line    0x00002f11      0x15c MCAL/Ext Interrupt Module/Ext_INT.o
 .debug_line    0x0000306d      0x39c MCAL/Gpt Module/Gpt.o
 .debug_line    0x00003409       0x6d MCAL/Gpt Module/Gpt_Cfg.o
 .debug_line    0x00003476      0x5aa MCAL/I2C Module/I2C.o
 .debug_line    0x00003a20      0x22e MCAL/Spi Module/Spi.o
 .debug_line    0x00003c4e      0x4a3 MCAL/StringManipulation.o
 .debug_line    0x000040f1      0x2ce MCAL/SWPwm Module/SWPwm.o
 .debug_line    0x000043bf       0x75 MCAL/SWPwm Module/SWPwm_Cfg.o
 .debug_line    0x00004434      0x31b MCAL/Uart Module/Uart.o

.debug_frame    0x00000000     0x16e8
 *(.debug_frame)
 .debug_frame   0x00000000      0x300 APPL/App.o
 .debug_frame   0x00000300       0x60 ECUAL/Button Module/Button.o
 .debug_frame   0x00000360      0x1a4 ECUAL/Eeprom_I2C Module/Eeprom_24.o
 .debug_frame   0x00000504       0x6c ECUAL/Keypad Module/Keypad.o
 .debug_frame   0x00000570      0x15c ECUAL/Lcd Module/Lcd.o
 .debug_frame   0x000006cc       0x50 ECUAL/LM35 Module/LM35.o
 .debug_frame   0x0000071c       0x84 ECUAL/Motor Module/Motor.o
 .debug_frame   0x000007a0       0x8c ECUAL/Terminal Module/Terminal.o
 .debug_frame   0x0000082c       0x24 main.o
 .debug_frame   0x00000850       0xfc MCAL/Adc Module/Adc.o
 .debug_frame   0x0000094c       0xa4 MCAL/Delay Module/Delay.o
 .debug_frame   0x000009f0       0x54 MCAL/Dio Module/Dio.o
 .debug_frame   0x00000a44      0x17c MCAL/Ext Interrupt Module/Ext_INT.o
 .debug_frame   0x00000bc0      0x344 MCAL/Gpt Module/Gpt.o
 .debug_frame   0x00000f04      0x210 MCAL/I2C Module/I2C.o
 .debug_frame   0x00001114      0x100 MCAL/Spi Module/Spi.o
 .debug_frame   0x00001214      0x214 MCAL/StringManipulation.o
 .debug_frame   0x00001428       0xc4 MCAL/SWPwm Module/SWPwm.o
 .debug_frame   0x000014ec      0x1fc MCAL/Uart Module/Uart.o

.debug_str      0x00000000     0x2c90
 *(.debug_str)
 .debug_str     0x00000000      0x196 C:/Program Files (x86)/Atmel/Studio/7.0/Packs/atmel/ATmega_DFP/1.6.364/gcc/dev/atmega32/avr5/crtatmega32.o
 .debug_str     0x00000196      0xff7 APPL/App.o
                               0x1034 (size before relaxing)
 .debug_str     0x0000118d      0x216 ECUAL/Button Module/Button.o
                                0x47f (size before relaxing)
 .debug_str     0x000013a3       0x24 ECUAL/Button Module/Button_Cfg.o
                                0x1c7 (size before relaxing)
 .debug_str     0x000013c7      0x317 ECUAL/Eeprom_I2C Module/Eeprom_24.o
                                0x5c8 (size before relaxing)
 .debug_str     0x000016de       0x8b ECUAL/Keypad Module/Keypad.o
                                0x496 (size before relaxing)
 .debug_str     0x00001769       0x24 ECUAL/Keypad Module/Keypad_Cfg.o
                                0x1e0 (size before relaxing)
 .debug_str     0x0000178d      0x104 ECUAL/Lcd Module/Lcd.o
                                0x52d (size before relaxing)
 .debug_str     0x00001891      0x13f ECUAL/LM35 Module/LM35.o
                                0x39a (size before relaxing)
 .debug_str     0x000019d0      0x1a8 ECUAL/Motor Module/Motor.o
                                0x43a (size before relaxing)
 .debug_str     0x00001b78       0x22 ECUAL/Motor Module/Motor_Cfg.o
                                0x221 (size before relaxing)
 .debug_str     0x00001b9a      0x1ce ECUAL/Terminal Module/Terminal.o
                                0x493 (size before relaxing)
 .debug_str     0x00001d68       0x11 main.o
                                0x1a5 (size before relaxing)
 .debug_str     0x00001d79      0x10e MCAL/Adc Module/Adc.o
                                0x3ab (size before relaxing)
 .debug_str     0x00001e87       0x1d MCAL/Adc Module/Adc_Cfg.o
                                0x1e0 (size before relaxing)
 .debug_str     0x00001ea4       0x5a MCAL/Delay Module/Delay.o
                                0x1ed (size before relaxing)
 .debug_str     0x00001efe       0x62 MCAL/Dio Module/Dio.o
                                0x375 (size before relaxing)
 .debug_str     0x00001f60       0x1d MCAL/Dio Module/Dio_Cfg.o
                                0x232 (size before relaxing)
 .debug_str     0x00001f7d       0xe7 MCAL/Ext Interrupt Module/Ext_INT.o
                                0x270 (size before relaxing)
 .debug_str     0x00002064      0x474 MCAL/Gpt Module/Gpt.o
                                0x62e (size before relaxing)
 .debug_str     0x000024d8       0x1d MCAL/Gpt Module/Gpt_Cfg.o
                                0x358 (size before relaxing)
 .debug_str     0x000024f5      0x18f MCAL/I2C Module/I2C.o
                                0x505 (size before relaxing)
 .debug_str     0x00002684       0xf5 MCAL/Spi Module/Spi.o
                                0x394 (size before relaxing)
 .debug_str     0x00002779      0x14f MCAL/StringManipulation.o
                                0x39a (size before relaxing)
 .debug_str     0x000028c8      0x207 MCAL/SWPwm Module/SWPwm.o
                                0x8b7 (size before relaxing)
 .debug_str     0x00002acf       0x21 MCAL/SWPwm Module/SWPwm_Cfg.o
                                0x1fb (size before relaxing)
 .debug_str     0x00002af0      0x1a0 MCAL/Uart Module/Uart.o
                                0x48e (size before relaxing)

.debug_loc      0x00000000     0x6280
 *(.debug_loc)
 .debug_loc     0x00000000      0xe87 APPL/App.o
 .debug_loc     0x00000e87      0x1bf ECUAL/Button Module/Button.o
 .debug_loc     0x00001046      0xb2c ECUAL/Eeprom_I2C Module/Eeprom_24.o
 .debug_loc     0x00001b72      0x18f ECUAL/Keypad Module/Keypad.o
 .debug_loc     0x00001d01      0x43a ECUAL/Lcd Module/Lcd.o
 .debug_loc     0x0000213b       0xb8 ECUAL/LM35 Module/LM35.o
 .debug_loc     0x000021f3      0x265 ECUAL/Motor Module/Motor.o
 .debug_loc     0x00002458      0x136 ECUAL/Terminal Module/Terminal.o
 .debug_loc     0x0000258e      0x3c2 MCAL/Adc Module/Adc.o
 .debug_loc     0x00002950      0x2f4 MCAL/Delay Module/Delay.o
 .debug_loc     0x00002c44      0x178 MCAL/Dio Module/Dio.o
 .debug_loc     0x00002dbc      0x2c4 MCAL/Ext Interrupt Module/Ext_INT.o
 .debug_loc     0x00003080      0x99b MCAL/Gpt Module/Gpt.o
 .debug_loc     0x00003a1b      0xcbb MCAL/I2C Module/I2C.o
 .debug_loc     0x000046d6      0x2ad MCAL/Spi Module/Spi.o
 .debug_loc     0x00004983      0xe10 MCAL/StringManipulation.o
 .debug_loc     0x00005793      0x4c2 MCAL/SWPwm Module/SWPwm.o
 .debug_loc     0x00005c55      0x62b MCAL/Uart Module/Uart.o

.debug_macinfo
 *(.debug_macinfo)

.debug_weaknames
 *(.debug_weaknames)

.debug_funcnames
 *(.debug_funcnames)

.debug_typenames
 *(.debug_typenames)

.debug_varnames
 *(.debug_varnames)

.debug_pubtypes
 *(.debug_pubtypes)

.debug_ranges   0x00000000      0x600
 *(.debug_ranges)
 .debug_ranges  0x00000000      0x128 APPL/App.o
 .debug_ranges  0x00000128       0x20 ECUAL/Button Module/Button.o
 .debug_ranges  0x00000148       0xa8 ECUAL/Eeprom_I2C Module/Eeprom_24.o
 .debug_ranges  0x000001f0       0x18 ECUAL/Keypad Module/Keypad.o
 .debug_ranges  0x00000208       0x78 ECUAL/Lcd Module/Lcd.o
 .debug_ranges  0x00000280       0x18 ECUAL/LM35 Module/LM35.o
 .debug_ranges  0x00000298       0x20 ECUAL/Motor Module/Motor.o
 .debug_ranges  0x000002b8       0x38 ECUAL/Terminal Module/Terminal.o
 .debug_ranges  0x000002f0       0x10 main.o
 .debug_ranges  0x00000300       0x38 MCAL/Adc Module/Adc.o
 .debug_ranges  0x00000338       0x20 MCAL/Delay Module/Delay.o
 .debug_ranges  0x00000358       0x28 MCAL/Dio Module/Dio.o
 .debug_ranges  0x00000380       0x50 MCAL/Ext Interrupt Module/Ext_INT.o
 .debug_ranges  0x000003d0       0x70 MCAL/Gpt Module/Gpt.o
 .debug_ranges  0x00000440       0x78 MCAL/I2C Module/I2C.o
 .debug_ranges  0x000004b8       0x48 MCAL/Spi Module/Spi.o
 .debug_ranges  0x00000500       0x68 MCAL/StringManipulation.o
 .debug_ranges  0x00000568       0x28 MCAL/SWPwm Module/SWPwm.o
 .debug_ranges  0x00000590       0x70 MCAL/Uart Module/Uart.o

.debug_macro
 *(.debug_macro)
OUTPUT(ATM.elf elf32-avr)
LOAD linker stubs
