Archive member included to satisfy reference by file (symbol)

c:/program files (x86)/atmel/studio/7.0/toolchain/avr8/avr8-gnu-toolchain/bin/../lib/gcc/avr/5.4.0/avr5\libgcc.a(_divmodhi4.o)
                              MCAL/StringManipulation.o (__divmodhi4)
c:/program files (x86)/atmel/studio/7.0/toolchain/avr8/avr8-gnu-toolchain/bin/../lib/gcc/avr/5.4.0/avr5\libgcc.a(_exit.o)
                              C:/Program Files (x86)/Atmel/Studio/7.0/Packs/atmel/ATmega_DFP/1.6.364/gcc/dev/atmega32/avr5/crtatmega32.o (exit)
c:/program files (x86)/atmel/studio/7.0/toolchain/avr8/avr8-gnu-toolchain/bin/../lib/gcc/avr/5.4.0/avr5\libgcc.a(_copy_data.o)
                              APPL/App.o (__do_copy_data)
c:/program files (x86)/atmel/studio/7.0/toolchain/avr8/avr8-gnu-toolchain/bin/../lib/gcc/avr/5.4.0/avr5\libgcc.a(_clear_bss.o)
                              APPL/App.o (__do_clear_bss)
c:/program files (x86)/atmel/studio/7.0/toolchain/avr8/avr8-gnu-toolchain/bin/../lib/gcc/avr/5.4.0/avr5\libgcc.a(_umulhisi3.o)
                              MCAL/StringManipulation.o (__umulhisi3)
c:/program files (x86)/atmel/studio/7.0/toolchain/avr8/avr8-gnu-toolchain/bin/../lib/gcc/avr/5.4.0/avr5\libgcc.a(_muluhisi3.o)
                              MCAL/StringManipulation.o (__muluhisi3)
c:/program files (x86)/atmel/studio/7.0/toolchain/avr8/avr8-gnu-toolchain/bin/../lib/gcc/avr/5.4.0/avr5\libgcc.a(_mulshisi3.o)
                              MCAL/StringManipulation.o (__mulshisi3)
c:/program files (x86)/atmel/studio/7.0/toolchain/avr8/avr8-gnu-toolchain/bin/../lib/gcc/avr/5.4.0/avr5\libgcc.a(_adddi3_s8.o)
                              MCAL/Delay Module/Delay.o (__adddi3_s8)
c:/program files (x86)/atmel/studio/7.0/toolchain/avr8/avr8-gnu-toolchain/bin/../lib/gcc/avr/5.4.0/avr5\libgcc.a(_cmpdi2.o)
                              MCAL/Delay Module/Delay.o (__cmpdi2)
c:/program files (x86)/atmel/studio/7.0/toolchain/avr8/avr8-gnu-toolchain/bin/../lib/gcc/avr/5.4.0/avr5\libgcc.a(_cmpdi2_s8.o)
                              MCAL/Delay Module/Delay.o (__cmpdi2_s8)
c:/program files (x86)/atmel/studio/7.0/toolchain/avr8/avr8-gnu-toolchain/bin/../lib/gcc/avr/5.4.0/avr5\libgcc.a(_udivmodhi4.o)
                              c:/program files (x86)/atmel/studio/7.0/toolchain/avr8/avr8-gnu-toolchain/bin/../lib/gcc/avr/5.4.0/avr5\libgcc.a(_divmodhi4.o) (__udivmodhi4)

Discarded input sections

 .data          0x00000000        0x0 C:/Program Files (x86)/Atmel/Studio/7.0/Packs/atmel/ATmega_DFP/1.6.364/gcc/dev/atmega32/avr5/crtatmega32.o
 .bss           0x00000000        0x0 C:/Program Files (x86)/Atmel/Studio/7.0/Packs/atmel/ATmega_DFP/1.6.364/gcc/dev/atmega32/avr5/crtatmega32.o
 .text          0x00000000        0x0 APPL/App.o
 .data          0x00000000        0x0 APPL/App.o
 .bss           0x00000000        0x0 APPL/App.o
 .rodata.cgu8_ATM_SPI_CARD_Busy
                0x00000000        0x3 APPL/App.o
 .text          0x00000000        0x0 ECUAL/Eeprom_I2C Module/Eeprom_24.o
 .data          0x00000000        0x0 ECUAL/Eeprom_I2C Module/Eeprom_24.o
 .bss           0x00000000        0x0 ECUAL/Eeprom_I2C Module/Eeprom_24.o
 .text.Eeprom_24_readPage
                0x00000000       0x72 ECUAL/Eeprom_I2C Module/Eeprom_24.o
 .text.Eeprom_24_writePacket
                0x00000000      0x158 ECUAL/Eeprom_I2C Module/Eeprom_24.o
 .text.Eeprom_24_readPacket
                0x00000000      0x158 ECUAL/Eeprom_I2C Module/Eeprom_24.o
 .text          0x00000000        0x0 ECUAL/Terminal Module/Terminal.o
 .data          0x00000000        0x0 ECUAL/Terminal Module/Terminal.o
 .bss           0x00000000        0x0 ECUAL/Terminal Module/Terminal.o
 .text          0x00000000        0x0 main.o
 .data          0x00000000        0x0 main.o
 .bss           0x00000000        0x0 main.o
 .text          0x00000000        0x0 MCAL/Delay Module/Delay.o
 .data          0x00000000        0x0 MCAL/Delay Module/Delay.o
 .bss           0x00000000        0x0 MCAL/Delay Module/Delay.o
 .text.Delay_us
                0x00000000        0x2 MCAL/Delay Module/Delay.o
 .text.Delay_s  0x00000000        0x2 MCAL/Delay Module/Delay.o
 .text          0x00000000        0x0 MCAL/Ext Interrupt Module/Ext_INT.o
 .data          0x00000000        0x0 MCAL/Ext Interrupt Module/Ext_INT.o
 .bss           0x00000000        0x0 MCAL/Ext Interrupt Module/Ext_INT.o
 .text.Ext_INT1_init
                0x00000000       0x18 MCAL/Ext Interrupt Module/Ext_INT.o
 .text.Ext_INT2_init
                0x00000000        0x8 MCAL/Ext Interrupt Module/Ext_INT.o
 .text.INT1_setCallBack
                0x00000000        0xa MCAL/Ext Interrupt Module/Ext_INT.o
 .text.INT2_setCallBack
                0x00000000        0xa MCAL/Ext Interrupt Module/Ext_INT.o
 .text          0x00000000        0x0 MCAL/I2C Module/I2C.o
 .data          0x00000000        0x0 MCAL/I2C Module/I2C.o
 .bss           0x00000000        0x0 MCAL/I2C Module/I2C.o
 .text.I2C_MasterSendPacket
                0x00000000       0x94 MCAL/I2C Module/I2C.o
 .text.I2C_MasterReceivePacket
                0x00000000       0x90 MCAL/I2C Module/I2C.o
 .text          0x00000000        0x0 MCAL/Spi Module/Spi.o
 .data          0x00000000        0x0 MCAL/Spi Module/Spi.o
 .bss           0x00000000        0x0 MCAL/Spi Module/Spi.o
 .text.Spi_MasterReceiveByte
                0x00000000       0x24 MCAL/Spi Module/Spi.o
 .text.Spi_EnableNotification
                0x00000000       0x2a MCAL/Spi Module/Spi.o
 .text.Spi_DisableNotification
                0x00000000       0x16 MCAL/Spi Module/Spi.o
 .text.Spi_DataRegister
                0x00000000        0x4 MCAL/Spi Module/Spi.o
 .text          0x00000000        0x0 MCAL/StringManipulation.o
 .data          0x00000000        0x0 MCAL/StringManipulation.o
 .bss           0x00000000        0x0 MCAL/StringManipulation.o
 .text.power    0x00000000       0x48 MCAL/StringManipulation.o
 .text.Max_String_Num
                0x00000000       0x62 MCAL/StringManipulation.o
 .text.stringHexToNum
                0x00000000       0xe4 MCAL/StringManipulation.o
 .text.integerToString
                0x00000000       0x8e MCAL/StringManipulation.o
 .text.stringToInteger
                0x00000000       0xb0 MCAL/StringManipulation.o
 .text          0x00000000        0x0 MCAL/Uart Module/Uart.o
 .data          0x00000000        0x0 MCAL/Uart Module/Uart.o
 .bss           0x00000000        0x0 MCAL/Uart Module/Uart.o
 .text.Uart_receiveByte
                0x00000000       0x1a MCAL/Uart Module/Uart.o
 .text.Uart_receivePacket
                0x00000000       0x4c MCAL/Uart Module/Uart.o
 .text.Uart_EnableNotification_TXC
                0x00000000       0x2a MCAL/Uart Module/Uart.o
 .text.Uart_EnableNotification_UDRE
                0x00000000       0x2a MCAL/Uart Module/Uart.o
 .text.Uart_DisableNotification
                0x00000000       0x18 MCAL/Uart Module/Uart.o
 .text          0x00000000        0x0 c:/program files (x86)/atmel/studio/7.0/toolchain/avr8/avr8-gnu-toolchain/bin/../lib/gcc/avr/5.4.0/avr5\libgcc.a(_divmodhi4.o)
 .data          0x00000000        0x0 c:/program files (x86)/atmel/studio/7.0/toolchain/avr8/avr8-gnu-toolchain/bin/../lib/gcc/avr/5.4.0/avr5\libgcc.a(_divmodhi4.o)
 .bss           0x00000000        0x0 c:/program files (x86)/atmel/studio/7.0/toolchain/avr8/avr8-gnu-toolchain/bin/../lib/gcc/avr/5.4.0/avr5\libgcc.a(_divmodhi4.o)
 .text.libgcc.mul
                0x00000000        0x0 c:/program files (x86)/atmel/studio/7.0/toolchain/avr8/avr8-gnu-toolchain/bin/../lib/gcc/avr/5.4.0/avr5\libgcc.a(_divmodhi4.o)
 .text.libgcc.div
                0x00000000       0x28 c:/program files (x86)/atmel/studio/7.0/toolchain/avr8/avr8-gnu-toolchain/bin/../lib/gcc/avr/5.4.0/avr5\libgcc.a(_divmodhi4.o)
 .text.libgcc   0x00000000        0x0 c:/program files (x86)/atmel/studio/7.0/toolchain/avr8/avr8-gnu-toolchain/bin/../lib/gcc/avr/5.4.0/avr5\libgcc.a(_divmodhi4.o)
 .text.libgcc.prologue
                0x00000000        0x0 c:/program files (x86)/atmel/studio/7.0/toolchain/avr8/avr8-gnu-toolchain/bin/../lib/gcc/avr/5.4.0/avr5\libgcc.a(_divmodhi4.o)
 .text.libgcc.builtins
                0x00000000        0x0 c:/program files (x86)/atmel/studio/7.0/toolchain/avr8/avr8-gnu-toolchain/bin/../lib/gcc/avr/5.4.0/avr5\libgcc.a(_divmodhi4.o)
 .text.libgcc.fmul
                0x00000000        0x0 c:/program files (x86)/atmel/studio/7.0/toolchain/avr8/avr8-gnu-toolchain/bin/../lib/gcc/avr/5.4.0/avr5\libgcc.a(_divmodhi4.o)
 .text.libgcc.fixed
                0x00000000        0x0 c:/program files (x86)/atmel/studio/7.0/toolchain/avr8/avr8-gnu-toolchain/bin/../lib/gcc/avr/5.4.0/avr5\libgcc.a(_divmodhi4.o)
 .text          0x00000000        0x0 c:/program files (x86)/atmel/studio/7.0/toolchain/avr8/avr8-gnu-toolchain/bin/../lib/gcc/avr/5.4.0/avr5\libgcc.a(_exit.o)
 .data          0x00000000        0x0 c:/program files (x86)/atmel/studio/7.0/toolchain/avr8/avr8-gnu-toolchain/bin/../lib/gcc/avr/5.4.0/avr5\libgcc.a(_exit.o)
 .bss           0x00000000        0x0 c:/program files (x86)/atmel/studio/7.0/toolchain/avr8/avr8-gnu-toolchain/bin/../lib/gcc/avr/5.4.0/avr5\libgcc.a(_exit.o)
 .text.libgcc.mul
                0x00000000        0x0 c:/program files (x86)/atmel/studio/7.0/toolchain/avr8/avr8-gnu-toolchain/bin/../lib/gcc/avr/5.4.0/avr5\libgcc.a(_exit.o)
 .text.libgcc.div
                0x00000000        0x0 c:/program files (x86)/atmel/studio/7.0/toolchain/avr8/avr8-gnu-toolchain/bin/../lib/gcc/avr/5.4.0/avr5\libgcc.a(_exit.o)
 .text.libgcc   0x00000000        0x0 c:/program files (x86)/atmel/studio/7.0/toolchain/avr8/avr8-gnu-toolchain/bin/../lib/gcc/avr/5.4.0/avr5\libgcc.a(_exit.o)
 .text.libgcc.prologue
                0x00000000        0x0 c:/program files (x86)/atmel/studio/7.0/toolchain/avr8/avr8-gnu-toolchain/bin/../lib/gcc/avr/5.4.0/avr5\libgcc.a(_exit.o)
 .text.libgcc.builtins
                0x00000000        0x0 c:/program files (x86)/atmel/studio/7.0/toolchain/avr8/avr8-gnu-toolchain/bin/../lib/gcc/avr/5.4.0/avr5\libgcc.a(_exit.o)
 .text.libgcc.fmul
                0x00000000        0x0 c:/program files (x86)/atmel/studio/7.0/toolchain/avr8/avr8-gnu-toolchain/bin/../lib/gcc/avr/5.4.0/avr5\libgcc.a(_exit.o)
 .text.libgcc.fixed
                0x00000000        0x0 c:/program files (x86)/atmel/studio/7.0/toolchain/avr8/avr8-gnu-toolchain/bin/../lib/gcc/avr/5.4.0/avr5\libgcc.a(_exit.o)
 .text          0x00000000        0x0 c:/program files (x86)/atmel/studio/7.0/toolchain/avr8/avr8-gnu-toolchain/bin/../lib/gcc/avr/5.4.0/avr5\libgcc.a(_copy_data.o)
 .data          0x00000000        0x0 c:/program files (x86)/atmel/studio/7.0/toolchain/avr8/avr8-gnu-toolchain/bin/../lib/gcc/avr/5.4.0/avr5\libgcc.a(_copy_data.o)
 .bss           0x00000000        0x0 c:/program files (x86)/atmel/studio/7.0/toolchain/avr8/avr8-gnu-toolchain/bin/../lib/gcc/avr/5.4.0/avr5\libgcc.a(_copy_data.o)
 .text.libgcc.mul
                0x00000000        0x0 c:/program files (x86)/atmel/studio/7.0/toolchain/avr8/avr8-gnu-toolchain/bin/../lib/gcc/avr/5.4.0/avr5\libgcc.a(_copy_data.o)
 .text.libgcc.div
                0x00000000        0x0 c:/program files (x86)/atmel/studio/7.0/toolchain/avr8/avr8-gnu-toolchain/bin/../lib/gcc/avr/5.4.0/avr5\libgcc.a(_copy_data.o)
 .text.libgcc   0x00000000        0x0 c:/program files (x86)/atmel/studio/7.0/toolchain/avr8/avr8-gnu-toolchain/bin/../lib/gcc/avr/5.4.0/avr5\libgcc.a(_copy_data.o)
 .text.libgcc.prologue
                0x00000000        0x0 c:/program files (x86)/atmel/studio/7.0/toolchain/avr8/avr8-gnu-toolchain/bin/../lib/gcc/avr/5.4.0/avr5\libgcc.a(_copy_data.o)
 .text.libgcc.builtins
                0x00000000        0x0 c:/program files (x86)/atmel/studio/7.0/toolchain/avr8/avr8-gnu-toolchain/bin/../lib/gcc/avr/5.4.0/avr5\libgcc.a(_copy_data.o)
 .text.libgcc.fmul
                0x00000000        0x0 c:/program files (x86)/atmel/studio/7.0/toolchain/avr8/avr8-gnu-toolchain/bin/../lib/gcc/avr/5.4.0/avr5\libgcc.a(_copy_data.o)
 .text.libgcc.fixed
                0x00000000        0x0 c:/program files (x86)/atmel/studio/7.0/toolchain/avr8/avr8-gnu-toolchain/bin/../lib/gcc/avr/5.4.0/avr5\libgcc.a(_copy_data.o)
 .text          0x00000000        0x0 c:/program files (x86)/atmel/studio/7.0/toolchain/avr8/avr8-gnu-toolchain/bin/../lib/gcc/avr/5.4.0/avr5\libgcc.a(_clear_bss.o)
 .data          0x00000000        0x0 c:/program files (x86)/atmel/studio/7.0/toolchain/avr8/avr8-gnu-toolchain/bin/../lib/gcc/avr/5.4.0/avr5\libgcc.a(_clear_bss.o)
 .bss           0x00000000        0x0 c:/program files (x86)/atmel/studio/7.0/toolchain/avr8/avr8-gnu-toolchain/bin/../lib/gcc/avr/5.4.0/avr5\libgcc.a(_clear_bss.o)
 .text.libgcc.mul
                0x00000000        0x0 c:/program files (x86)/atmel/studio/7.0/toolchain/avr8/avr8-gnu-toolchain/bin/../lib/gcc/avr/5.4.0/avr5\libgcc.a(_clear_bss.o)
 .text.libgcc.div
                0x00000000        0x0 c:/program files (x86)/atmel/studio/7.0/toolchain/avr8/avr8-gnu-toolchain/bin/../lib/gcc/avr/5.4.0/avr5\libgcc.a(_clear_bss.o)
 .text.libgcc   0x00000000        0x0 c:/program files (x86)/atmel/studio/7.0/toolchain/avr8/avr8-gnu-toolchain/bin/../lib/gcc/avr/5.4.0/avr5\libgcc.a(_clear_bss.o)
 .text.libgcc.prologue
                0x00000000        0x0 c:/program files (x86)/atmel/studio/7.0/toolchain/avr8/avr8-gnu-toolchain/bin/../lib/gcc/avr/5.4.0/avr5\libgcc.a(_clear_bss.o)
 .text.libgcc.builtins
                0x00000000        0x0 c:/program files (x86)/atmel/studio/7.0/toolchain/avr8/avr8-gnu-toolchain/bin/../lib/gcc/avr/5.4.0/avr5\libgcc.a(_clear_bss.o)
 .text.libgcc.fmul
                0x00000000        0x0 c:/program files (x86)/atmel/studio/7.0/toolchain/avr8/avr8-gnu-toolchain/bin/../lib/gcc/avr/5.4.0/avr5\libgcc.a(_clear_bss.o)
 .text.libgcc.fixed
                0x00000000        0x0 c:/program files (x86)/atmel/studio/7.0/toolchain/avr8/avr8-gnu-toolchain/bin/../lib/gcc/avr/5.4.0/avr5\libgcc.a(_clear_bss.o)
 .text          0x00000000        0x0 c:/program files (x86)/atmel/studio/7.0/toolchain/avr8/avr8-gnu-toolchain/bin/../lib/gcc/avr/5.4.0/avr5\libgcc.a(_umulhisi3.o)
 .data          0x00000000        0x0 c:/program files (x86)/atmel/studio/7.0/toolchain/avr8/avr8-gnu-toolchain/bin/../lib/gcc/avr/5.4.0/avr5\libgcc.a(_umulhisi3.o)
 .bss           0x00000000        0x0 c:/program files (x86)/atmel/studio/7.0/toolchain/avr8/avr8-gnu-toolchain/bin/../lib/gcc/avr/5.4.0/avr5\libgcc.a(_umulhisi3.o)
 .text.libgcc.mul
                0x00000000       0x1e c:/program files (x86)/atmel/studio/7.0/toolchain/avr8/avr8-gnu-toolchain/bin/../lib/gcc/avr/5.4.0/avr5\libgcc.a(_umulhisi3.o)
 .text.libgcc.div
                0x00000000        0x0 c:/program files (x86)/atmel/studio/7.0/toolchain/avr8/avr8-gnu-toolchain/bin/../lib/gcc/avr/5.4.0/avr5\libgcc.a(_umulhisi3.o)
 .text.libgcc   0x00000000        0x0 c:/program files (x86)/atmel/studio/7.0/toolchain/avr8/avr8-gnu-toolchain/bin/../lib/gcc/avr/5.4.0/avr5\libgcc.a(_umulhisi3.o)
 .text.libgcc.prologue
                0x00000000        0x0 c:/program files (x86)/atmel/studio/7.0/toolchain/avr8/avr8-gnu-toolchain/bin/../lib/gcc/avr/5.4.0/avr5\libgcc.a(_umulhisi3.o)
 .text.libgcc.builtins
                0x00000000        0x0 c:/program files (x86)/atmel/studio/7.0/toolchain/avr8/avr8-gnu-toolchain/bin/../lib/gcc/avr/5.4.0/avr5\libgcc.a(_umulhisi3.o)
 .text.libgcc.fmul
                0x00000000        0x0 c:/program files (x86)/atmel/studio/7.0/toolchain/avr8/avr8-gnu-toolchain/bin/../lib/gcc/avr/5.4.0/avr5\libgcc.a(_umulhisi3.o)
 .text.libgcc.fixed
                0x00000000        0x0 c:/program files (x86)/atmel/studio/7.0/toolchain/avr8/avr8-gnu-toolchain/bin/../lib/gcc/avr/5.4.0/avr5\libgcc.a(_umulhisi3.o)
 .text          0x00000000        0x0 c:/program files (x86)/atmel/studio/7.0/toolchain/avr8/avr8-gnu-toolchain/bin/../lib/gcc/avr/5.4.0/avr5\libgcc.a(_muluhisi3.o)
 .data          0x00000000        0x0 c:/program files (x86)/atmel/studio/7.0/toolchain/avr8/avr8-gnu-toolchain/bin/../lib/gcc/avr/5.4.0/avr5\libgcc.a(_muluhisi3.o)
 .bss           0x00000000        0x0 c:/program files (x86)/atmel/studio/7.0/toolchain/avr8/avr8-gnu-toolchain/bin/../lib/gcc/avr/5.4.0/avr5\libgcc.a(_muluhisi3.o)
 .text.libgcc.mul
                0x00000000       0x16 c:/program files (x86)/atmel/studio/7.0/toolchain/avr8/avr8-gnu-toolchain/bin/../lib/gcc/avr/5.4.0/avr5\libgcc.a(_muluhisi3.o)
 .text.libgcc.div
                0x00000000        0x0 c:/program files (x86)/atmel/studio/7.0/toolchain/avr8/avr8-gnu-toolchain/bin/../lib/gcc/avr/5.4.0/avr5\libgcc.a(_muluhisi3.o)
 .text.libgcc   0x00000000        0x0 c:/program files (x86)/atmel/studio/7.0/toolchain/avr8/avr8-gnu-toolchain/bin/../lib/gcc/avr/5.4.0/avr5\libgcc.a(_muluhisi3.o)
 .text.libgcc.prologue
                0x00000000        0x0 c:/program files (x86)/atmel/studio/7.0/toolchain/avr8/avr8-gnu-toolchain/bin/../lib/gcc/avr/5.4.0/avr5\libgcc.a(_muluhisi3.o)
 .text.libgcc.builtins
                0x00000000        0x0 c:/program files (x86)/atmel/studio/7.0/toolchain/avr8/avr8-gnu-toolchain/bin/../lib/gcc/avr/5.4.0/avr5\libgcc.a(_muluhisi3.o)
 .text.libgcc.fmul
                0x00000000        0x0 c:/program files (x86)/atmel/studio/7.0/toolchain/avr8/avr8-gnu-toolchain/bin/../lib/gcc/avr/5.4.0/avr5\libgcc.a(_muluhisi3.o)
 .text.libgcc.fixed
                0x00000000        0x0 c:/program files (x86)/atmel/studio/7.0/toolchain/avr8/avr8-gnu-toolchain/bin/../lib/gcc/avr/5.4.0/avr5\libgcc.a(_muluhisi3.o)
 .text          0x00000000        0x0 c:/program files (x86)/atmel/studio/7.0/toolchain/avr8/avr8-gnu-toolchain/bin/../lib/gcc/avr/5.4.0/avr5\libgcc.a(_mulshisi3.o)
 .data          0x00000000        0x0 c:/program files (x86)/atmel/studio/7.0/toolchain/avr8/avr8-gnu-toolchain/bin/../lib/gcc/avr/5.4.0/avr5\libgcc.a(_mulshisi3.o)
 .bss           0x00000000        0x0 c:/program files (x86)/atmel/studio/7.0/toolchain/avr8/avr8-gnu-toolchain/bin/../lib/gcc/avr/5.4.0/avr5\libgcc.a(_mulshisi3.o)
 .text.libgcc.mul
                0x00000000       0x10 c:/program files (x86)/atmel/studio/7.0/toolchain/avr8/avr8-gnu-toolchain/bin/../lib/gcc/avr/5.4.0/avr5\libgcc.a(_mulshisi3.o)
 .text.libgcc.div
                0x00000000        0x0 c:/program files (x86)/atmel/studio/7.0/toolchain/avr8/avr8-gnu-toolchain/bin/../lib/gcc/avr/5.4.0/avr5\libgcc.a(_mulshisi3.o)
 .text.libgcc   0x00000000        0x0 c:/program files (x86)/atmel/studio/7.0/toolchain/avr8/avr8-gnu-toolchain/bin/../lib/gcc/avr/5.4.0/avr5\libgcc.a(_mulshisi3.o)
 .text.libgcc.prologue
                0x00000000        0x0 c:/program files (x86)/atmel/studio/7.0/toolchain/avr8/avr8-gnu-toolchain/bin/../lib/gcc/avr/5.4.0/avr5\libgcc.a(_mulshisi3.o)
 .text.libgcc.builtins
                0x00000000        0x0 c:/program files (x86)/atmel/studio/7.0/toolchain/avr8/avr8-gnu-toolchain/bin/../lib/gcc/avr/5.4.0/avr5\libgcc.a(_mulshisi3.o)
 .text.libgcc.fmul
                0x00000000        0x0 c:/program files (x86)/atmel/studio/7.0/toolchain/avr8/avr8-gnu-toolchain/bin/../lib/gcc/avr/5.4.0/avr5\libgcc.a(_mulshisi3.o)
 .text.libgcc.fixed
                0x00000000        0x0 c:/program files (x86)/atmel/studio/7.0/toolchain/avr8/avr8-gnu-toolchain/bin/../lib/gcc/avr/5.4.0/avr5\libgcc.a(_mulshisi3.o)
 .text          0x00000000        0x0 c:/program files (x86)/atmel/studio/7.0/toolchain/avr8/avr8-gnu-toolchain/bin/../lib/gcc/avr/5.4.0/avr5\libgcc.a(_adddi3_s8.o)
 .data          0x00000000        0x0 c:/program files (x86)/atmel/studio/7.0/toolchain/avr8/avr8-gnu-toolchain/bin/../lib/gcc/avr/5.4.0/avr5\libgcc.a(_adddi3_s8.o)
 .bss           0x00000000        0x0 c:/program files (x86)/atmel/studio/7.0/toolchain/avr8/avr8-gnu-toolchain/bin/../lib/gcc/avr/5.4.0/avr5\libgcc.a(_adddi3_s8.o)
 .text.libgcc.mul
                0x00000000        0x0 c:/program files (x86)/atmel/studio/7.0/toolchain/avr8/avr8-gnu-toolchain/bin/../lib/gcc/avr/5.4.0/avr5\libgcc.a(_adddi3_s8.o)
 .text.libgcc.div
                0x00000000        0x0 c:/program files (x86)/atmel/studio/7.0/toolchain/avr8/avr8-gnu-toolchain/bin/../lib/gcc/avr/5.4.0/avr5\libgcc.a(_adddi3_s8.o)
 .text.libgcc.prologue
                0x00000000        0x0 c:/program files (x86)/atmel/studio/7.0/toolchain/avr8/avr8-gnu-toolchain/bin/../lib/gcc/avr/5.4.0/avr5\libgcc.a(_adddi3_s8.o)
 .text.libgcc.builtins
                0x00000000        0x0 c:/program files (x86)/atmel/studio/7.0/toolchain/avr8/avr8-gnu-toolchain/bin/../lib/gcc/avr/5.4.0/avr5\libgcc.a(_adddi3_s8.o)
 .text.libgcc.fmul
                0x00000000        0x0 c:/program files (x86)/atmel/studio/7.0/toolchain/avr8/avr8-gnu-toolchain/bin/../lib/gcc/avr/5.4.0/avr5\libgcc.a(_adddi3_s8.o)
 .text.libgcc.fixed
                0x00000000        0x0 c:/program files (x86)/atmel/studio/7.0/toolchain/avr8/avr8-gnu-toolchain/bin/../lib/gcc/avr/5.4.0/avr5\libgcc.a(_adddi3_s8.o)
 .text          0x00000000        0x0 c:/program files (x86)/atmel/studio/7.0/toolchain/avr8/avr8-gnu-toolchain/bin/../lib/gcc/avr/5.4.0/avr5\libgcc.a(_cmpdi2.o)
 .data          0x00000000        0x0 c:/program files (x86)/atmel/studio/7.0/toolchain/avr8/avr8-gnu-toolchain/bin/../lib/gcc/avr/5.4.0/avr5\libgcc.a(_cmpdi2.o)
 .bss           0x00000000        0x0 c:/program files (x86)/atmel/studio/7.0/toolchain/avr8/avr8-gnu-toolchain/bin/../lib/gcc/avr/5.4.0/avr5\libgcc.a(_cmpdi2.o)
 .text.libgcc.mul
                0x00000000        0x0 c:/program files (x86)/atmel/studio/7.0/toolchain/avr8/avr8-gnu-toolchain/bin/../lib/gcc/avr/5.4.0/avr5\libgcc.a(_cmpdi2.o)
 .text.libgcc.div
                0x00000000        0x0 c:/program files (x86)/atmel/studio/7.0/toolchain/avr8/avr8-gnu-toolchain/bin/../lib/gcc/avr/5.4.0/avr5\libgcc.a(_cmpdi2.o)
 .text.libgcc.prologue
                0x00000000        0x0 c:/program files (x86)/atmel/studio/7.0/toolchain/avr8/avr8-gnu-toolchain/bin/../lib/gcc/avr/5.4.0/avr5\libgcc.a(_cmpdi2.o)
 .text.libgcc.builtins
                0x00000000        0x0 c:/program files (x86)/atmel/studio/7.0/toolchain/avr8/avr8-gnu-toolchain/bin/../lib/gcc/avr/5.4.0/avr5\libgcc.a(_cmpdi2.o)
 .text.libgcc.fmul
                0x00000000        0x0 c:/program files (x86)/atmel/studio/7.0/toolchain/avr8/avr8-gnu-toolchain/bin/../lib/gcc/avr/5.4.0/avr5\libgcc.a(_cmpdi2.o)
 .text.libgcc.fixed
                0x00000000        0x0 c:/program files (x86)/atmel/studio/7.0/toolchain/avr8/avr8-gnu-toolchain/bin/../lib/gcc/avr/5.4.0/avr5\libgcc.a(_cmpdi2.o)
 .text          0x00000000        0x0 c:/program files (x86)/atmel/studio/7.0/toolchain/avr8/avr8-gnu-toolchain/bin/../lib/gcc/avr/5.4.0/avr5\libgcc.a(_cmpdi2_s8.o)
 .data          0x00000000        0x0 c:/program files (x86)/atmel/studio/7.0/toolchain/avr8/avr8-gnu-toolchain/bin/../lib/gcc/avr/5.4.0/avr5\libgcc.a(_cmpdi2_s8.o)
 .bss           0x00000000        0x0 c:/program files (x86)/atmel/studio/7.0/toolchain/avr8/avr8-gnu-toolchain/bin/../lib/gcc/avr/5.4.0/avr5\libgcc.a(_cmpdi2_s8.o)
 .text.libgcc.mul
                0x00000000        0x0 c:/program files (x86)/atmel/studio/7.0/toolchain/avr8/avr8-gnu-toolchain/bin/../lib/gcc/avr/5.4.0/avr5\libgcc.a(_cmpdi2_s8.o)
 .text.libgcc.div
                0x00000000        0x0 c:/program files (x86)/atmel/studio/7.0/toolchain/avr8/avr8-gnu-toolchain/bin/../lib/gcc/avr/5.4.0/avr5\libgcc.a(_cmpdi2_s8.o)
 .text.libgcc.prologue
                0x00000000        0x0 c:/program files (x86)/atmel/studio/7.0/toolchain/avr8/avr8-gnu-toolchain/bin/../lib/gcc/avr/5.4.0/avr5\libgcc.a(_cmpdi2_s8.o)
 .text.libgcc.builtins
                0x00000000        0x0 c:/program files (x86)/atmel/studio/7.0/toolchain/avr8/avr8-gnu-toolchain/bin/../lib/gcc/avr/5.4.0/avr5\libgcc.a(_cmpdi2_s8.o)
 .text.libgcc.fmul
                0x00000000        0x0 c:/program files (x86)/atmel/studio/7.0/toolchain/avr8/avr8-gnu-toolchain/bin/../lib/gcc/avr/5.4.0/avr5\libgcc.a(_cmpdi2_s8.o)
 .text.libgcc.fixed
                0x00000000        0x0 c:/program files (x86)/atmel/studio/7.0/toolchain/avr8/avr8-gnu-toolchain/bin/../lib/gcc/avr/5.4.0/avr5\libgcc.a(_cmpdi2_s8.o)
 .text          0x00000000        0x0 c:/program files (x86)/atmel/studio/7.0/toolchain/avr8/avr8-gnu-toolchain/bin/../lib/gcc/avr/5.4.0/avr5\libgcc.a(_udivmodhi4.o)
 .data          0x00000000        0x0 c:/program files (x86)/atmel/studio/7.0/toolchain/avr8/avr8-gnu-toolchain/bin/../lib/gcc/avr/5.4.0/avr5\libgcc.a(_udivmodhi4.o)
 .bss           0x00000000        0x0 c:/program files (x86)/atmel/studio/7.0/toolchain/avr8/avr8-gnu-toolchain/bin/../lib/gcc/avr/5.4.0/avr5\libgcc.a(_udivmodhi4.o)
 .text.libgcc.mul
                0x00000000        0x0 c:/program files (x86)/atmel/studio/7.0/toolchain/avr8/avr8-gnu-toolchain/bin/../lib/gcc/avr/5.4.0/avr5\libgcc.a(_udivmodhi4.o)
 .text.libgcc.div
                0x00000000       0x28 c:/program files (x86)/atmel/studio/7.0/toolchain/avr8/avr8-gnu-toolchain/bin/../lib/gcc/avr/5.4.0/avr5\libgcc.a(_udivmodhi4.o)
 .text.libgcc   0x00000000        0x0 c:/program files (x86)/atmel/studio/7.0/toolchain/avr8/avr8-gnu-toolchain/bin/../lib/gcc/avr/5.4.0/avr5\libgcc.a(_udivmodhi4.o)
 .text.libgcc.prologue
                0x00000000        0x0 c:/program files (x86)/atmel/studio/7.0/toolchain/avr8/avr8-gnu-toolchain/bin/../lib/gcc/avr/5.4.0/avr5\libgcc.a(_udivmodhi4.o)
 .text.libgcc.builtins
                0x00000000        0x0 c:/program files (x86)/atmel/studio/7.0/toolchain/avr8/avr8-gnu-toolchain/bin/../lib/gcc/avr/5.4.0/avr5\libgcc.a(_udivmodhi4.o)
 .text.libgcc.fmul
                0x00000000        0x0 c:/program files (x86)/atmel/studio/7.0/toolchain/avr8/avr8-gnu-toolchain/bin/../lib/gcc/avr/5.4.0/avr5\libgcc.a(_udivmodhi4.o)
 .text.libgcc.fixed
                0x00000000        0x0 c:/program files (x86)/atmel/studio/7.0/toolchain/avr8/avr8-gnu-toolchain/bin/../lib/gcc/avr/5.4.0/avr5\libgcc.a(_udivmodhi4.o)

Memory Configuration

Name             Origin             Length             Attributes
text             0x00000000         0x00008000         xr
data             0x00800060         0x00000800         rw !x
eeprom           0x00810000         0x00000400         rw !x
fuse             0x00820000         0x00000002         rw !x
lock             0x00830000         0x00000400         rw !x
signature        0x00840000         0x00000400         rw !x
user_signatures  0x00850000         0x00000400         rw !x
*default*        0x00000000         0xffffffff

Linker script and memory map

LOAD C:/Program Files (x86)/Atmel/Studio/7.0/Packs/atmel/ATmega_DFP/1.6.364/gcc/dev/atmega32/avr5/crtatmega32.o
LOAD APPL/App.o
LOAD ECUAL/Eeprom_I2C Module/Eeprom_24.o
LOAD ECUAL/Terminal Module/Terminal.o
LOAD main.o
LOAD MCAL/Delay Module/Delay.o
LOAD MCAL/Ext Interrupt Module/Ext_INT.o
LOAD MCAL/I2C Module/I2C.o
LOAD MCAL/Spi Module/Spi.o
LOAD MCAL/StringManipulation.o
LOAD MCAL/Uart Module/Uart.o
START GROUP
LOAD c:/program files (x86)/atmel/studio/7.0/toolchain/avr8/avr8-gnu-toolchain/bin/../lib/gcc/avr/5.4.0/../../../../avr/lib/avr5\libm.a
END GROUP
START GROUP
LOAD c:/program files (x86)/atmel/studio/7.0/toolchain/avr8/avr8-gnu-toolchain/bin/../lib/gcc/avr/5.4.0/avr5\libgcc.a
LOAD c:/program files (x86)/atmel/studio/7.0/toolchain/avr8/avr8-gnu-toolchain/bin/../lib/gcc/avr/5.4.0/../../../../avr/lib/avr5\libm.a
LOAD c:/program files (x86)/atmel/studio/7.0/toolchain/avr8/avr8-gnu-toolchain/bin/../lib/gcc/avr/5.4.0/../../../../avr/lib/avr5\libc.a
LOAD C:/Program Files (x86)/Atmel/Studio/7.0/Packs/atmel/ATmega_DFP/1.6.364/gcc/dev/atmega32/avr5\libatmega32.a
END GROUP
                0x00000000                __TEXT_REGION_ORIGIN__ = DEFINED (__TEXT_REGION_ORIGIN__)?__TEXT_REGION_ORIGIN__:0x0
                [0x00800060]                __DATA_REGION_ORIGIN__ = DEFINED (__DATA_REGION_ORIGIN__)?__DATA_REGION_ORIGIN__:0x800060
                [0x00008000]                __TEXT_REGION_LENGTH__ = DEFINED (__TEXT_REGION_LENGTH__)?__TEXT_REGION_LENGTH__:0x20000
                [0x00000800]                __DATA_REGION_LENGTH__ = DEFINED (__DATA_REGION_LENGTH__)?__DATA_REGION_LENGTH__:0xffa0
                [0x00000400]                __EEPROM_REGION_LENGTH__ = DEFINED (__EEPROM_REGION_LENGTH__)?__EEPROM_REGION_LENGTH__:0x10000
                [0x00000002]                __FUSE_REGION_LENGTH__ = DEFINED (__FUSE_REGION_LENGTH__)?__FUSE_REGION_LENGTH__:0x400
                0x00000400                __LOCK_REGION_LENGTH__ = DEFINED (__LOCK_REGION_LENGTH__)?__LOCK_REGION_LENGTH__:0x400
                0x00000400                __SIGNATURE_REGION_LENGTH__ = DEFINED (__SIGNATURE_REGION_LENGTH__)?__SIGNATURE_REGION_LENGTH__:0x400
                0x00000400                __USER_SIGNATURE_REGION_LENGTH__ = DEFINED (__USER_SIGNATURE_REGION_LENGTH__)?__USER_SIGNATURE_REGION_LENGTH__:0x400

.hash
 *(.hash)

.dynsym
 *(.dynsym)

.dynstr
 *(.dynstr)

.gnu.version
 *(.gnu.version)

.gnu.version_d
 *(.gnu.version_d)

.gnu.version_r
 *(.gnu.version_r)

.rel.init
 *(.rel.init)

.rela.init
 *(.rela.init)

.rel.text
 *(.rel.text)
 *(.rel.text.*)
 *(.rel.gnu.linkonce.t*)

.rela.text
 *(.rela.text)
 *(.rela.text.*)
 *(.rela.gnu.linkonce.t*)

.rel.fini
 *(.rel.fini)

.rela.fini
 *(.rela.fini)

.rel.rodata
 *(.rel.rodata)
 *(.rel.rodata.*)
 *(.rel.gnu.linkonce.r*)

.rela.rodata
 *(.rela.rodata)
 *(.rela.rodata.*)
 *(.rela.gnu.linkonce.r*)

.rel.data
 *(.rel.data)
 *(.rel.data.*)
 *(.rel.gnu.linkonce.d*)

.rela.data
 *(.rela.data)
 *(.rela.data.*)
 *(.rela.gnu.linkonce.d*)

.rel.ctors
 *(.rel.ctors)

.rela.ctors
 *(.rela.ctors)

.rel.dtors
 *(.rel.dtors)

.rela.dtors
 *(.rela.dtors)

.rel.got
 *(.rel.got)

.rela.got
 *(.rela.got)

.rel.bss
 *(.rel.bss)

.rela.bss
 *(.rela.bss)

.rel.plt
 *(.rel.plt)

.rela.plt
 *(.rela.plt)

.text           0x00000000     0x1246
 *(.vectors)
 .vectors       0x00000000       0x54 C:/Program Files (x86)/Atmel/Studio/7.0/Packs/atmel/ATmega_DFP/1.6.364/gcc/dev/atmega32/avr5/crtatmega32.o
                0x00000000                __vector_default
                0x00000000                __vectors
 *(.vectors)
 *(.progmem.gcc*)
                0x00000054                . = ALIGN (0x2)
                0x00000054                __trampolines_start = .
 *(.trampolines)
 .trampolines   0x00000054        0x0 linker stubs
 *(.trampolines*)
                0x00000054                __trampolines_end = .
 *libprintf_flt.a:*(.progmem.data)
 *libc.a:*(.progmem.data)
 *(.progmem*)
                0x00000054                . = ALIGN (0x2)
 *(.jumptables)
 *(.jumptables*)
 *(.lowtext)
 *(.lowtext*)
                0x00000054                __ctors_start = .
 *(.ctors)
                0x00000054                __ctors_end = .
                0x00000054                __dtors_start = .
 *(.dtors)
                0x00000054                __dtors_end = .
 SORT(*)(.ctors)
 SORT(*)(.dtors)
 *(.init0)
 .init0         0x00000054        0x0 C:/Program Files (x86)/Atmel/Studio/7.0/Packs/atmel/ATmega_DFP/1.6.364/gcc/dev/atmega32/avr5/crtatmega32.o
                0x00000054                __init
 *(.init0)
 *(.init1)
 *(.init1)
 *(.init2)
 .init2         0x00000054        0xc C:/Program Files (x86)/Atmel/Studio/7.0/Packs/atmel/ATmega_DFP/1.6.364/gcc/dev/atmega32/avr5/crtatmega32.o
 *(.init2)
 *(.init3)
 *(.init3)
 *(.init4)
 .init4         0x00000060       0x16 c:/program files (x86)/atmel/studio/7.0/toolchain/avr8/avr8-gnu-toolchain/bin/../lib/gcc/avr/5.4.0/avr5\libgcc.a(_copy_data.o)
                0x00000060                __do_copy_data
 .init4         0x00000076       0x10 c:/program files (x86)/atmel/studio/7.0/toolchain/avr8/avr8-gnu-toolchain/bin/../lib/gcc/avr/5.4.0/avr5\libgcc.a(_clear_bss.o)
                0x00000076                __do_clear_bss
 *(.init4)
 *(.init5)
 *(.init5)
 *(.init6)
 *(.init6)
 *(.init7)
 *(.init7)
 *(.init8)
 *(.init8)
 *(.init9)
 .init9         0x00000086        0x8 C:/Program Files (x86)/Atmel/Studio/7.0/Packs/atmel/ATmega_DFP/1.6.364/gcc/dev/atmega32/avr5/crtatmega32.o
 *(.init9)
 *(.text)
 .text          0x0000008e        0x4 C:/Program Files (x86)/Atmel/Studio/7.0/Packs/atmel/ATmega_DFP/1.6.364/gcc/dev/atmega32/avr5/crtatmega32.o
                0x0000008e                __bad_interrupt
                0x0000008e                __vector_6
                0x0000008e                __vector_11
                0x0000008e                __vector_17
                0x0000008e                __vector_19
                0x0000008e                __vector_7
                0x0000008e                __vector_5
                0x0000008e                __vector_4
                0x0000008e                __vector_9
                0x0000008e                __vector_8
                0x0000008e                __vector_10
                0x0000008e                __vector_16
                0x0000008e                __vector_18
                0x0000008e                __vector_20
                0x00000092                . = ALIGN (0x2)
 *(.text.*)
 .text.ATM_REQ_ISR
                0x00000092       0x42 APPL/App.o
                0x00000092                ATM_REQ_ISR
 .text.App_init
                0x000000d4       0xba APPL/App.o
                0x000000d4                App_init
 .text.App_ReportTerminal
                0x0000018e       0x62 APPL/App.o
                0x0000018e                App_ReportTerminal
 .text.AppADMIN_getCardName
                0x000001f0       0x52 APPL/App.o
                0x000001f0                AppADMIN_getCardName
 .text.AppADMIN_getCardPAN
                0x00000242       0x52 APPL/App.o
                0x00000242                AppADMIN_getCardPAN
 .text.AppADMIN_getCardPIN
                0x00000294       0x5c APPL/App.o
                0x00000294                AppADMIN_getCardPIN
 .text.AppADMIN_saveCardData
                0x000002f0       0x94 APPL/App.o
                0x000002f0                AppADMIN_saveCardData
 .text.AppUSER_sendCardData
                0x00000384       0xc6 APPL/App.o
                0x00000384                AppUSER_sendCardData
 .text.App_update
                0x0000044a      0x1a6 APPL/App.o
                0x0000044a                App_update
 .text.App_start
                0x000005f0       0x1a APPL/App.o
                0x000005f0                App_start
 .text.EEPROM_getAddresses
                0x0000060a       0x1e ECUAL/Eeprom_I2C Module/Eeprom_24.o
 .text.Eeprom_24_init
                0x00000628       0x1e ECUAL/Eeprom_I2C Module/Eeprom_24.o
                0x00000628                Eeprom_24_init
 .text.Eeprom_24_writeByte
                0x00000646       0x62 ECUAL/Eeprom_I2C Module/Eeprom_24.o
                0x00000646                Eeprom_24_writeByte
 .text.Eeprom_24_readByte
                0x000006a8       0x6c ECUAL/Eeprom_I2C Module/Eeprom_24.o
                0x000006a8                Eeprom_24_readByte
 .text.Eeprom_24_writePage
                0x00000714       0x72 ECUAL/Eeprom_I2C Module/Eeprom_24.o
                0x00000714                Eeprom_24_writePage
 .text.Uart_RXC_ISR
                0x00000786       0x82 ECUAL/Terminal Module/Terminal.o
                0x00000786                Uart_RXC_ISR
 .text.Terminal_init
                0x00000808       0x2a ECUAL/Terminal Module/Terminal.o
                0x00000808                Terminal_init
 .text.Terminal_Out
                0x00000832       0x36 ECUAL/Terminal Module/Terminal.o
                0x00000832                Terminal_Out
 .text.Terminal_In
                0x00000868       0x36 ECUAL/Terminal Module/Terminal.o
                0x00000868                Terminal_In
 .text.Terminal_enablePasswordMode
                0x0000089e        0x8 ECUAL/Terminal Module/Terminal.o
                0x0000089e                Terminal_enablePasswordMode
 .text.Terminal_disablePasswordMode
                0x000008a6        0x8 ECUAL/Terminal Module/Terminal.o
                0x000008a6                Terminal_disablePasswordMode
 .text.main     0x000008ae        0x6 main.o
                0x000008ae                main
 .text.Delay_ms
                0x000008b4      0x120 MCAL/Delay Module/Delay.o
                0x000008b4                Delay_ms
 .text.Ext_INT0_init
                0x000009d4        0xe MCAL/Ext Interrupt Module/Ext_INT.o
                0x000009d4                Ext_INT0_init
 .text.INT0_setCallBack
                0x000009e2        0xa MCAL/Ext Interrupt Module/Ext_INT.o
                0x000009e2                INT0_setCallBack
 .text.__vector_1
                0x000009ec       0x4e MCAL/Ext Interrupt Module/Ext_INT.o
                0x000009ec                __vector_1
 .text.__vector_2
                0x00000a3a       0x4e MCAL/Ext Interrupt Module/Ext_INT.o
                0x00000a3a                __vector_2
 .text.__vector_3
                0x00000a88       0x4e MCAL/Ext Interrupt Module/Ext_INT.o
                0x00000a88                __vector_3
 .text.I2C_MasterInit
                0x00000ad6       0x1c MCAL/I2C Module/I2C.o
                0x00000ad6                I2C_MasterInit
 .text.I2C_MasterSendSTART
                0x00000af2       0x26 MCAL/I2C Module/I2C.o
                0x00000af2                I2C_MasterSendSTART
 .text.I2C_MasterSendSlaveAddress
                0x00000b18       0x62 MCAL/I2C Module/I2C.o
                0x00000b18                I2C_MasterSendSlaveAddress
 .text.I2C_MasterSendRepSTART
                0x00000b7a       0x26 MCAL/I2C Module/I2C.o
                0x00000b7a                I2C_MasterSendRepSTART
 .text.I2C_MasterSendSTOP
                0x00000ba0       0x1a MCAL/I2C Module/I2C.o
                0x00000ba0                I2C_MasterSendSTOP
 .text.I2C_MasterSendByte
                0x00000bba       0x2e MCAL/I2C Module/I2C.o
                0x00000bba                I2C_MasterSendByte
 .text.I2C_MasterReceiveByte_ACK
                0x00000be8       0x34 MCAL/I2C Module/I2C.o
                0x00000be8                I2C_MasterReceiveByte_ACK
 .text.I2C_MasterReceiveByte_NACK
                0x00000c1c       0x34 MCAL/I2C Module/I2C.o
                0x00000c1c                I2C_MasterReceiveByte_NACK
 .text.I2C_MasterReceiveGeneral
                0x00000c50      0x110 MCAL/I2C Module/I2C.o
                0x00000c50                I2C_MasterReceiveGeneral
 .text.I2C_MasterSendToLocation
                0x00000d60       0xa4 MCAL/I2C Module/I2C.o
                0x00000d60                I2C_MasterSendToLocation
 .text.I2C_MasterReceiveFromLocation
                0x00000e04       0x2e MCAL/I2C Module/I2C.o
                0x00000e04                I2C_MasterReceiveFromLocation
 .text.Spi_init
                0x00000e32       0x5c MCAL/Spi Module/Spi.o
                0x00000e32                Spi_init
 .text.Spi_MasterSendByte
                0x00000e8e       0x2a MCAL/Spi Module/Spi.o
                0x00000e8e                Spi_MasterSendByte
 .text.Spi_MasterSendPacket
                0x00000eb8       0x4c MCAL/Spi Module/Spi.o
                0x00000eb8                Spi_MasterSendPacket
 .text.__vector_12
                0x00000f04       0x4e MCAL/Spi Module/Spi.o
                0x00000f04                __vector_12
 .text.stringLength
                0x00000f52       0x18 MCAL/StringManipulation.o
                0x00000f52                stringLength
 .text.stringCompare
                0x00000f6a       0x5e MCAL/StringManipulation.o
                0x00000f6a                stringCompare
 .text.stringConcatenate
                0x00000fc8       0x56 MCAL/StringManipulation.o
                0x00000fc8                stringConcatenate
 .text.EmptyString
                0x0000101e       0x18 MCAL/StringManipulation.o
                0x0000101e                EmptyString
 .text.stringCopy
                0x00001036       0x22 MCAL/StringManipulation.o
                0x00001036                stringCopy
 .text.Uart_init
                0x00001058       0x2c MCAL/Uart Module/Uart.o
                0x00001058                Uart_init
 .text.Uart_sendByte
                0x00001084       0x16 MCAL/Uart Module/Uart.o
                0x00001084                Uart_sendByte
 .text.Uart_sendPacket
                0x0000109a       0x4e MCAL/Uart Module/Uart.o
                0x0000109a                Uart_sendPacket
 .text.Uart_EnableNotification_RXC
                0x000010e8       0x2a MCAL/Uart Module/Uart.o
                0x000010e8                Uart_EnableNotification_RXC
 .text.Uart_DataRegister
                0x00001112        0x4 MCAL/Uart Module/Uart.o
                0x00001112                Uart_DataRegister
 .text.__vector_15
                0x00001116       0x4e MCAL/Uart Module/Uart.o
                0x00001116                __vector_15
 .text.__vector_13
                0x00001164       0x4e MCAL/Uart Module/Uart.o
                0x00001164                __vector_13
 .text.__vector_14
                0x000011b2       0x4e MCAL/Uart Module/Uart.o
                0x000011b2                __vector_14
 .text.libgcc   0x00001200       0x18 c:/program files (x86)/atmel/studio/7.0/toolchain/avr8/avr8-gnu-toolchain/bin/../lib/gcc/avr/5.4.0/avr5\libgcc.a(_adddi3_s8.o)
                0x00001200                __adddi3_s8
 .text.libgcc   0x00001218       0x12 c:/program files (x86)/atmel/studio/7.0/toolchain/avr8/avr8-gnu-toolchain/bin/../lib/gcc/avr/5.4.0/avr5\libgcc.a(_cmpdi2.o)
                0x00001218                __cmpdi2
 .text.libgcc   0x0000122a       0x18 c:/program files (x86)/atmel/studio/7.0/toolchain/avr8/avr8-gnu-toolchain/bin/../lib/gcc/avr/5.4.0/avr5\libgcc.a(_cmpdi2_s8.o)
                0x0000122a                __cmpdi2_s8
                0x00001242                . = ALIGN (0x2)
 *(.fini9)
 .fini9         0x00001242        0x0 c:/program files (x86)/atmel/studio/7.0/toolchain/avr8/avr8-gnu-toolchain/bin/../lib/gcc/avr/5.4.0/avr5\libgcc.a(_exit.o)
                0x00001242                _exit
                0x00001242                exit
 *(.fini9)
 *(.fini8)
 *(.fini8)
 *(.fini7)
 *(.fini7)
 *(.fini6)
 *(.fini6)
 *(.fini5)
 *(.fini5)
 *(.fini4)
 *(.fini4)
 *(.fini3)
 *(.fini3)
 *(.fini2)
 *(.fini2)
 *(.fini1)
 *(.fini1)
 *(.fini0)
 .fini0         0x00001242        0x4 c:/program files (x86)/atmel/studio/7.0/toolchain/avr8/avr8-gnu-toolchain/bin/../lib/gcc/avr/5.4.0/avr5\libgcc.a(_exit.o)
 *(.fini0)
                0x00001246                _etext = .

.data           0x00800060      0x15e load address 0x00001246
                0x00800060                PROVIDE (__data_start, .)
 *(.data)
 *(.data*)
 .data.enuCurrentAppStatus
                0x00800060        0x1 APPL/App.o
 .data.genu_eepromModuleState
                0x00800061        0x1 ECUAL/Eeprom_I2C Module/Eeprom_24.o
 .data.genu_TerminalModuleState
                0x00800062        0x1 ECUAL/Terminal Module/Terminal.o
 .data.genuI2C_Status
                0x00800063        0x1 MCAL/I2C Module/I2C.o
 .data.genuSpi_Status
                0x00800064        0x1 MCAL/Spi Module/Spi.o
 *(.gnu.linkonce.d*)
 *(.rodata)
 *(.rodata*)
 .rodata.str1.1
                0x00800065      0x153 APPL/App.o
                                0x155 (size before relaxing)
 .rodata.cgau8_ADMIN_Word
                0x008001b8        0x6 APPL/App.o
                0x008001b8                cgau8_ADMIN_Word
 *(.gnu.linkonce.r*)
                0x008001be                . = ALIGN (0x2)
                0x008001be                _edata = .
                0x008001be                PROVIDE (__data_end, .)

.bss            0x008001be      0x12f
                0x008001be                PROVIDE (__bss_start, .)
 *(.bss)
 *(.bss*)
 .bss.u8_state.1858
                0x008001be        0x1 APPL/App.o
 .bss.gstr_userCardData
                0x008001bf       0x19 APPL/App.o
 .bss.cgu8_ATM_Req
                0x008001d8        0x1 APPL/App.o
                0x008001d8                cgu8_ATM_Req
 .bss.gu8_ADMIN_Request
                0x008001d9        0x1 APPL/App.o
 .bss.gu8_USER_Mode_State
                0x008001da        0x1 APPL/App.o
 .bss.gu8_CardMode
                0x008001db        0x1 APPL/App.o
 .bss.gu8_flag  0x008001dc        0x1 ECUAL/Terminal Module/Terminal.o
                0x008001dc                gu8_flag
 .bss.gu8_counter
                0x008001dd        0x1 ECUAL/Terminal Module/Terminal.o
                0x008001dd                gu8_counter
 .bss.gau8_data
                0x008001de       0xff ECUAL/Terminal Module/Terminal.o
                0x008001de                gau8_data
 .bss.gu8_visibility
                0x008002dd        0x1 ECUAL/Terminal Module/Terminal.o
 .bss.INT2_CallBackPtr
                0x008002de        0x2 MCAL/Ext Interrupt Module/Ext_INT.o
 .bss.INT1_CallBackPtr
                0x008002e0        0x2 MCAL/Ext Interrupt Module/Ext_INT.o
 .bss.INT0_CallBackPtr
                0x008002e2        0x2 MCAL/Ext Interrupt Module/Ext_INT.o
 .bss.SPI_STC_CallBackPtr
                0x008002e4        0x2 MCAL/Spi Module/Spi.o
 .bss.u8_Uart_Status
                0x008002e6        0x1 MCAL/Uart Module/Uart.o
 .bss.Uart_UDRE_CallBackPtr
                0x008002e7        0x2 MCAL/Uart Module/Uart.o
 .bss.Uart_RXC_CallBackPtr
                0x008002e9        0x2 MCAL/Uart Module/Uart.o
 .bss.Uart_TXC_CallBackPtr
                0x008002eb        0x2 MCAL/Uart Module/Uart.o
 *(COMMON)
                0x008002ed                PROVIDE (__bss_end, .)
                0x00001246                __data_load_start = LOADADDR (.data)
                0x000013a4                __data_load_end = (__data_load_start + SIZEOF (.data))

.noinit         0x008002ed        0x0
                [!provide]                PROVIDE (__noinit_start, .)
 *(.noinit*)
                [!provide]                PROVIDE (__noinit_end, .)
                0x008002ed                _end = .
                [!provide]                PROVIDE (__heap_start, .)

.eeprom         0x00810000        0x0
 *(.eeprom*)
                0x00810000                __eeprom_end = .

.fuse
 *(.fuse)
 *(.lfuse)
 *(.hfuse)
 *(.efuse)

.lock
 *(.lock*)

.signature
 *(.signature*)

.user_signatures
 *(.user_signatures*)

.stab
 *(.stab)

.stabstr
 *(.stabstr)

.stab.excl
 *(.stab.excl)

.stab.exclstr
 *(.stab.exclstr)

.stab.index
 *(.stab.index)

.stab.indexstr
 *(.stab.indexstr)

.comment        0x00000000       0x30
 *(.comment)
 .comment       0x00000000       0x30 APPL/App.o
                                 0x31 (size before relaxing)
 .comment       0x00000030       0x31 ECUAL/Eeprom_I2C Module/Eeprom_24.o
 .comment       0x00000030       0x31 ECUAL/Terminal Module/Terminal.o
 .comment       0x00000030       0x31 main.o
 .comment       0x00000030       0x31 MCAL/Delay Module/Delay.o
 .comment       0x00000030       0x31 MCAL/Ext Interrupt Module/Ext_INT.o
 .comment       0x00000030       0x31 MCAL/I2C Module/I2C.o
 .comment       0x00000030       0x31 MCAL/Spi Module/Spi.o
 .comment       0x00000030       0x31 MCAL/StringManipulation.o
 .comment       0x00000030       0x31 MCAL/Uart Module/Uart.o

.note.gnu.avr.deviceinfo
                0x00000000       0x3c
 .note.gnu.avr.deviceinfo
                0x00000000       0x3c C:/Program Files (x86)/Atmel/Studio/7.0/Packs/atmel/ATmega_DFP/1.6.364/gcc/dev/atmega32/avr5/crtatmega32.o

.note.gnu.build-id
 *(.note.gnu.build-id)

.debug
 *(.debug)

.line
 *(.line)

.debug_srcinfo
 *(.debug_srcinfo)

.debug_sfnames
 *(.debug_sfnames)

.debug_aranges  0x00000000      0x378
 *(.debug_aranges)
 .debug_aranges
                0x00000000       0x68 APPL/App.o
 .debug_aranges
                0x00000068       0x58 ECUAL/Eeprom_I2C Module/Eeprom_24.o
 .debug_aranges
                0x000000c0       0x48 ECUAL/Terminal Module/Terminal.o
 .debug_aranges
                0x00000108       0x20 main.o
 .debug_aranges
                0x00000128       0x30 MCAL/Delay Module/Delay.o
 .debug_aranges
                0x00000158       0x60 MCAL/Ext Interrupt Module/Ext_INT.o
 .debug_aranges
                0x000001b8       0x80 MCAL/I2C Module/I2C.o
 .debug_aranges
                0x00000238       0x58 MCAL/Spi Module/Spi.o
 .debug_aranges
                0x00000290       0x68 MCAL/StringManipulation.o
 .debug_aranges
                0x000002f8       0x80 MCAL/Uart Module/Uart.o

.debug_pubnames
 *(.debug_pubnames)

.debug_info     0x00000000     0x31d3
 *(.debug_info .gnu.linkonce.wi.*)
 .debug_info    0x00000000      0x4e6 C:/Program Files (x86)/Atmel/Studio/7.0/Packs/atmel/ATmega_DFP/1.6.364/gcc/dev/atmega32/avr5/crtatmega32.o
 .debug_info    0x000004e6      0xc04 APPL/App.o
 .debug_info    0x000010ea      0x836 ECUAL/Eeprom_I2C Module/Eeprom_24.o
 .debug_info    0x00001920      0x38b ECUAL/Terminal Module/Terminal.o
 .debug_info    0x00001cab       0xb4 main.o
 .debug_info    0x00001d5f      0x138 MCAL/Delay Module/Delay.o
 .debug_info    0x00001e97      0x1fd MCAL/Ext Interrupt Module/Ext_INT.o
 .debug_info    0x00002094      0x5e9 MCAL/I2C Module/I2C.o
 .debug_info    0x0000267d      0x26a MCAL/Spi Module/Spi.o
 .debug_info    0x000028e7      0x502 MCAL/StringManipulation.o
 .debug_info    0x00002de9      0x3ea MCAL/Uart Module/Uart.o

.debug_abbrev   0x00000000      0xff5
 *(.debug_abbrev)
 .debug_abbrev  0x00000000      0x4a3 C:/Program Files (x86)/Atmel/Studio/7.0/Packs/atmel/ATmega_DFP/1.6.364/gcc/dev/atmega32/avr5/crtatmega32.o
 .debug_abbrev  0x000004a3      0x19a APPL/App.o
 .debug_abbrev  0x0000063d      0x17f ECUAL/Eeprom_I2C Module/Eeprom_24.o
 .debug_abbrev  0x000007bc      0x14c ECUAL/Terminal Module/Terminal.o
 .debug_abbrev  0x00000908       0x68 main.o
 .debug_abbrev  0x00000970       0xa7 MCAL/Delay Module/Delay.o
 .debug_abbrev  0x00000a17       0x9d MCAL/Ext Interrupt Module/Ext_INT.o
 .debug_abbrev  0x00000ab4      0x137 MCAL/I2C Module/I2C.o
 .debug_abbrev  0x00000beb      0x144 MCAL/Spi Module/Spi.o
 .debug_abbrev  0x00000d2f      0x140 MCAL/StringManipulation.o
 .debug_abbrev  0x00000e6f      0x186 MCAL/Uart Module/Uart.o

.debug_line     0x00000000     0x1e9e
 *(.debug_line .debug_line.* .debug_line_end)
 .debug_line    0x00000000      0x116 C:/Program Files (x86)/Atmel/Studio/7.0/Packs/atmel/ATmega_DFP/1.6.364/gcc/dev/atmega32/avr5/crtatmega32.o
 .debug_line    0x00000116      0x644 APPL/App.o
 .debug_line    0x0000075a      0x42b ECUAL/Eeprom_I2C Module/Eeprom_24.o
 .debug_line    0x00000b85      0x296 ECUAL/Terminal Module/Terminal.o
 .debug_line    0x00000e1b       0x52 main.o
 .debug_line    0x00000e6d       0xd4 MCAL/Delay Module/Delay.o
 .debug_line    0x00000f41      0x15c MCAL/Ext Interrupt Module/Ext_INT.o
 .debug_line    0x0000109d      0x539 MCAL/I2C Module/I2C.o
 .debug_line    0x000015d6      0x258 MCAL/Spi Module/Spi.o
 .debug_line    0x0000182e      0x355 MCAL/StringManipulation.o
 .debug_line    0x00001b83      0x31b MCAL/Uart Module/Uart.o

.debug_frame    0x00000000      0xbfc
 *(.debug_frame)
 .debug_frame   0x00000000      0x144 APPL/App.o
 .debug_frame   0x00000144      0x1a4 ECUAL/Eeprom_I2C Module/Eeprom_24.o
 .debug_frame   0x000002e8       0x8c ECUAL/Terminal Module/Terminal.o
 .debug_frame   0x00000374       0x24 main.o
 .debug_frame   0x00000398       0xa4 MCAL/Delay Module/Delay.o
 .debug_frame   0x0000043c      0x17c MCAL/Ext Interrupt Module/Ext_INT.o
 .debug_frame   0x000005b8      0x1c4 MCAL/I2C Module/I2C.o
 .debug_frame   0x0000077c      0x108 MCAL/Spi Module/Spi.o
 .debug_frame   0x00000884      0x17c MCAL/StringManipulation.o
 .debug_frame   0x00000a00      0x1fc MCAL/Uart Module/Uart.o

.debug_str      0x00000000     0x14ba
 *(.debug_str)
 .debug_str     0x00000000      0x196 C:/Program Files (x86)/Atmel/Studio/7.0/Packs/atmel/ATmega_DFP/1.6.364/gcc/dev/atmega32/avr5/crtatmega32.o
 .debug_str     0x00000196      0x7a2 APPL/App.o
                                0x7d6 (size before relaxing)
 .debug_str     0x00000938      0x346 ECUAL/Eeprom_I2C Module/Eeprom_24.o
                                0x5cc (size before relaxing)
 .debug_str     0x00000c7e      0x1ce ECUAL/Terminal Module/Terminal.o
                                0x495 (size before relaxing)
 .debug_str     0x00000e4c       0x11 main.o
                                0x1a7 (size before relaxing)
 .debug_str     0x00000e5d       0x63 MCAL/Delay Module/Delay.o
                                0x1ef (size before relaxing)
 .debug_str     0x00000ec0       0xc8 MCAL/Ext Interrupt Module/Ext_INT.o
                                0x272 (size before relaxing)
 .debug_str     0x00000f88      0x168 MCAL/I2C Module/I2C.o
                                0x4d4 (size before relaxing)
 .debug_str     0x000010f0       0xfb MCAL/Spi Module/Spi.o
                                0x3a0 (size before relaxing)
 .debug_str     0x000011eb      0x121 MCAL/StringManipulation.o
                                0x336 (size before relaxing)
 .debug_str     0x0000130c      0x1ae MCAL/Uart Module/Uart.o
                                0x490 (size before relaxing)

.debug_loc      0x00000000     0x334a
 *(.debug_loc)
 .debug_loc     0x00000000      0x440 APPL/App.o
 .debug_loc     0x00000440      0xb2c ECUAL/Eeprom_I2C Module/Eeprom_24.o
 .debug_loc     0x00000f6c      0x136 ECUAL/Terminal Module/Terminal.o
 .debug_loc     0x000010a2      0x2f2 MCAL/Delay Module/Delay.o
 .debug_loc     0x00001394      0x2c4 MCAL/Ext Interrupt Module/Ext_INT.o
 .debug_loc     0x00001658      0xa2e MCAL/I2C Module/I2C.o
 .debug_loc     0x00002086      0x322 MCAL/Spi Module/Spi.o
 .debug_loc     0x000023a8      0x977 MCAL/StringManipulation.o
 .debug_loc     0x00002d1f      0x62b MCAL/Uart Module/Uart.o

.debug_macinfo
 *(.debug_macinfo)

.debug_weaknames
 *(.debug_weaknames)

.debug_funcnames
 *(.debug_funcnames)

.debug_typenames
 *(.debug_typenames)

.debug_varnames
 *(.debug_varnames)

.debug_pubtypes
 *(.debug_pubtypes)

.debug_ranges   0x00000000      0x338
 *(.debug_ranges)
 .debug_ranges  0x00000000       0x58 APPL/App.o
 .debug_ranges  0x00000058       0xa8 ECUAL/Eeprom_I2C Module/Eeprom_24.o
 .debug_ranges  0x00000100       0x38 ECUAL/Terminal Module/Terminal.o
 .debug_ranges  0x00000138       0x10 main.o
 .debug_ranges  0x00000148       0x20 MCAL/Delay Module/Delay.o
 .debug_ranges  0x00000168       0x50 MCAL/Ext Interrupt Module/Ext_INT.o
 .debug_ranges  0x000001b8       0x70 MCAL/I2C Module/I2C.o
 .debug_ranges  0x00000228       0x48 MCAL/Spi Module/Spi.o
 .debug_ranges  0x00000270       0x58 MCAL/StringManipulation.o
 .debug_ranges  0x000002c8       0x70 MCAL/Uart Module/Uart.o

.debug_macro
 *(.debug_macro)
OUTPUT(Card.elf elf32-avr)
LOAD linker stubs
